Archive member included to satisfy reference by file (symbol)

/usr/lib/gcc/arm-none-eabi/9.2.0/../../../../arm-none-eabi/lib/thumb/v7e-m+fp/hard/libc.a(lib_a-atexit.o)
                              /usr/lib/gcc/arm-none-eabi/9.2.0/../../../../arm-none-eabi/lib/thumb/v7e-m+fp/hard/crt0.o (atexit)
/usr/lib/gcc/arm-none-eabi/9.2.0/../../../../arm-none-eabi/lib/thumb/v7e-m+fp/hard/libc.a(lib_a-atof.o)
                              build/Eagle_TRT.o (atof)
/usr/lib/gcc/arm-none-eabi/9.2.0/../../../../arm-none-eabi/lib/thumb/v7e-m+fp/hard/libc.a(lib_a-exit.o)
                              /usr/lib/gcc/arm-none-eabi/9.2.0/../../../../arm-none-eabi/lib/thumb/v7e-m+fp/hard/crt0.o (exit)
/usr/lib/gcc/arm-none-eabi/9.2.0/../../../../arm-none-eabi/lib/thumb/v7e-m+fp/hard/libc.a(lib_a-fini.o)
                              /usr/lib/gcc/arm-none-eabi/9.2.0/../../../../arm-none-eabi/lib/thumb/v7e-m+fp/hard/crt0.o (__libc_fini_array)
/usr/lib/gcc/arm-none-eabi/9.2.0/../../../../arm-none-eabi/lib/thumb/v7e-m+fp/hard/libc.a(lib_a-impure.o)
                              /usr/lib/gcc/arm-none-eabi/9.2.0/../../../../arm-none-eabi/lib/thumb/v7e-m+fp/hard/libc.a(lib_a-exit.o) (_global_impure_ptr)
/usr/lib/gcc/arm-none-eabi/9.2.0/../../../../arm-none-eabi/lib/thumb/v7e-m+fp/hard/libc.a(lib_a-init.o)
                              /usr/lib/gcc/arm-none-eabi/9.2.0/../../../../arm-none-eabi/lib/thumb/v7e-m+fp/hard/crt0.o (__libc_init_array)
/usr/lib/gcc/arm-none-eabi/9.2.0/../../../../arm-none-eabi/lib/thumb/v7e-m+fp/hard/libc.a(lib_a-malloc.o)
                              build/Eagle_TRT.o (malloc)
/usr/lib/gcc/arm-none-eabi/9.2.0/../../../../arm-none-eabi/lib/thumb/v7e-m+fp/hard/libc.a(lib_a-mallocr.o)
                              /usr/lib/gcc/arm-none-eabi/9.2.0/../../../../arm-none-eabi/lib/thumb/v7e-m+fp/hard/libc.a(lib_a-malloc.o) (_malloc_r)
/usr/lib/gcc/arm-none-eabi/9.2.0/../../../../arm-none-eabi/lib/thumb/v7e-m+fp/hard/libc.a(lib_a-memcpy.o)
                              build/Eagle_TRT.o (memcpy)
/usr/lib/gcc/arm-none-eabi/9.2.0/../../../../arm-none-eabi/lib/thumb/v7e-m+fp/hard/libc.a(lib_a-memset.o)
                              /usr/lib/gcc/arm-none-eabi/9.2.0/../../../../arm-none-eabi/lib/thumb/v7e-m+fp/hard/crt0.o (memset)
/usr/lib/gcc/arm-none-eabi/9.2.0/../../../../arm-none-eabi/lib/thumb/v7e-m+fp/hard/libc.a(lib_a-mlock.o)
                              /usr/lib/gcc/arm-none-eabi/9.2.0/../../../../arm-none-eabi/lib/thumb/v7e-m+fp/hard/libc.a(lib_a-mallocr.o) (__malloc_lock)
/usr/lib/gcc/arm-none-eabi/9.2.0/../../../../arm-none-eabi/lib/thumb/v7e-m+fp/hard/libc.a(lib_a-sbrkr.o)
                              /usr/lib/gcc/arm-none-eabi/9.2.0/../../../../arm-none-eabi/lib/thumb/v7e-m+fp/hard/libc.a(lib_a-mallocr.o) (_sbrk_r)
/usr/lib/gcc/arm-none-eabi/9.2.0/../../../../arm-none-eabi/lib/thumb/v7e-m+fp/hard/libc.a(lib_a-sprintf.o)
                              build/Eagle_TRT.o (sprintf)
/usr/lib/gcc/arm-none-eabi/9.2.0/../../../../arm-none-eabi/lib/thumb/v7e-m+fp/hard/libc.a(lib_a-strcpy.o)
                              build/Eagle_TRT.o (strcpy)
/usr/lib/gcc/arm-none-eabi/9.2.0/../../../../arm-none-eabi/lib/thumb/v7e-m+fp/hard/libc.a(lib_a-strlen.o)
                              build/Eagle_TRT.o (strlen)
/usr/lib/gcc/arm-none-eabi/9.2.0/../../../../arm-none-eabi/lib/thumb/v7e-m+fp/hard/libc.a(lib_a-strtod.o)
                              /usr/lib/gcc/arm-none-eabi/9.2.0/../../../../arm-none-eabi/lib/thumb/v7e-m+fp/hard/libc.a(lib_a-atof.o) (strtod)
/usr/lib/gcc/arm-none-eabi/9.2.0/../../../../arm-none-eabi/lib/thumb/v7e-m+fp/hard/libc.a(lib_a-svfprintf.o)
                              /usr/lib/gcc/arm-none-eabi/9.2.0/../../../../arm-none-eabi/lib/thumb/v7e-m+fp/hard/libc.a(lib_a-sprintf.o) (_svfprintf_r)
/usr/lib/gcc/arm-none-eabi/9.2.0/../../../../arm-none-eabi/lib/thumb/v7e-m+fp/hard/libc.a(lib_a-__atexit.o)
                              /usr/lib/gcc/arm-none-eabi/9.2.0/../../../../arm-none-eabi/lib/thumb/v7e-m+fp/hard/libc.a(lib_a-atexit.o) (__register_exitproc)
/usr/lib/gcc/arm-none-eabi/9.2.0/../../../../arm-none-eabi/lib/thumb/v7e-m+fp/hard/libc.a(lib_a-__call_atexit.o)
                              /usr/lib/gcc/arm-none-eabi/9.2.0/../../../../arm-none-eabi/lib/thumb/v7e-m+fp/hard/libc.a(lib_a-exit.o) (__call_exitprocs)
/usr/lib/gcc/arm-none-eabi/9.2.0/../../../../arm-none-eabi/lib/thumb/v7e-m+fp/hard/libc.a(lib_a-dtoa.o)
                              /usr/lib/gcc/arm-none-eabi/9.2.0/../../../../arm-none-eabi/lib/thumb/v7e-m+fp/hard/libc.a(lib_a-svfprintf.o) (_dtoa_r)
/usr/lib/gcc/arm-none-eabi/9.2.0/../../../../arm-none-eabi/lib/thumb/v7e-m+fp/hard/libc.a(lib_a-freer.o)
                              /usr/lib/gcc/arm-none-eabi/9.2.0/../../../../arm-none-eabi/lib/thumb/v7e-m+fp/hard/libc.a(lib_a-malloc.o) (_free_r)
/usr/lib/gcc/arm-none-eabi/9.2.0/../../../../arm-none-eabi/lib/thumb/v7e-m+fp/hard/libc.a(lib_a-gdtoa-gethex.o)
[...]
Memory Configuration

Name             Origin             Length             Attributes
RAM              0x0000000020000000 0x0000000000020000 xrw
FLASH            0x0000000008000000 0x0000000000080000 xr
*default*        0x0000000000000000 0xffffffffffffffff

Linker script and memory map

LOAD /usr/lib/gcc/arm-none-eabi/9.2.0/thumb/v7e-m+fp/hard/crti.o
LOAD /usr/lib/gcc/arm-none-eabi/9.2.0/thumb/v7e-m+fp/hard/crtbegin.o
LOAD /usr/lib/gcc/arm-none-eabi/9.2.0/../../../../arm-none-eabi/lib/thumb/v7e-m+fp/hard/crt0.o
LOAD build/stm32f4xx_hal.o
LOAD build/stm32f4xx_hal_adc.o
LOAD build/stm32f4xx_hal_adc_ex.o
LOAD build/stm32f4xx_hal_can.o
LOAD build/stm32f4xx_hal_cortex.o
LOAD build/stm32f4xx_hal_dma.o
LOAD build/stm32f4xx_hal_dma_ex.o
LOAD build/stm32f4xx_hal_exti.o
LOAD build/stm32f4xx_hal_flash.o
LOAD build/stm32f4xx_hal_flash_ex.o
LOAD build/stm32f4xx_hal_flash_ramfunc.o
LOAD build/stm32f4xx_hal_gpio.o
LOAD build/stm32f4xx_hal_pwr.o
LOAD build/stm32f4xx_hal_pwr_ex.o
LOAD build/stm32f4xx_hal_rcc.o
LOAD build/stm32f4xx_hal_rcc_ex.o
LOAD build/stm32f4xx_hal_spi.o
LOAD build/stm32f4xx_hal_tim.o
LOAD build/stm32f4xx_hal_tim_ex.o
LOAD build/stm32f4xx_hal_uart.o
LOAD build/Eagle_TRT.o
LOAD build/main.o
LOAD build/stm32f4xx_hal_msp.o
LOAD build/stm32f4xx_it.o
LOAD build/system_stm32f4xx.o
LOAD build/startup_stm32f446xx.o
LOAD /usr/lib/gcc/arm-none-eabi/9.2.0/../../../../arm-none-eabi/lib/thumb/v7e-m+fp/hard/libc.a
LOAD /usr/lib/gcc/arm-none-eabi/9.2.0/../../../../arm-none-eabi/lib/thumb/v7e-m+fp/hard/libm.a
LOAD /usr/lib/gcc/arm-none-eabi/9.2.0/../../../../arm-none-eabi/lib/thumb/v7e-m+fp/hard/libnosys.a
START GROUP
LOAD /usr/lib/gcc/arm-none-eabi/9.2.0/thumb/v7e-m+fp/hard/libgcc.a
LOAD /usr/lib/gcc/arm-none-eabi/9.2.0/../../../../arm-none-eabi/lib/thumb/v7e-m+fp/hard/libc.a
END GROUP
START GROUP
LOAD /usr/lib/gcc/arm-none-eabi/9.2.0/thumb/v7e-m+fp/hard/libgcc.a
LOAD /usr/lib/gcc/arm-none-eabi/9.2.0/../../../../arm-none-eabi/lib/thumb/v7e-m+fp/hard/libc.a
LOAD /usr/lib/gcc/arm-none-eabi/9.2.0/../../../../arm-none-eabi/lib/thumb/v7e-m+fp/hard/libnosys.a
END GROUP
LOAD /usr/lib/gcc/arm-none-eabi/9.2.0/thumb/v7e-m+fp/hard/crtend.o
LOAD /usr/lib/gcc/arm-none-eabi/9.2.0/thumb/v7e-m+fp/hard/crtn.o
                0x0000000020020000                _estack = 0x20020000
                0x0000000000000200                _Min_Heap_Size = 0x200
                0x0000000000000400                _Min_Stack_Size = 0x400

.isr_vector     0x0000000008000000      0x1c4
                0x0000000008000000                . = ALIGN (0x4)
 *(.isr_vector)
 .isr_vector    0x0000000008000000      0x1c4 build/startup_stm32f446xx.o
                0x0000000008000000                g_pfnVectors
                0x00000000080001c4                . = ALIGN (0x4)

.text           0x0000000008000200     0xce9c
                0x0000000008000200                . = ALIGN (0x4)
 *(.text)
 .text          0x0000000008000200      0x134 /usr/lib/gcc/arm-none-eabi/9.2.0/../../../../arm-none-eabi/lib/thumb/v7e-m+fp/hard/libc.a(lib_a-memcpy.o)
                0x0000000008000200                memcpy
 *fill*         0x0000000008000334        0xc 
 .text          0x0000000008000340       0xdc /usr/lib/gcc/arm-none-eabi/9.2.0/../../../../arm-none-eabi/lib/thumb/v7e-m+fp/hard/libc.a(lib_a-strlen.o)
                0x0000000008000340                strlen
 *fill*         0x000000000800041c        0x4 
 .text          0x0000000008000420       0xa0 /usr/lib/gcc/arm-none-eabi/9.2.0/../../../../arm-none-eabi/lib/thumb/v7e-m+fp/hard/libc.a(lib_a-memchr.o)
                0x0000000008000420                memchr
 .text          0x00000000080004c0      0x378 /usr/lib/gcc/arm-none-eabi/9.2.0/thumb/v7e-m+fp/hard/libgcc.a(_arm_addsubdf3.o)
                0x00000000080004c0                __aeabi_drsub
                0x00000000080004c8                __aeabi_dsub
                0x00000000080004c8                __subdf3
                0x00000000080004cc                __adddf3
                0x00000000080004cc                __aeabi_dadd
                0x0000000008000744                __aeabi_ui2d
                0x0000000008000744                __floatunsidf
                0x0000000008000764                __floatsidf
                0x0000000008000764                __aeabi_i2d
                0x0000000008000788                __extendsfdf2
                0x0000000008000788                __aeabi_f2d
                0x00000000080007cc                __aeabi_ul2d
                0x00000000080007cc                __floatundidf
                0x00000000080007dc                __floatdidf
                0x00000000080007dc                __aeabi_l2d
 .text          0x0000000008000838      0x424 /usr/lib/gcc/arm-none-eabi/9.2.0/thumb/v7e-m+fp/hard/libgcc.a(_arm_muldivdf3.o)
                0x0000000008000838                __aeabi_dmul
                0x0000000008000838                __muldf3
                0x0000000008000a8c                __aeabi_ddiv
                0x0000000008000a8c                __divdf3
 .text          0x0000000008000c5c      0x110 /usr/lib/gcc/arm-none-eabi/9.2.0/thumb/v7e-m+fp/hard/libgcc.a(_arm_cmpdf2.o)
                0x0000000008000c5c                __gtdf2
                0x0000000008000c5c                __gedf2
                0x0000000008000c64                __ltdf2
                0x0000000008000c64                __ledf2
                0x0000000008000c6c                __cmpdf2
                0x0000000008000c6c                __eqdf2
                0x0000000008000c6c                __nedf2
                0x0000000008000ce8                __aeabi_cdrcmple
                0x0000000008000cf8                __aeabi_cdcmple
                0x0000000008000cf8                __aeabi_cdcmpeq
                0x0000000008000d08                __aeabi_dcmpeq
                0x0000000008000d1c                __aeabi_dcmplt
                0x0000000008000d30                __aeabi_dcmple
                0x0000000008000d44                __aeabi_dcmpge
                0x0000000008000d58                __aeabi_dcmpgt
 .text          0x0000000008000d6c       0x2c /usr/lib/gcc/arm-none-eabi/9.2.0/thumb/v7e-m+fp/hard/libgcc.a(_arm_unorddf2.o)
                0x0000000008000d6c                __aeabi_dcmpun
                0x0000000008000d6c                __unorddf2
 .text          0x0000000008000d98       0x50 /usr/lib/gcc/arm-none-eabi/9.2.0/thumb/v7e-m+fp/hard/libgcc.a(_arm_fixdfsi.o)
                0x0000000008000d98                __fixdfsi
                0x0000000008000d98                __aeabi_d2iz
 .text          0x0000000008000de8       0x40 /usr/lib/gcc/arm-none-eabi/9.2.0/thumb/v7e-m+fp/hard/libgcc.a(_arm_fixunsdfsi.o)
                0x0000000008000de8                __fixunsdfsi
                0x0000000008000de8                __aeabi_d2uiz
 .text          0x0000000008000e28       0xa0 /usr/lib/gcc/arm-none-eabi/9.2.0/thumb/v7e-m+fp/hard/libgcc.a(_arm_truncdfsf2.o)
                0x0000000008000e28                __aeabi_d2f
                0x0000000008000e28                __truncdfsf2
 .text          0x0000000008000ec8       0x30 /usr/lib/gcc/arm-none-eabi/9.2.0/thumb/v7e-m+fp/hard/libgcc.a(_aeabi_uldivmod.o)
                0x0000000008000ec8                __aeabi_uldivmod
 .text          0x0000000008000ef8        0x4 /usr/lib/gcc/arm-none-eabi/9.2.0/thumb/v7e-m+fp/hard/libgcc.a(_dvmd_tls.o)
                0x0000000008000ef8                __aeabi_ldiv0
                0x0000000008000ef8                __aeabi_idiv0
 *(.text*)
 .text.__do_global_dtors_aux
                0x0000000008000efc       0x24 /usr/lib/gcc/arm-none-eabi/9.2.0/thumb/v7e-m+fp/hard/crtbegin.o
 .text.frame_dummy
                0x0000000008000f20       0x1c /usr/lib/gcc/arm-none-eabi/9.2.0/thumb/v7e-m+fp/hard/crtbegin.o
 .text.HAL_InitTick
                0x0000000008000f3c       0x4c build/stm32f4xx_hal.o
                0x0000000008000f3c                HAL_InitTick
 .text.HAL_Init
                0x0000000008000f88       0x34 build/stm32f4xx_hal.o
                0x0000000008000f88                HAL_Init
 .text.HAL_IncTick
                0x0000000008000fbc       0x18 build/stm32f4xx_hal.o
                0x0000000008000fbc                HAL_IncTick
 .text.HAL_GetTick
                0x0000000008000fd4        0xc build/stm32f4xx_hal.o
                0x0000000008000fd4                HAL_GetTick
 .text.HAL_Delay
                0x0000000008000fe0       0x28 build/stm32f4xx_hal.o
                0x0000000008000fe0                HAL_Delay
 .text.ADC_Init
                0x0000000008001008      0x134 build/stm32f4xx_hal_adc.o
 .text.HAL_ADC_Init
                0x000000000800113c       0x56 build/stm32f4xx_hal_adc.o
                0x000000000800113c                HAL_ADC_Init
 *fill*         0x0000000008001192        0x2 
 .text.HAL_ADC_Start_DMA
                0x0000000008001194      0x180 build/stm32f4xx_hal_adc.o
                0x0000000008001194                HAL_ADC_Start_DMA
 .text.HAL_ADC_ConvHalfCpltCallback
                0x0000000008001314        0x2 build/stm32f4xx_hal_adc.o
                0x0000000008001314                HAL_ADC_ConvHalfCpltCallback
 .text.ADC_DMAHalfConvCplt
                0x0000000008001316        0xa build/stm32f4xx_hal_adc.o
 .text.HAL_ADC_LevelOutOfWindowCallback
                0x0000000008001320        0x2 build/stm32f4xx_hal_adc.o
                0x0000000008001320                HAL_ADC_LevelOutOfWindowCallback
 .text.HAL_ADC_ErrorCallback
                0x0000000008001322        0x2 build/stm32f4xx_hal_adc.o
                0x0000000008001322                HAL_ADC_ErrorCallback
 .text.HAL_ADC_IRQHandler
                0x0000000008001324      0x14e build/stm32f4xx_hal_adc.o
                0x0000000008001324                HAL_ADC_IRQHandler
 .text.ADC_DMAError
                0x0000000008001472       0x16 build/stm32f4xx_hal_adc.o
 .text.ADC_DMAConvCplt
                0x0000000008001488       0x72 build/stm32f4xx_hal_adc.o
 *fill*         0x00000000080014fa        0x2 
 .text.HAL_ADC_ConfigChannel
                0x00000000080014fc      0x1a4 build/stm32f4xx_hal_adc.o
                0x00000000080014fc                HAL_ADC_ConfigChannel
 .text.HAL_ADCEx_InjectedConvCpltCallback
                0x00000000080016a0        0x2 build/stm32f4xx_hal_adc_ex.o
                0x00000000080016a0                HAL_ADCEx_InjectedConvCpltCallback
 .text.HAL_CAN_Init
                0x00000000080016a2      0x14c build/stm32f4xx_hal_can.o
                0x00000000080016a2                HAL_CAN_Init
 *fill*         0x00000000080017ee        0x2 
 .text.HAL_CAN_ConfigFilter
                0x00000000080017f0      0x12c build/stm32f4xx_hal_can.o
                0x00000000080017f0                HAL_CAN_ConfigFilter
 .text.HAL_CAN_Start
                0x000000000800191c       0x5c build/stm32f4xx_hal_can.o
                0x000000000800191c                HAL_CAN_Start
 .text.HAL_CAN_AddTxMessage
                0x0000000008001978       0xea build/stm32f4xx_hal_can.o
                0x0000000008001978                HAL_CAN_AddTxMessage
 .text.HAL_CAN_GetTxMailboxesFreeLevel
                0x0000000008001a62       0x36 build/stm32f4xx_hal_can.o
                0x0000000008001a62                HAL_CAN_GetTxMailboxesFreeLevel
 .text.HAL_CAN_IsTxMessagePending
                0x0000000008001a98       0x24 build/stm32f4xx_hal_can.o
                0x0000000008001a98                HAL_CAN_IsTxMessagePending
 .text.HAL_CAN_GetRxMessage
                0x0000000008001abc      0x134 build/stm32f4xx_hal_can.o
                0x0000000008001abc                HAL_CAN_GetRxMessage
 .text.HAL_CAN_GetRxFifoFillLevel
                0x0000000008001bf0       0x26 build/stm32f4xx_hal_can.o
                0x0000000008001bf0                HAL_CAN_GetRxFifoFillLevel
 .text.HAL_CAN_ActivateNotification
                0x0000000008001c16       0x24 build/stm32f4xx_hal_can.o
                0x0000000008001c16                HAL_CAN_ActivateNotification
 .text.HAL_CAN_TxMailbox0CompleteCallback
                0x0000000008001c3a        0x2 build/stm32f4xx_hal_can.o
                0x0000000008001c3a                HAL_CAN_TxMailbox0CompleteCallback
 .text.HAL_CAN_TxMailbox1CompleteCallback
                0x0000000008001c3c        0x2 build/stm32f4xx_hal_can.o
                0x0000000008001c3c                HAL_CAN_TxMailbox1CompleteCallback
 .text.HAL_CAN_TxMailbox2CompleteCallback
                0x0000000008001c3e        0x2 build/stm32f4xx_hal_can.o
                0x0000000008001c3e                HAL_CAN_TxMailbox2CompleteCallback
 .text.HAL_CAN_TxMailbox0AbortCallback
                0x0000000008001c40        0x2 build/stm32f4xx_hal_can.o
                0x0000000008001c40                HAL_CAN_TxMailbox0AbortCallback
 .text.HAL_CAN_TxMailbox1AbortCallback
                0x0000000008001c42        0x2 build/stm32f4xx_hal_can.o
                0x0000000008001c42                HAL_CAN_TxMailbox1AbortCallback
 .text.HAL_CAN_TxMailbox2AbortCallback
                0x0000000008001c44        0x2 build/stm32f4xx_hal_can.o
                0x0000000008001c44                HAL_CAN_TxMailbox2AbortCallback
 .text.HAL_CAN_RxFifo0MsgPendingCallback
                0x0000000008001c46        0x2 build/stm32f4xx_hal_can.o
                0x0000000008001c46                HAL_CAN_RxFifo0MsgPendingCallback
 .text.HAL_CAN_RxFifo1MsgPendingCallback
                0x0000000008001c48        0x2 build/stm32f4xx_hal_can.o
                0x0000000008001c48                HAL_CAN_RxFifo1MsgPendingCallback
 .text.HAL_CAN_RxFifo1FullCallback
                0x0000000008001c4a        0x2 build/stm32f4xx_hal_can.o
                0x0000000008001c4a                HAL_CAN_RxFifo1FullCallback
 .text.HAL_CAN_SleepCallback
                0x0000000008001c4c        0x2 build/stm32f4xx_hal_can.o
                0x0000000008001c4c                HAL_CAN_SleepCallback
 .text.HAL_CAN_WakeUpFromRxMsgCallback
                0x0000000008001c4e        0x2 build/stm32f4xx_hal_can.o
                0x0000000008001c4e                HAL_CAN_WakeUpFromRxMsgCallback
 .text.HAL_CAN_ErrorCallback
                0x0000000008001c50        0x2 build/stm32f4xx_hal_can.o
                0x0000000008001c50                HAL_CAN_ErrorCallback
 .text.HAL_CAN_IRQHandler
                0x0000000008001c52      0x258 build/stm32f4xx_hal_can.o
                0x0000000008001c52                HAL_CAN_IRQHandler
 *fill*         0x0000000008001eaa        0x2 
 .text.HAL_NVIC_SetPriorityGrouping
                0x0000000008001eac       0x24 build/stm32f4xx_hal_cortex.o
                0x0000000008001eac                HAL_NVIC_SetPriorityGrouping
 .text.HAL_NVIC_SetPriority
                0x0000000008001ed0       0x64 build/stm32f4xx_hal_cortex.o
                0x0000000008001ed0                HAL_NVIC_SetPriority
 .text.HAL_NVIC_EnableIRQ
                0x0000000008001f34       0x1c build/stm32f4xx_hal_cortex.o
                0x0000000008001f34                HAL_NVIC_EnableIRQ
 .text.HAL_SYSTICK_Config
                0x0000000008001f50       0x2c build/stm32f4xx_hal_cortex.o
                0x0000000008001f50                HAL_SYSTICK_Config
 .text.DMA_SetConfig
                0x0000000008001f7c       0x2c build/stm32f4xx_hal_dma.o
 .text.DMA_CalcBaseAndBitshift
                0x0000000008001fa8       0x3c build/stm32f4xx_hal_dma.o
 .text.DMA_CheckFifoParam
                0x0000000008001fe4       0x8e build/stm32f4xx_hal_dma.o
 *fill*         0x0000000008002072        0x2 
 .text.HAL_DMA_Init
                0x0000000008002074       0xd0 build/stm32f4xx_hal_dma.o
                0x0000000008002074                HAL_DMA_Init
 .text.HAL_DMA_Start_IT
                0x0000000008002144       0x74 build/stm32f4xx_hal_dma.o
                0x0000000008002144                HAL_DMA_Start_IT
 .text.HAL_DMA_Abort_IT
                0x00000000080021b8       0x26 build/stm32f4xx_hal_dma.o
                0x00000000080021b8                HAL_DMA_Abort_IT
 *fill*         0x00000000080021de        0x2 
 .text.HAL_DMA_IRQHandler
                0x00000000080021e0      0x1dc build/stm32f4xx_hal_dma.o
                0x00000000080021e0                HAL_DMA_IRQHandler
 .text.HAL_GPIO_Init
                0x00000000080023bc      0x1c4 build/stm32f4xx_hal_gpio.o
                0x00000000080023bc                HAL_GPIO_Init
 .text.HAL_GPIO_ReadPin
                0x0000000008002580        0xe build/stm32f4xx_hal_gpio.o
                0x0000000008002580                HAL_GPIO_ReadPin
 .text.HAL_GPIO_WritePin
                0x000000000800258e        0xc build/stm32f4xx_hal_gpio.o
                0x000000000800258e                HAL_GPIO_WritePin
 *fill*         0x000000000800259a        0x2 
 .text.HAL_RCC_ClockConfig
                0x000000000800259c      0x158 build/stm32f4xx_hal_rcc.o
                0x000000000800259c                HAL_RCC_ClockConfig
 .text.HAL_RCC_GetHCLKFreq
                0x00000000080026f4        0xc build/stm32f4xx_hal_rcc.o
                0x00000000080026f4                HAL_RCC_GetHCLKFreq
 .text.HAL_RCC_GetPCLK1Freq
                0x0000000008002700       0x20 build/stm32f4xx_hal_rcc.o
                0x0000000008002700                HAL_RCC_GetPCLK1Freq
 .text.HAL_RCC_GetPCLK2Freq
                0x0000000008002720       0x20 build/stm32f4xx_hal_rcc.o
                0x0000000008002720                HAL_RCC_GetPCLK2Freq
 .text.HAL_RCC_GetSysClockFreq
                0x0000000008002740      0x180 build/stm32f4xx_hal_rcc_ex.o
                0x0000000008002740                HAL_RCC_GetSysClockFreq
 .text.HAL_RCC_OscConfig
                0x00000000080028c0      0x3c4 build/stm32f4xx_hal_rcc_ex.o
                0x00000000080028c0                HAL_RCC_OscConfig
 .text.SPI_WaitFlagStateUntilTimeout
                0x0000000008002c84       0x90 build/stm32f4xx_hal_spi.o
 .text.SPI_EndRxTxTransaction
                0x0000000008002d14       0x68 build/stm32f4xx_hal_spi.o
 .text.SPI_EndRxTransaction
                0x0000000008002d7c       0x9a build/stm32f4xx_hal_spi.o
 .text.HAL_SPI_Init
                0x0000000008002e16       0x80 build/stm32f4xx_hal_spi.o
                0x0000000008002e16                HAL_SPI_Init
 .text.HAL_SPI_Transmit
                0x0000000008002e96      0x1a0 build/stm32f4xx_hal_spi.o
                0x0000000008002e96                HAL_SPI_Transmit
 .text.HAL_SPI_TransmitReceive
                0x0000000008003036      0x238 build/stm32f4xx_hal_spi.o
                0x0000000008003036                HAL_SPI_TransmitReceive
 .text.HAL_SPI_Receive
                0x000000000800326e      0x164 build/stm32f4xx_hal_spi.o
                0x000000000800326e                HAL_SPI_Receive
 .text.TIM_TI1_ConfigInputStage
                0x00000000080033d2       0x26 build/stm32f4xx_hal_tim.o
 .text.TIM_TI2_ConfigInputStage
                0x00000000080033f8       0x28 build/stm32f4xx_hal_tim.o
 .text.TIM_ITRx_SetConfig
                0x0000000008003420       0x10 build/stm32f4xx_hal_tim.o
 .text.HAL_TIM_Base_Start
                0x0000000008003430       0x24 build/stm32f4xx_hal_tim.o
                0x0000000008003430                HAL_TIM_Base_Start
 .text.HAL_TIM_Base_Stop
                0x0000000008003454       0x2e build/stm32f4xx_hal_tim.o
                0x0000000008003454                HAL_TIM_Base_Stop
 .text.HAL_TIM_Base_Start_IT
                0x0000000008003482       0x22 build/stm32f4xx_hal_tim.o
                0x0000000008003482                HAL_TIM_Base_Start_IT
 .text.HAL_TIM_Base_Stop_IT
                0x00000000080034a4       0x2c build/stm32f4xx_hal_tim.o
                0x00000000080034a4                HAL_TIM_Base_Stop_IT
 .text.HAL_TIM_OC_DelayElapsedCallback
                0x00000000080034d0        0x2 build/stm32f4xx_hal_tim.o
                0x00000000080034d0                HAL_TIM_OC_DelayElapsedCallback
 .text.HAL_TIM_IC_CaptureCallback
                0x00000000080034d2        0x2 build/stm32f4xx_hal_tim.o
                0x00000000080034d2                HAL_TIM_IC_CaptureCallback
 .text.HAL_TIM_PWM_PulseFinishedCallback
                0x00000000080034d4        0x2 build/stm32f4xx_hal_tim.o
                0x00000000080034d4                HAL_TIM_PWM_PulseFinishedCallback
 .text.HAL_TIM_TriggerCallback
                0x00000000080034d6        0x2 build/stm32f4xx_hal_tim.o
                0x00000000080034d6                HAL_TIM_TriggerCallback
 .text.HAL_TIM_IRQHandler
                0x00000000080034d8      0x17a build/stm32f4xx_hal_tim.o
                0x00000000080034d8                HAL_TIM_IRQHandler
 *fill*         0x0000000008003652        0x2 
 .text.TIM_Base_SetConfig
                0x0000000008003654       0xcc build/stm32f4xx_hal_tim.o
                0x0000000008003654                TIM_Base_SetConfig
 .text.HAL_TIM_Base_Init
                0x0000000008003720       0x32 build/stm32f4xx_hal_tim.o
                0x0000000008003720                HAL_TIM_Base_Init
 .text.TIM_ETR_SetConfig
                0x0000000008003752       0x18 build/stm32f4xx_hal_tim.o
                0x0000000008003752                TIM_ETR_SetConfig
 .text.HAL_TIM_ConfigClockSource
                0x000000000800376a       0xda build/stm32f4xx_hal_tim.o
                0x000000000800376a                HAL_TIM_ConfigClockSource
 .text.TIM_SlaveTimer_SetConfig
                0x0000000008003844       0x8a build/stm32f4xx_hal_tim.o
 .text.HAL_TIM_SlaveConfigSynchro
                0x00000000080038ce       0x58 build/stm32f4xx_hal_tim.o
                0x00000000080038ce                HAL_TIM_SlaveConfigSynchro
 .text.HAL_TIMEx_MasterConfigSynchronization
                0x0000000008003926       0x46 build/stm32f4xx_hal_tim_ex.o
                0x0000000008003926                HAL_TIMEx_MasterConfigSynchronization
 .text.HAL_TIMEx_CommutCallback
                0x000000000800396c        0x2 build/stm32f4xx_hal_tim_ex.o
                0x000000000800396c                HAL_TIMEx_CommutCallback
 .text.HAL_TIMEx_BreakCallback
                0x000000000800396e        0x2 build/stm32f4xx_hal_tim_ex.o
                0x000000000800396e                HAL_TIMEx_BreakCallback
 .text.UART_EndRxTransfer
                0x0000000008003970       0x1c build/stm32f4xx_hal_uart.o
 .text.UART_Transmit_IT
                0x000000000800398c       0x6a build/stm32f4xx_hal_uart.o
 *fill*         0x00000000080039f6        0x2 
 .text.UART_SetConfig
                0x00000000080039f8      0x344 build/stm32f4xx_hal_uart.o
 .text.UART_WaitOnFlagUntilTimeout
                0x0000000008003d3c       0x64 build/stm32f4xx_hal_uart.o
 .text.HAL_UART_Init
                0x0000000008003da0       0x5e build/stm32f4xx_hal_uart.o
                0x0000000008003da0                HAL_UART_Init
 .text.HAL_UART_Transmit
                0x0000000008003dfe       0xe2 build/stm32f4xx_hal_uart.o
                0x0000000008003dfe                HAL_UART_Transmit
 .text.HAL_UART_Transmit_IT
                0x0000000008003ee0       0x48 build/stm32f4xx_hal_uart.o
                0x0000000008003ee0                HAL_UART_Transmit_IT
 .text.HAL_UART_Receive_IT
                0x0000000008003f28       0x5c build/stm32f4xx_hal_uart.o
                0x0000000008003f28                HAL_UART_Receive_IT
 .text.UART_EndTransmit_IT
                0x0000000008003f84       0x1a build/stm32f4xx_hal_uart.o
 .text.UART_Receive_IT
                0x0000000008003f9e       0x9e build/stm32f4xx_hal_uart.o
 .text.HAL_UART_ErrorCallback
                0x000000000800403c        0x2 build/stm32f4xx_hal_uart.o
                0x000000000800403c                HAL_UART_ErrorCallback
 *fill*         0x000000000800403e        0x2 
 .text.HAL_UART_IRQHandler
                0x0000000008004040      0x120 build/stm32f4xx_hal_uart.o
                0x0000000008004040                HAL_UART_IRQHandler
 .text.UART_DMAAbortOnError
                0x0000000008004160       0x10 build/stm32f4xx_hal_uart.o
 .text.emptyp   0x0000000008004170        0xe build/Eagle_TRT.o
 *fill*         0x000000000800417e        0x2 
 .text.checksum
                0x0000000008004180       0x84 build/Eagle_TRT.o
 .text.send_config
                0x0000000008004204       0x5c build/Eagle_TRT.o
                0x0000000008004204                send_config
 .text.LSMD9S0_accel_gyro_init
                0x0000000008004260      0x224 build/Eagle_TRT.o
                0x0000000008004260                LSMD9S0_accel_gyro_init
 .text.LSMD9S0_read
                0x0000000008004484       0xd4 build/Eagle_TRT.o
                0x0000000008004484                LSMD9S0_read
 .text.LSMD9S0_check
                0x0000000008004558       0xd8 build/Eagle_TRT.o
                0x0000000008004558                LSMD9S0_check
 .text.LSMD9S0_gyro_read
                0x0000000008004630      0x1a0 build/Eagle_TRT.o
                0x0000000008004630                LSMD9S0_gyro_read
 .text.LSMD9S0_accel_read
                0x00000000080047d0      0x178 build/Eagle_TRT.o
                0x00000000080047d0                LSMD9S0_accel_read
 .text.LSM9DS0_calibration
                0x0000000008004948       0x9c build/Eagle_TRT.o
                0x0000000008004948                LSM9DS0_calibration
 .text.CAN_Send
                0x00000000080049e4       0x46 build/Eagle_TRT.o
                0x00000000080049e4                CAN_Send
 .text.CAN_Receive
                0x0000000008004a2a       0x26 build/Eagle_TRT.o
                0x0000000008004a2a                CAN_Receive
 .text.pop      0x0000000008004a50       0x46 build/Eagle_TRT.o
                0x0000000008004a50                pop
 *fill*         0x0000000008004a96        0x2 
 .text.print_it
                0x0000000008004a98       0x2c build/Eagle_TRT.o
                0x0000000008004a98                print_it
 .text.gps_init
                0x0000000008004ac4      0x12c build/Eagle_TRT.o
                0x0000000008004ac4                gps_init
 .text.gps_read_it
                0x0000000008004bf0      0x2a8 build/Eagle_TRT.o
                0x0000000008004bf0                gps_read_it
 .text.ReinitTIM7
                0x0000000008004e98       0x84 build/Eagle_TRT.o
                0x0000000008004e98                ReinitTIM7
 *fill*         0x0000000008004f1c        0x4 
 .text.enc_calculate_optimal_frequency
                0x0000000008004f20      0x160 build/Eagle_TRT.o
                0x0000000008004f20                enc_calculate_optimal_frequency
 .text.calc_pot_value
                0x0000000008005080       0x3a build/Eagle_TRT.o
                0x0000000008005080                calc_pot_value
 .text.set_max  0x00000000080050ba        0x6 build/Eagle_TRT.o
                0x00000000080050ba                set_max
 .text.set_min  0x00000000080050c0        0x6 build/Eagle_TRT.o
                0x00000000080050c0                set_min
 *fill*         0x00000000080050c6        0x2 
 .text.Power    0x00000000080050c8       0x40 build/Eagle_TRT.o
                0x00000000080050c8                Power
 .text.bin_dec  0x0000000008005108       0x46 build/Eagle_TRT.o
                0x0000000008005108                bin_dec
 .text.read_SSI
                0x000000000800514e      0x17e build/Eagle_TRT.o
                0x000000000800514e                read_SSI
 .text.shift_array
                0x00000000080052cc       0x46 build/Eagle_TRT.o
                0x00000000080052cc                shift_array
 .text.dynamic_average
                0x0000000008005312       0x44 build/Eagle_TRT.o
                0x0000000008005312                dynamic_average
 *fill*         0x0000000008005356        0x2 
 .text.get_speed_encoder
                0x0000000008005358      0x2c8 build/Eagle_TRT.o
                0x0000000008005358                get_speed_encoder
 .text.encoder_tim_interrupt
                0x0000000008005620       0xa0 build/Eagle_TRT.o
                0x0000000008005620                encoder_tim_interrupt
 .text.MX_GPIO_Init
                0x00000000080056c0       0xfc build/main.o
 .text.MX_DMA_Init
                0x00000000080057bc       0x34 build/main.o
 .text.MX_NVIC_Init
                0x00000000080057f0       0xb4 build/main.o
 .text.HAL_ADC_ConvCpltCallback
                0x00000000080058a4       0x28 build/main.o
                0x00000000080058a4                HAL_ADC_ConvCpltCallback
 .text.HAL_UART_RxCpltCallback
                0x00000000080058cc       0x1c build/main.o
                0x00000000080058cc                HAL_UART_RxCpltCallback
 .text.HAL_UART_TxCpltCallback
                0x00000000080058e8       0x18 build/main.o
                0x00000000080058e8                HAL_UART_TxCpltCallback
 .text.HAL_CAN_RxFifo0FullCallback
                0x0000000008005900      0x144 build/main.o
                0x0000000008005900                HAL_CAN_RxFifo0FullCallback
 .text.HAL_TIM_PeriodElapsedCallback
                0x0000000008005a44       0x8c build/main.o
                0x0000000008005a44                HAL_TIM_PeriodElapsedCallback
 .text.send_CAN_data
                0x0000000008005ad0      0x3e8 build/main.o
                0x0000000008005ad0                send_CAN_data
 .text.Error_Handler
                0x0000000008005eb8       0x2c build/main.o
                0x0000000008005eb8                Error_Handler
 .text.MX_USART2_UART_Init
                0x0000000008005ee4       0x34 build/main.o
 .text.MX_CAN1_Init
                0x0000000008005f18       0x40 build/main.o
 .text.MX_SPI1_Init
                0x0000000008005f58       0x40 build/main.o
 .text.MX_ADC1_Init
                0x0000000008005f98       0x68 build/main.o
 .text.MX_USART1_UART_Init
                0x0000000008006000       0x34 build/main.o
 .text.MX_TIM2_Init
                0x0000000008006034       0x88 build/main.o
 .text.MX_TIM3_Init
                0x00000000080060bc       0x6c build/main.o
 .text.MX_TIM4_Init
                0x0000000008006128       0x6c build/main.o
 .text.MX_TIM5_Init
                0x0000000008006194       0x6c build/main.o
 .text.MX_TIM6_Init
                0x0000000008006200       0x4c build/main.o
 .text.MX_TIM7_Init
                0x000000000800624c       0x4c build/main.o
 .text.MX_TIM10_Init
                0x0000000008006298       0x30 build/main.o
 .text.MX_TIM11_Init
                0x00000000080062c8       0x28 build/main.o
 .text.SystemClock_Config
                0x00000000080062f0       0xa8 build/main.o
                0x00000000080062f0                SystemClock_Config
 .text.main     0x0000000008006398      0x310 build/main.o
                0x0000000008006398                main
 .text.HAL_MspInit
                0x00000000080066a8       0x38 build/stm32f4xx_hal_msp.o
                0x00000000080066a8                HAL_MspInit
 .text.HAL_ADC_MspInit
                0x00000000080066e0       0xa8 build/stm32f4xx_hal_msp.o
                0x00000000080066e0                HAL_ADC_MspInit
 .text.HAL_CAN_MspInit
                0x0000000008006788       0x94 build/stm32f4xx_hal_msp.o
                0x0000000008006788                HAL_CAN_MspInit
 .text.HAL_SPI_MspInit
                0x000000000800681c       0x70 build/stm32f4xx_hal_msp.o
                0x000000000800681c                HAL_SPI_MspInit
 .text.HAL_TIM_Base_MspInit
                0x000000000800688c      0x13c build/stm32f4xx_hal_msp.o
                0x000000000800688c                HAL_TIM_Base_MspInit
 .text.HAL_UART_MspInit
                0x00000000080069c8       0xd8 build/stm32f4xx_hal_msp.o
                0x00000000080069c8                HAL_UART_MspInit
 .text.NMI_Handler
                0x0000000008006aa0        0x2 build/stm32f4xx_it.o
                0x0000000008006aa0                NMI_Handler
 .text.HardFault_Handler
                0x0000000008006aa2        0x2 build/stm32f4xx_it.o
                0x0000000008006aa2                HardFault_Handler
 .text.MemManage_Handler
                0x0000000008006aa4        0x2 build/stm32f4xx_it.o
                0x0000000008006aa4                MemManage_Handler
 .text.BusFault_Handler
                0x0000000008006aa6        0x2 build/stm32f4xx_it.o
                0x0000000008006aa6                BusFault_Handler
 .text.UsageFault_Handler
                0x0000000008006aa8        0x2 build/stm32f4xx_it.o
                0x0000000008006aa8                UsageFault_Handler
 .text.SVC_Handler
                0x0000000008006aaa        0x2 build/stm32f4xx_it.o
                0x0000000008006aaa                SVC_Handler
 .text.DebugMon_Handler
                0x0000000008006aac        0x2 build/stm32f4xx_it.o
                0x0000000008006aac                DebugMon_Handler
 .text.PendSV_Handler
                0x0000000008006aae        0x2 build/stm32f4xx_it.o
                0x0000000008006aae                PendSV_Handler
 .text.SysTick_Handler
                0x0000000008006ab0        0x8 build/stm32f4xx_it.o
                0x0000000008006ab0                SysTick_Handler
 .text.ADC_IRQHandler
                0x0000000008006ab8       0x10 build/stm32f4xx_it.o
                0x0000000008006ab8                ADC_IRQHandler
 .text.CAN1_TX_IRQHandler
                0x0000000008006ac8       0x10 build/stm32f4xx_it.o
                0x0000000008006ac8                CAN1_TX_IRQHandler
 .text.CAN1_RX0_IRQHandler
                0x0000000008006ad8       0x10 build/stm32f4xx_it.o
                0x0000000008006ad8                CAN1_RX0_IRQHandler
 .text.CAN1_RX1_IRQHandler
                0x0000000008006ae8       0x10 build/stm32f4xx_it.o
                0x0000000008006ae8                CAN1_RX1_IRQHandler
 .text.CAN1_SCE_IRQHandler
                0x0000000008006af8       0x10 build/stm32f4xx_it.o
                0x0000000008006af8                CAN1_SCE_IRQHandler
 .text.TIM1_UP_TIM10_IRQHandler
                0x0000000008006b08       0x10 build/stm32f4xx_it.o
                0x0000000008006b08                TIM1_UP_TIM10_IRQHandler
 .text.TIM2_IRQHandler
                0x0000000008006b18       0x10 build/stm32f4xx_it.o
                0x0000000008006b18                TIM2_IRQHandler
 .text.TIM4_IRQHandler
                0x0000000008006b28       0x10 build/stm32f4xx_it.o
                0x0000000008006b28                TIM4_IRQHandler
 .text.USART1_IRQHandler
                0x0000000008006b38       0x10 build/stm32f4xx_it.o
                0x0000000008006b38                USART1_IRQHandler
 .text.USART2_IRQHandler
                0x0000000008006b48       0x10 build/stm32f4xx_it.o
                0x0000000008006b48                USART2_IRQHandler
 .text.TIM5_IRQHandler
                0x0000000008006b58       0x10 build/stm32f4xx_it.o
                0x0000000008006b58                TIM5_IRQHandler
 .text.TIM6_DAC_IRQHandler
                0x0000000008006b68       0x10 build/stm32f4xx_it.o
                0x0000000008006b68                TIM6_DAC_IRQHandler
 .text.TIM7_IRQHandler
                0x0000000008006b78       0x10 build/stm32f4xx_it.o
                0x0000000008006b78                TIM7_IRQHandler
 .text.DMA2_Stream0_IRQHandler
                0x0000000008006b88       0x10 build/stm32f4xx_it.o
                0x0000000008006b88                DMA2_Stream0_IRQHandler
 .text.SystemInit
                0x0000000008006b98       0x4c build/system_stm32f4xx.o
                0x0000000008006b98                SystemInit
 .text.Reset_Handler
                0x0000000008006be4       0x50 build/startup_stm32f446xx.o
                0x0000000008006be4                Reset_Handler
 .text.Default_Handler
                0x0000000008006c34        0x2 build/startup_stm32f446xx.o
                0x0000000008006c34                RTC_Alarm_IRQHandler
                0x0000000008006c34                EXTI2_IRQHandler
                0x0000000008006c34                TIM8_CC_IRQHandler
                0x0000000008006c34                FMPI2C1_EV_IRQHandler
                0x0000000008006c34                SPI4_IRQHandler
                0x0000000008006c34                TIM1_CC_IRQHandler
                0x0000000008006c34                DMA2_Stream5_IRQHandler
                0x0000000008006c34                DMA1_Stream5_IRQHandler
                0x0000000008006c34                PVD_IRQHandler
                0x0000000008006c34                SDIO_IRQHandler
                0x0000000008006c34                TAMP_STAMP_IRQHandler
                0x0000000008006c34                CAN2_RX1_IRQHandler
                0x0000000008006c34                EXTI3_IRQHandler
                0x0000000008006c34                TIM8_TRG_COM_TIM14_IRQHandler
                0x0000000008006c34                TIM8_UP_TIM13_IRQHandler
                0x0000000008006c34                I2C3_ER_IRQHandler
                0x0000000008006c34                EXTI0_IRQHandler
                0x0000000008006c34                I2C2_EV_IRQHandler
                0x0000000008006c34                DMA1_Stream2_IRQHandler
                0x0000000008006c34                FPU_IRQHandler
                0x0000000008006c34                OTG_HS_WKUP_IRQHandler
                0x0000000008006c34                CAN2_SCE_IRQHandler
                0x0000000008006c34                DMA2_Stream2_IRQHandler
                0x0000000008006c34                SPI1_IRQHandler
                0x0000000008006c34                TIM1_BRK_TIM9_IRQHandler
                0x0000000008006c34                DCMI_IRQHandler
                0x0000000008006c34                CAN2_RX0_IRQHandler
                0x0000000008006c34                DMA2_Stream3_IRQHandler
                0x0000000008006c34                SAI2_IRQHandler
                0x0000000008006c34                USART6_IRQHandler
                0x0000000008006c34                USART3_IRQHandler
                0x0000000008006c34                UART5_IRQHandler
                0x0000000008006c34                QUADSPI_IRQHandler
                0x0000000008006c34                I2C1_EV_IRQHandler
                0x0000000008006c34                DMA1_Stream6_IRQHandler
                0x0000000008006c34                DMA1_Stream1_IRQHandler
                0x0000000008006c34                UART4_IRQHandler
                0x0000000008006c34                TIM3_IRQHandler
                0x0000000008006c34                RCC_IRQHandler
                0x0000000008006c34                TIM8_BRK_TIM12_IRQHandler
                0x0000000008006c34                Default_Handler
                0x0000000008006c34                CEC_IRQHandler
                0x0000000008006c34                EXTI15_10_IRQHandler
                0x0000000008006c34                DMA1_Stream7_IRQHandler
                0x0000000008006c34                CAN2_TX_IRQHandler
                0x0000000008006c34                DMA2_Stream7_IRQHandler
                0x0000000008006c34                I2C3_EV_IRQHandler
                0x0000000008006c34                EXTI9_5_IRQHandler
                0x0000000008006c34                RTC_WKUP_IRQHandler
                0x0000000008006c34                SPDIF_RX_IRQHandler
                0x0000000008006c34                SPI2_IRQHandler
                0x0000000008006c34                OTG_HS_EP1_IN_IRQHandler
                0x0000000008006c34                DMA1_Stream0_IRQHandler
                0x0000000008006c34                FMPI2C1_ER_IRQHandler
                0x0000000008006c34                EXTI4_IRQHandler
                0x0000000008006c34                OTG_HS_EP1_OUT_IRQHandler
                0x0000000008006c34                WWDG_IRQHandler
                0x0000000008006c34                OTG_FS_WKUP_IRQHandler
                0x0000000008006c34                TIM1_TRG_COM_TIM11_IRQHandler
                0x0000000008006c34                OTG_HS_IRQHandler
                0x0000000008006c34                EXTI1_IRQHandler
                0x0000000008006c34                I2C2_ER_IRQHandler
                0x0000000008006c34                DMA2_Stream1_IRQHandler
                0x0000000008006c34                FLASH_IRQHandler
                0x0000000008006c34                DMA2_Stream4_IRQHandler
                0x0000000008006c34                OTG_FS_IRQHandler
                0x0000000008006c34                SPI3_IRQHandler
                0x0000000008006c34                DMA1_Stream4_IRQHandler
                0x0000000008006c34                I2C1_ER_IRQHandler
                0x0000000008006c34                FMC_IRQHandler
                0x0000000008006c34                DMA2_Stream6_IRQHandler
                0x0000000008006c34                SAI1_IRQHandler
                0x0000000008006c34                DMA1_Stream3_IRQHandler
 *fill*         0x0000000008006c36        0x2 
 .text.atexit   0x0000000008006c38        0xc /usr/lib/gcc/arm-none-eabi/9.2.0/../../../../arm-none-eabi/lib/thumb/v7e-m+fp/hard/libc.a(lib_a-atexit.o)
                0x0000000008006c38                atexit
 .text.atof     0x0000000008006c44        0x8 /usr/lib/gcc/arm-none-eabi/9.2.0/../../../../arm-none-eabi/lib/thumb/v7e-m+fp/hard/libc.a(lib_a-atof.o)
                0x0000000008006c44                atof
 .text.__libc_fini_array
                0x0000000008006c4c       0x2c /usr/lib/gcc/arm-none-eabi/9.2.0/../../../../arm-none-eabi/lib/thumb/v7e-m+fp/hard/libc.a(lib_a-fini.o)
                0x0000000008006c4c                __libc_fini_array
 .text.__libc_init_array
                0x0000000008006c78       0x48 /usr/lib/gcc/arm-none-eabi/9.2.0/../../../../arm-none-eabi/lib/thumb/v7e-m+fp/hard/libc.a(lib_a-init.o)
                0x0000000008006c78                __libc_init_array
 .text.free     0x0000000008006cc0       0x10 /usr/lib/gcc/arm-none-eabi/9.2.0/../../../../arm-none-eabi/lib/thumb/v7e-m+fp/hard/libc.a(lib_a-malloc.o)
                0x0000000008006cc0                free
 .text._malloc_r
                0x0000000008006cd0      0x578 /usr/lib/gcc/arm-none-eabi/9.2.0/../../../../arm-none-eabi/lib/thumb/v7e-m+fp/hard/libc.a(lib_a-mallocr.o)
                0x0000000008006cd0                _malloc_r
 .text.memset   0x0000000008007248       0xa0 /usr/lib/gcc/arm-none-eabi/9.2.0/../../../../arm-none-eabi/lib/thumb/v7e-m+fp/hard/libc.a(lib_a-memset.o)
                0x0000000008007248                memset
 .text.__malloc_lock
                0x00000000080072e8        0xc /usr/lib/gcc/arm-none-eabi/9.2.0/../../../../arm-none-eabi/lib/thumb/v7e-m+fp/hard/libc.a(lib_a-mlock.o)
                0x00000000080072e8                __malloc_lock
 .text.__malloc_unlock
                0x00000000080072f4        0xc /usr/lib/gcc/arm-none-eabi/9.2.0/../../../../arm-none-eabi/lib/thumb/v7e-m+fp/hard/libc.a(lib_a-mlock.o)
                0x00000000080072f4                __malloc_unlock
 .text._sbrk_r  0x0000000008007300       0x24 /usr/lib/gcc/arm-none-eabi/9.2.0/../../../../arm-none-eabi/lib/thumb/v7e-m+fp/hard/libc.a(lib_a-sbrkr.o)
                0x0000000008007300                _sbrk_r
 .text.sprintf  0x0000000008007324       0x44 /usr/lib/gcc/arm-none-eabi/9.2.0/../../../../arm-none-eabi/lib/thumb/v7e-m+fp/hard/libc.a(lib_a-sprintf.o)
                0x0000000008007324                sprintf
 .text.strcpy   0x0000000008007368       0xbc /usr/lib/gcc/arm-none-eabi/9.2.0/../../../../arm-none-eabi/lib/thumb/v7e-m+fp/hard/libc.a(lib_a-strcpy.o)
                0x0000000008007368                strcpy
 .text.sulp     0x0000000008007424       0x38 /usr/lib/gcc/arm-none-eabi/9.2.0/../../../../arm-none-eabi/lib/thumb/v7e-m+fp/hard/libc.a(lib_a-strtod.o)
 *fill*         0x000000000800745c        0x4 
 .text._strtod_l
                0x0000000008007460      0xf38 /usr/lib/gcc/arm-none-eabi/9.2.0/../../../../arm-none-eabi/lib/thumb/v7e-m+fp/hard/libc.a(lib_a-strtod.o)
                0x0000000008007460                _strtod_l
 .text.strtod   0x0000000008008398       0x1c /usr/lib/gcc/arm-none-eabi/9.2.0/../../../../arm-none-eabi/lib/thumb/v7e-m+fp/hard/libc.a(lib_a-strtod.o)
                0x0000000008008398                strtod
 *fill*         0x00000000080083b4        0x4 
 .text._svfprintf_r
                0x00000000080083b8     0x1aec /usr/lib/gcc/arm-none-eabi/9.2.0/../../../../arm-none-eabi/lib/thumb/v7e-m+fp/hard/libc.a(lib_a-svfprintf.o)
                0x00000000080083b8                _svfprintf_r
 .text.__register_exitproc
                0x0000000008009ea4       0x88 /usr/lib/gcc/arm-none-eabi/9.2.0/../../../../arm-none-eabi/lib/thumb/v7e-m+fp/hard/libc.a(lib_a-__atexit.o)
                0x0000000008009ea4                __register_exitproc
 .text.startup.register_fini
                0x0000000008009f2c       0x14 /usr/lib/gcc/arm-none-eabi/9.2.0/../../../../arm-none-eabi/lib/thumb/v7e-m+fp/hard/libc.a(lib_a-__call_atexit.o)
 .text.quorem   0x0000000008009f40      0x11c /usr/lib/gcc/arm-none-eabi/9.2.0/../../../../arm-none-eabi/lib/thumb/v7e-m+fp/hard/libc.a(lib_a-dtoa.o)
 *fill*         0x000000000800a05c        0x4 
 .text._dtoa_r  0x000000000800a060      0xee4 /usr/lib/gcc/arm-none-eabi/9.2.0/../../../../arm-none-eabi/lib/thumb/v7e-m+fp/hard/libc.a(lib_a-dtoa.o)
                0x000000000800a060                _dtoa_r
 .text._malloc_trim_r
                0x000000000800af44       0xa0 /usr/lib/gcc/arm-none-eabi/9.2.0/../../../../arm-none-eabi/lib/thumb/v7e-m+fp/hard/libc.a(lib_a-freer.o)
                0x000000000800af44                _malloc_trim_r
 .text._free_r  0x000000000800afe4      0x214 /usr/lib/gcc/arm-none-eabi/9.2.0/../../../../arm-none-eabi/lib/thumb/v7e-m+fp/hard/libc.a(lib_a-freer.o)
                0x000000000800afe4                _free_r
 .text.rshift   0x000000000800b1f8       0xa4 /usr/lib/gcc/arm-none-eabi/9.2.0/../../../../arm-none-eabi/lib/thumb/v7e-m+fp/hard/libc.a(lib_a-gdtoa-gethex.o)
 .text.__gethex
                0x000000000800b29c      0x554 /usr/lib/gcc/arm-none-eabi/9.2.0/../../../../arm-none-eabi/lib/thumb/v7e-m+fp/hard/libc.a(lib_a-gdtoa-gethex.o)
                0x000000000800b29c                __gethex
 .text.__match  0x000000000800b7f0       0x30 /usr/lib/gcc/arm-none-eabi/9.2.0/../../../../arm-none-eabi/lib/thumb/v7e-m+fp/hard/libc.a(lib_a-gdtoa-hexnan.o)
                0x000000000800b7f0                __match
 .text.__hexnan
                0x000000000800b820      0x1a8 /usr/lib/gcc/arm-none-eabi/9.2.0/../../../../arm-none-eabi/lib/thumb/v7e-m+fp/hard/libc.a(lib_a-gdtoa-hexnan.o)
                0x000000000800b820                __hexnan
 .text._localeconv_r
                0x000000000800b9c8        0x8 /usr/lib/gcc/arm-none-eabi/9.2.0/../../../../arm-none-eabi/lib/thumb/v7e-m+fp/hard/libc.a(lib_a-localeconv.o)
                0x000000000800b9c8                _localeconv_r
 .text.__retarget_lock_acquire_recursive
                0x000000000800b9d0        0x4 /usr/lib/gcc/arm-none-eabi/9.2.0/../../../../arm-none-eabi/lib/thumb/v7e-m+fp/hard/libc.a(lib_a-lock.o)
                0x000000000800b9d0                __retarget_lock_acquire_recursive
 .text.__retarget_lock_release_recursive
                0x000000000800b9d4        0x4 /usr/lib/gcc/arm-none-eabi/9.2.0/../../../../arm-none-eabi/lib/thumb/v7e-m+fp/hard/libc.a(lib_a-lock.o)
                0x000000000800b9d4                __retarget_lock_release_recursive
 .text.__ascii_mbtowc
                0x000000000800b9d8       0x2c /usr/lib/gcc/arm-none-eabi/9.2.0/../../../../arm-none-eabi/lib/thumb/v7e-m+fp/hard/libc.a(lib_a-mbtowc_r.o)
                0x000000000800b9d8                __ascii_mbtowc
 .text._Balloc  0x000000000800ba04       0x4c /usr/lib/gcc/arm-none-eabi/9.2.0/../../../../arm-none-eabi/lib/thumb/v7e-m+fp/hard/libc.a(lib_a-mprec.o)
                0x000000000800ba04                _Balloc
 .text._Bfree   0x000000000800ba50       0x14 /usr/lib/gcc/arm-none-eabi/9.2.0/../../../../arm-none-eabi/lib/thumb/v7e-m+fp/hard/libc.a(lib_a-mprec.o)
                0x000000000800ba50                _Bfree
 .text.__multadd
                0x000000000800ba64       0x8c /usr/lib/gcc/arm-none-eabi/9.2.0/../../../../arm-none-eabi/lib/thumb/v7e-m+fp/hard/libc.a(lib_a-mprec.o)
                0x000000000800ba64                __multadd
 .text.__s2b    0x000000000800baf0       0xa0 /usr/lib/gcc/arm-none-eabi/9.2.0/../../../../arm-none-eabi/lib/thumb/v7e-m+fp/hard/libc.a(lib_a-mprec.o)
                0x000000000800baf0                __s2b
 .text.__hi0bits
                0x000000000800bb90       0x40 /usr/lib/gcc/arm-none-eabi/9.2.0/../../../../arm-none-eabi/lib/thumb/v7e-m+fp/hard/libc.a(lib_a-mprec.o)
                0x000000000800bb90                __hi0bits
 .text.__lo0bits
                0x000000000800bbd0       0x60 /usr/lib/gcc/arm-none-eabi/9.2.0/../../../../arm-none-eabi/lib/thumb/v7e-m+fp/hard/libc.a(lib_a-mprec.o)
                0x000000000800bbd0                __lo0bits
 .text.__i2b    0x000000000800bc30       0x14 /usr/lib/gcc/arm-none-eabi/9.2.0/../../../../arm-none-eabi/lib/thumb/v7e-m+fp/hard/libc.a(lib_a-mprec.o)
                0x000000000800bc30                __i2b
 .text.__multiply
                0x000000000800bc44      0x144 /usr/lib/gcc/arm-none-eabi/9.2.0/../../../../arm-none-eabi/lib/thumb/v7e-m+fp/hard/libc.a(lib_a-mprec.o)
                0x000000000800bc44                __multiply
 .text.__pow5mult
                0x000000000800bd88       0xa0 /usr/lib/gcc/arm-none-eabi/9.2.0/../../../../arm-none-eabi/lib/thumb/v7e-m+fp/hard/libc.a(lib_a-mprec.o)
                0x000000000800bd88                __pow5mult
 .text.__lshift
                0x000000000800be28       0xd4 /usr/lib/gcc/arm-none-eabi/9.2.0/../../../../arm-none-eabi/lib/thumb/v7e-m+fp/hard/libc.a(lib_a-mprec.o)
                0x000000000800be28                __lshift
 .text.__mcmp   0x000000000800befc       0x3c /usr/lib/gcc/arm-none-eabi/9.2.0/../../../../arm-none-eabi/lib/thumb/v7e-m+fp/hard/libc.a(lib_a-mprec.o)
                0x000000000800befc                __mcmp
 .text.__mdiff  0x000000000800bf38      0x128 /usr/lib/gcc/arm-none-eabi/9.2.0/../../../../arm-none-eabi/lib/thumb/v7e-m+fp/hard/libc.a(lib_a-mprec.o)
                0x000000000800bf38                __mdiff
 .text.__ulp    0x000000000800c060       0x60 /usr/lib/gcc/arm-none-eabi/9.2.0/../../../../arm-none-eabi/lib/thumb/v7e-m+fp/hard/libc.a(lib_a-mprec.o)
                0x000000000800c060                __ulp
 .text.__b2d    0x000000000800c0c0       0xb8 /usr/lib/gcc/arm-none-eabi/9.2.0/../../../../arm-none-eabi/lib/thumb/v7e-m+fp/hard/libc.a(lib_a-mprec.o)
                0x000000000800c0c0                __b2d
 .text.__d2b    0x000000000800c178       0xbc /usr/lib/gcc/arm-none-eabi/9.2.0/../../../../arm-none-eabi/lib/thumb/v7e-m+fp/hard/libc.a(lib_a-mprec.o)
                0x000000000800c178                __d2b
 .text.__ratio  0x000000000800c234       0x5c /usr/lib/gcc/arm-none-eabi/9.2.0/../../../../arm-none-eabi/lib/thumb/v7e-m+fp/hard/libc.a(lib_a-mprec.o)
                0x000000000800c234                __ratio
 .text.__copybits
                0x000000000800c290       0x48 /usr/lib/gcc/arm-none-eabi/9.2.0/../../../../arm-none-eabi/lib/thumb/v7e-m+fp/hard/libc.a(lib_a-mprec.o)
                0x000000000800c290                __copybits
 .text.__any_on
                0x000000000800c2d8       0x60 /usr/lib/gcc/arm-none-eabi/9.2.0/../../../../arm-none-eabi/lib/thumb/v7e-m+fp/hard/libc.a(lib_a-mprec.o)
                0x000000000800c2d8                __any_on
 .text.frexp    0x000000000800c338       0x6c /usr/lib/gcc/arm-none-eabi/9.2.0/../../../../arm-none-eabi/lib/thumb/v7e-m+fp/hard/libc.a(lib_a-s_frexp.o)
                0x000000000800c338                frexp
 *fill*         0x000000000800c3a4        0x4 
 .text.nan      0x000000000800c3a8       0x10 /usr/lib/gcc/arm-none-eabi/9.2.0/../../../../arm-none-eabi/lib/thumb/v7e-m+fp/hard/libc.a(lib_a-s_nan.o)
                0x000000000800c3a8                nan
 .text.strncmp  0x000000000800c3b8       0x7c /usr/lib/gcc/arm-none-eabi/9.2.0/../../../../arm-none-eabi/lib/thumb/v7e-m+fp/hard/libc.a(lib_a-strncmp.o)
                0x000000000800c3b8                strncmp
 .text.strncpy  0x000000000800c434       0x68 /usr/lib/gcc/arm-none-eabi/9.2.0/../../../../arm-none-eabi/lib/thumb/v7e-m+fp/hard/libc.a(lib_a-strncpy.o)
                0x000000000800c434                strncpy
 .text.__ssprint_r
                0x000000000800c49c       0xf8 /usr/lib/gcc/arm-none-eabi/9.2.0/../../../../arm-none-eabi/lib/thumb/v7e-m+fp/hard/libc.a(lib_a-svfiprintf.o)
                0x000000000800c49c                __ssprint_r
 .text.__ascii_wctomb
                0x000000000800c594       0x1c /usr/lib/gcc/arm-none-eabi/9.2.0/../../../../arm-none-eabi/lib/thumb/v7e-m+fp/hard/libc.a(lib_a-wctomb_r.o)
                0x000000000800c594                __ascii_wctomb
 .text._calloc_r
                0x000000000800c5b0       0x60 /usr/lib/gcc/arm-none-eabi/9.2.0/../../../../arm-none-eabi/lib/thumb/v7e-m+fp/hard/libc.a(lib_a-callocr.o)
                0x000000000800c5b0                _calloc_r
 .text.memmove  0x000000000800c610       0xd8 /usr/lib/gcc/arm-none-eabi/9.2.0/../../../../arm-none-eabi/lib/thumb/v7e-m+fp/hard/libc.a(lib_a-memmove.o)
                0x000000000800c610                memmove
 .text._realloc_r
                0x000000000800c6e8      0x37c /usr/lib/gcc/arm-none-eabi/9.2.0/../../../../arm-none-eabi/lib/thumb/v7e-m+fp/hard/libc.a(lib_a-reallocr.o)
                0x000000000800c6e8                _realloc_r
 .text.round    0x000000000800ca64       0x9c /usr/lib/gcc/arm-none-eabi/9.2.0/../../../../arm-none-eabi/lib/thumb/v7e-m+fp/hard/libm.a(lib_a-s_round.o)
                0x000000000800ca64                round
 .text.sqrt     0x000000000800cb00       0xbc /usr/lib/gcc/arm-none-eabi/9.2.0/../../../../arm-none-eabi/lib/thumb/v7e-m+fp/hard/libm.a(lib_a-w_sqrt.o)
                0x000000000800cb00                sqrt
 .text.__ieee754_sqrt
                0x000000000800cbbc      0x184 /usr/lib/gcc/arm-none-eabi/9.2.0/../../../../arm-none-eabi/lib/thumb/v7e-m+fp/hard/libm.a(lib_a-e_sqrt.o)
                0x000000000800cbbc                __ieee754_sqrt
 .text.matherr  0x000000000800cd40        0x4 /usr/lib/gcc/arm-none-eabi/9.2.0/../../../../arm-none-eabi/lib/thumb/v7e-m+fp/hard/libm.a(lib_a-s_matherr.o)
                0x000000000800cd40                matherr
 .text._sbrk    0x000000000800cd44       0x1c /usr/lib/gcc/arm-none-eabi/9.2.0/../../../../arm-none-eabi/lib/thumb/v7e-m+fp/hard/libnosys.a(sbrk.o)
                0x000000000800cd44                _sbrk
 .text.__fixdfdi
                0x000000000800cd60       0x2e /usr/lib/gcc/arm-none-eabi/9.2.0/thumb/v7e-m+fp/hard/libgcc.a(_fixdfdi.o)
                0x000000000800cd60                __aeabi_d2lz
                0x000000000800cd60                __fixdfdi
 *fill*         0x000000000800cd8e        0x2 
 .text.__fixunsdfdi
                0x000000000800cd90       0x3c /usr/lib/gcc/arm-none-eabi/9.2.0/thumb/v7e-m+fp/hard/libgcc.a(_fixunsdfdi.o)
                0x000000000800cd90                __aeabi_d2ulz
                0x000000000800cd90                __fixunsdfdi
 .text.__udivmoddi4
                0x000000000800cdcc      0x2aa /usr/lib/gcc/arm-none-eabi/9.2.0/thumb/v7e-m+fp/hard/libgcc.a(_udivmoddi4.o)
                0x000000000800cdcc                __udivmoddi4
 *fill*         0x000000000800d076        0x2 
 .text.__errno  0x000000000800d078        0xc /usr/lib/gcc/arm-none-eabi/9.2.0/../../../../arm-none-eabi/lib/thumb/v7e-m+fp/hard/libc.a(lib_a-errno.o)
                0x000000000800d078                __errno
 *(.glue_7)
 .glue_7        0x000000000800d084        0x0 linker stubs
 *(.glue_7t)
 .glue_7t       0x000000000800d084        0x0 linker stubs
 *(.eh_frame)
 .eh_frame      0x000000000800d084        0x0 /usr/lib/gcc/arm-none-eabi/9.2.0/thumb/v7e-m+fp/hard/crtbegin.o
 *(.init)
 .init          0x000000000800d084        0x4 /usr/lib/gcc/arm-none-eabi/9.2.0/thumb/v7e-m+fp/hard/crti.o
                0x000000000800d084                _init
 .init          0x000000000800d088        0x8 /usr/lib/gcc/arm-none-eabi/9.2.0/thumb/v7e-m+fp/hard/crtn.o
 *(.fini)
 .fini          0x000000000800d090        0x4 /usr/lib/gcc/arm-none-eabi/9.2.0/thumb/v7e-m+fp/hard/crti.o
                0x000000000800d090                _fini
 .fini          0x000000000800d094        0x8 /usr/lib/gcc/arm-none-eabi/9.2.0/thumb/v7e-m+fp/hard/crtn.o
                0x000000000800d09c                . = ALIGN (0x4)
                0x000000000800d09c                _etext = .

.vfp11_veneer   0x000000000800d09c        0x0
 .vfp11_veneer  0x000000000800d09c        0x0 linker stubs

.v4_bx          0x000000000800d09c        0x0
 .v4_bx         0x000000000800d09c        0x0 linker stubs

.iplt           0x000000000800d09c        0x0
 .iplt          0x000000000800d09c        0x0 /usr/lib/gcc/arm-none-eabi/9.2.0/thumb/v7e-m+fp/hard/crtbegin.o

.rodata         0x000000000800d0a0      0x4d8
                0x000000000800d0a0                . = ALIGN (0x4)
 *(.rodata)
 *(.rodata*)
 .rodata.flagBitshiftOffset.8432
                0x000000000800d0a0        0x8 build/stm32f4xx_hal_dma.o
 .rodata.checksum.str1.4
                0x000000000800d0a8        0x3 build/Eagle_TRT.o
 *fill*         0x000000000800d0ab        0x1 
 .rodata.gps_init.str1.4
                0x000000000800d0ac       0x97 build/Eagle_TRT.o
 .rodata.gps_read_it.str1.4
                0x000000000800d143       0x97 build/Eagle_TRT.o
                                          0x1 (size before relaxing)
 *fill*         0x000000000800d143        0x1 
 .rodata.Error_Handler.str1.4
                0x000000000800d144       0x13 build/main.o
 *fill*         0x000000000800d157        0x1 
 .rodata.main.str1.4
                0x000000000800d158        0x5 build/main.o
 *fill*         0x000000000800d15d        0x3 
 .rodata.AHBPrescTable
                0x000000000800d160       0x10 build/system_stm32f4xx.o
                0x000000000800d160                AHBPrescTable
 .rodata.APBPrescTable
                0x000000000800d170        0x8 build/system_stm32f4xx.o
                0x000000000800d170                APBPrescTable
 .rodata._global_impure_ptr
                0x000000000800d178        0x4 /usr/lib/gcc/arm-none-eabi/9.2.0/../../../../arm-none-eabi/lib/thumb/v7e-m+fp/hard/libc.a(lib_a-impure.o)
                0x000000000800d178                _global_impure_ptr
 .rodata._strtod_l.str1.4
                0x000000000800d17c        0xf /usr/lib/gcc/arm-none-eabi/9.2.0/../../../../arm-none-eabi/lib/thumb/v7e-m+fp/hard/libc.a(lib_a-strtod.o)
                                         0x11 (size before relaxing)
 *fill*         0x000000000800d18b        0x1 
 .rodata.fpi.7558
                0x000000000800d18c       0x14 /usr/lib/gcc/arm-none-eabi/9.2.0/../../../../arm-none-eabi/lib/thumb/v7e-m+fp/hard/libc.a(lib_a-strtod.o)
 .rodata.fpinan.7594
                0x000000000800d1a0       0x14 /usr/lib/gcc/arm-none-eabi/9.2.0/../../../../arm-none-eabi/lib/thumb/v7e-m+fp/hard/libc.a(lib_a-strtod.o)
 *fill*         0x000000000800d1b4        0x4 
 .rodata.tinytens
                0x000000000800d1b8       0x28 /usr/lib/gcc/arm-none-eabi/9.2.0/../../../../arm-none-eabi/lib/thumb/v7e-m+fp/hard/libc.a(lib_a-strtod.o)
 .rodata._svfprintf_r.str1.4
                0x000000000800d1e0       0x3f /usr/lib/gcc/arm-none-eabi/9.2.0/../../../../arm-none-eabi/lib/thumb/v7e-m+fp/hard/libc.a(lib_a-svfprintf.o)
                                         0x42 (size before relaxing)
 *fill*         0x000000000800d21f        0x1 
 .rodata.blanks.8708
                0x000000000800d220       0x10 /usr/lib/gcc/arm-none-eabi/9.2.0/../../../../arm-none-eabi/lib/thumb/v7e-m+fp/hard/libc.a(lib_a-svfprintf.o)
 .rodata.zeroes.8709
                0x000000000800d230       0x10 /usr/lib/gcc/arm-none-eabi/9.2.0/../../../../arm-none-eabi/lib/thumb/v7e-m+fp/hard/libc.a(lib_a-svfprintf.o)
 .rodata._dtoa_r.str1.4
                0x000000000800d240        0xd /usr/lib/gcc/arm-none-eabi/9.2.0/../../../../arm-none-eabi/lib/thumb/v7e-m+fp/hard/libc.a(lib_a-dtoa.o)
                                         0x12 (size before relaxing)
 *fill*         0x000000000800d24d        0x3 
 .rodata.__hexdig
                0x000000000800d250      0x100 /usr/lib/gcc/arm-none-eabi/9.2.0/../../../../arm-none-eabi/lib/thumb/v7e-m+fp/hard/libc.a(lib_a-gdtoa-gethex.o)
                0x000000000800d250                __hexdig
 .rodata.str1.4
                0x000000000800d350        0x2 /usr/lib/gcc/arm-none-eabi/9.2.0/../../../../arm-none-eabi/lib/thumb/v7e-m+fp/hard/libc.a(lib_a-lnumeric.o)
                                          0x5 (size before relaxing)
 *fill*         0x000000000800d352        0x2 
 .rodata._C_numeric_locale
                0x000000000800d354        0xc /usr/lib/gcc/arm-none-eabi/9.2.0/../../../../arm-none-eabi/lib/thumb/v7e-m+fp/hard/libc.a(lib_a-lnumeric.o)
                0x000000000800d354                _C_numeric_locale
 .rodata._setlocale_r.str1.4
                0x000000000800d360        0xa /usr/lib/gcc/arm-none-eabi/9.2.0/../../../../arm-none-eabi/lib/thumb/v7e-m+fp/hard/libc.a(lib_a-locale.o)
                                          0xd (size before relaxing)
 .rodata.str1.4
                0x000000000800d36a        0x2 /usr/lib/gcc/arm-none-eabi/9.2.0/../../../../arm-none-eabi/lib/thumb/v7e-m+fp/hard/libc.a(lib_a-locale.o)
 *fill*         0x000000000800d36a        0x6 
 .rodata.__mprec_bigtens
                0x000000000800d370       0x28 /usr/lib/gcc/arm-none-eabi/9.2.0/../../../../arm-none-eabi/lib/thumb/v7e-m+fp/hard/libc.a(lib_a-mprec.o)
                0x000000000800d370                __mprec_bigtens
 .rodata.__mprec_tens
                0x000000000800d398       0xc8 /usr/lib/gcc/arm-none-eabi/9.2.0/../../../../arm-none-eabi/lib/thumb/v7e-m+fp/hard/libc.a(lib_a-mprec.o)
                0x000000000800d398                __mprec_tens
 .rodata.p05.7478
                0x000000000800d460        0xc /usr/lib/gcc/arm-none-eabi/9.2.0/../../../../arm-none-eabi/lib/thumb/v7e-m+fp/hard/libc.a(lib_a-mprec.o)
 .rodata._ctype_
                0x000000000800d46c      0x101 /usr/lib/gcc/arm-none-eabi/9.2.0/../../../../arm-none-eabi/lib/thumb/v7e-m+fp/hard/libc.a(lib_a-ctype_.o)
                0x000000000800d46c                _ctype_
 *fill*         0x000000000800d56d        0x3 
 .rodata.sqrt.str1.4
                0x000000000800d570        0x5 /usr/lib/gcc/arm-none-eabi/9.2.0/../../../../arm-none-eabi/lib/thumb/v7e-m+fp/hard/libm.a(lib_a-w_sqrt.o)
                0x000000000800d578                . = ALIGN (0x4)
 *fill*         0x000000000800d575        0x3 

.ARM.extab
 *(.ARM.extab* .gnu.linkonce.armextab.*)

.ARM            0x000000000800d578        0x8
                0x000000000800d578                __exidx_start = .
 *(.ARM.exidx*)
 .ARM.exidx.text.__udivmoddi4
                0x000000000800d578        0x8 /usr/lib/gcc/arm-none-eabi/9.2.0/thumb/v7e-m+fp/hard/libgcc.a(_udivmoddi4.o)
                0x000000000800d580                __exidx_end = .

.rel.dyn        0x000000000800d580        0x0
 .rel.iplt      0x000000000800d580        0x0 /usr/lib/gcc/arm-none-eabi/9.2.0/thumb/v7e-m+fp/hard/crtbegin.o

.preinit_array  0x000000000800d580        0x0
                0x000000000800d580                PROVIDE (__preinit_array_start = .)
 *(.preinit_array*)
                0x000000000800d580                PROVIDE (__preinit_array_end = .)

.init_array     0x000000000800d580        0x8
                0x000000000800d580                PROVIDE (__init_array_start = .)
 *(SORT_BY_NAME(.init_array.*))
 .init_array.00000
                0x000000000800d580        0x4 /usr/lib/gcc/arm-none-eabi/9.2.0/../../../../arm-none-eabi/lib/thumb/v7e-m+fp/hard/libc.a(lib_a-__call_atexit.o)
 *(.init_array*)
 .init_array    0x000000000800d584        0x4 /usr/lib/gcc/arm-none-eabi/9.2.0/thumb/v7e-m+fp/hard/crtbegin.o
                0x000000000800d588                PROVIDE (__init_array_end = .)

.fini_array     0x000000000800d588        0x4
                0x000000000800d588                PROVIDE (__fini_array_start = .)
 *(SORT_BY_NAME(.fini_array.*))
 *(.fini_array*)
 .fini_array    0x000000000800d588        0x4 /usr/lib/gcc/arm-none-eabi/9.2.0/thumb/v7e-m+fp/hard/crtbegin.o
                0x000000000800d58c                PROVIDE (__fini_array_end = .)
                0x000000000800d58c                _sidata = LOADADDR (.data)

.data           0x0000000020000000      0xae8 load address 0x000000000800d58c
                0x0000000020000000                . = ALIGN (0x4)
                0x0000000020000000                _sdata = .
 *(.data)
 *(.data*)
 .data.uwTickFreq
                0x0000000020000000        0x1 build/stm32f4xx_hal.o
                0x0000000020000000                uwTickFreq
 *fill*         0x0000000020000001        0x3 
 .data.uwTickPrio
                0x0000000020000004        0x4 build/stm32f4xx_hal.o
                0x0000000020000004                uwTickPrio
 .data.CTRL_REG1_G_ADD
                0x0000000020000008        0x1 build/Eagle_TRT.o
                0x0000000020000008                CTRL_REG1_G_ADD
 .data.CTRL_REG1_G_VAL
                0x0000000020000009        0x1 build/Eagle_TRT.o
                0x0000000020000009                CTRL_REG1_G_VAL
 .data.CTRL_REG1_XM_ADD
                0x000000002000000a        0x1 build/Eagle_TRT.o
                0x000000002000000a                CTRL_REG1_XM_ADD
 .data.CTRL_REG1_XM_VAL
                0x000000002000000b        0x1 build/Eagle_TRT.o
                0x000000002000000b                CTRL_REG1_XM_VAL
 .data.CTRL_REG2_XM
                0x000000002000000c        0x1 build/Eagle_TRT.o
                0x000000002000000c                CTRL_REG2_XM
 .data.CTRL_REG4_G
                0x000000002000000d        0x1 build/Eagle_TRT.o
                0x000000002000000d                CTRL_REG4_G
 .data.CTRL_REG5_XM_ADD
                0x000000002000000e        0x1 build/Eagle_TRT.o
                0x000000002000000e                CTRL_REG5_XM_ADD
 .data.CTRL_REG5_XM_VAL
                0x000000002000000f        0x1 build/Eagle_TRT.o
                0x000000002000000f                CTRL_REG5_XM_VAL
 .data.CTRL_REG6_XM_ADD
                0x0000000020000010        0x1 build/Eagle_TRT.o
                0x0000000020000010                CTRL_REG6_XM_ADD
 .data.CTRL_REG6_XM_VAL
                0x0000000020000011        0x1 build/Eagle_TRT.o
                0x0000000020000011                CTRL_REG6_XM_VAL
 .data.CTRL_REG7_XM_ADD
                0x0000000020000012        0x1 build/Eagle_TRT.o
                0x0000000020000012                CTRL_REG7_XM_ADD
 .data.OUT_X_H_A_ADD
                0x0000000020000013        0x1 build/Eagle_TRT.o
                0x0000000020000013                OUT_X_H_A_ADD
 .data.OUT_X_H_G_ADD
                0x0000000020000014        0x1 build/Eagle_TRT.o
                0x0000000020000014                OUT_X_H_G_ADD
 .data.OUT_X_L_A_ADD
                0x0000000020000015        0x1 build/Eagle_TRT.o
                0x0000000020000015                OUT_X_L_A_ADD
 .data.OUT_X_L_G_ADD
                0x0000000020000016        0x1 build/Eagle_TRT.o
                0x0000000020000016                OUT_X_L_G_ADD
 .data.OUT_Y_H_A_ADD
                0x0000000020000017        0x1 build/Eagle_TRT.o
                0x0000000020000017                OUT_Y_H_A_ADD
 .data.OUT_Y_H_G_ADD
                0x0000000020000018        0x1 build/Eagle_TRT.o
                0x0000000020000018                OUT_Y_H_G_ADD
 .data.OUT_Y_L_A_ADD
                0x0000000020000019        0x1 build/Eagle_TRT.o
                0x0000000020000019                OUT_Y_L_A_ADD
 .data.OUT_Y_L_G_ADD
                0x000000002000001a        0x1 build/Eagle_TRT.o
                0x000000002000001a                OUT_Y_L_G_ADD
 .data.OUT_Z_H_A_ADD
                0x000000002000001b        0x1 build/Eagle_TRT.o
                0x000000002000001b                OUT_Z_H_A_ADD
 .data.OUT_Z_H_G_ADD
                0x000000002000001c        0x1 build/Eagle_TRT.o
                0x000000002000001c                OUT_Z_H_G_ADD
 .data.OUT_Z_L_A_ADD
                0x000000002000001d        0x1 build/Eagle_TRT.o
                0x000000002000001d                OUT_Z_L_A_ADD
 .data.OUT_Z_L_G_ADD
                0x000000002000001e        0x1 build/Eagle_TRT.o
                0x000000002000001e                OUT_Z_L_G_ADD
 .data.SCL_A_16
                0x000000002000001f        0x1 build/Eagle_TRT.o
                0x000000002000001f                SCL_A_16
 .data.SCL_A_4  0x0000000020000020        0x1 build/Eagle_TRT.o
                0x0000000020000020                SCL_A_4
 .data.SCL_A_6  0x0000000020000021        0x1 build/Eagle_TRT.o
                0x0000000020000021                SCL_A_6
 .data.SCL_A_8  0x0000000020000022        0x1 build/Eagle_TRT.o
                0x0000000020000022                SCL_A_8
 .data.SCL_G_1000
                0x0000000020000023        0x1 build/Eagle_TRT.o
                0x0000000020000023                SCL_G_1000
 .data.SCL_G_2000
                0x0000000020000024        0x1 build/Eagle_TRT.o
                0x0000000020000024                SCL_G_2000
 .data.SCL_G_500
                0x0000000020000025        0x1 build/Eagle_TRT.o
                0x0000000020000025                SCL_G_500
 .data.WHO_AM_I_G
                0x0000000020000026        0x1 build/Eagle_TRT.o
                0x0000000020000026                WHO_AM_I_G
 .data.WHO_AM_I_XM
                0x0000000020000027        0x1 build/Eagle_TRT.o
                0x0000000020000027                WHO_AM_I_XM
 .data.a_TimerInstance10
                0x0000000020000028       0x40 build/main.o
                0x0000000020000028                a_TimerInstance10
 .data.a_TimerInstance2
                0x0000000020000068       0x40 build/main.o
                0x0000000020000068                a_TimerInstance2
 .data.a_TimerInstance3
                0x00000000200000a8       0x40 build/main.o
                0x00000000200000a8                a_TimerInstance3
 .data.a_TimerInstance7
                0x00000000200000e8       0x40 build/main.o
                0x00000000200000e8                a_TimerInstance7
 .data.multiplier
                0x0000000020000128        0x4 build/main.o
                0x0000000020000128                multiplier
 .data.SystemCoreClock
                0x000000002000012c        0x4 build/system_stm32f4xx.o
                0x000000002000012c                SystemCoreClock
 .data._impure_ptr
                0x0000000020000130        0x4 /usr/lib/gcc/arm-none-eabi/9.2.0/../../../../arm-none-eabi/lib/thumb/v7e-m+fp/hard/libc.a(lib_a-impure.o)
                0x0000000020000130                _impure_ptr
 *fill*         0x0000000020000134        0x4 
 .data.impure_data
                0x0000000020000138      0x428 /usr/lib/gcc/arm-none-eabi/9.2.0/../../../../arm-none-eabi/lib/thumb/v7e-m+fp/hard/libc.a(lib_a-impure.o)
 .data.__malloc_av_
                0x0000000020000560      0x408 /usr/lib/gcc/arm-none-eabi/9.2.0/../../../../arm-none-eabi/lib/thumb/v7e-m+fp/hard/libc.a(lib_a-mallocr.o)
                0x0000000020000560                __malloc_av_
 .data.__malloc_sbrk_base
                0x0000000020000968        0x4 /usr/lib/gcc/arm-none-eabi/9.2.0/../../../../arm-none-eabi/lib/thumb/v7e-m+fp/hard/libc.a(lib_a-mallocr.o)
                0x0000000020000968                __malloc_sbrk_base
 .data.__malloc_trim_threshold
                0x000000002000096c        0x4 /usr/lib/gcc/arm-none-eabi/9.2.0/../../../../arm-none-eabi/lib/thumb/v7e-m+fp/hard/libc.a(lib_a-mallocr.o)
                0x000000002000096c                __malloc_trim_threshold
 .data.__atexit_recursive_mutex
                0x0000000020000970        0x4 /usr/lib/gcc/arm-none-eabi/9.2.0/../../../../arm-none-eabi/lib/thumb/v7e-m+fp/hard/libc.a(lib_a-__call_atexit.o)
                0x0000000020000970                __atexit_recursive_mutex
 .data.numempty
                0x0000000020000974        0x2 /usr/lib/gcc/arm-none-eabi/9.2.0/../../../../arm-none-eabi/lib/thumb/v7e-m+fp/hard/libc.a(lib_a-lnumeric.o)
 *fill*         0x0000000020000976        0x2 
 .data.__global_locale
                0x0000000020000978      0x16c /usr/lib/gcc/arm-none-eabi/9.2.0/../../../../arm-none-eabi/lib/thumb/v7e-m+fp/hard/libc.a(lib_a-locale.o)
                0x0000000020000978                __global_locale
 .data.__fdlib_version
                0x0000000020000ae4        0x1 /usr/lib/gcc/arm-none-eabi/9.2.0/../../../../arm-none-eabi/lib/thumb/v7e-m+fp/hard/libm.a(lib_a-s_lib_ver.o)
                0x0000000020000ae4                __fdlib_version
                0x0000000020000ae8                . = ALIGN (0x4)
 *fill*         0x0000000020000ae5        0x3 
                0x0000000020000ae8                _edata = .

.igot.plt       0x0000000020000ae8        0x0 load address 0x000000000800e074
 .igot.plt      0x0000000020000ae8        0x0 /usr/lib/gcc/arm-none-eabi/9.2.0/thumb/v7e-m+fp/hard/crtbegin.o
                0x0000000020000ae8                . = ALIGN (0x4)

.bss            0x0000000020000ae8      0xff4 load address 0x000000000800e074
                0x0000000020000ae8                _sbss = .
                0x0000000020000ae8                __bss_start__ = _sbss
 *(.bss)
 *(.bss*)
 .bss.completed.10254
                0x0000000020000ae8        0x1 /usr/lib/gcc/arm-none-eabi/9.2.0/thumb/v7e-m+fp/hard/crtbegin.o
 *fill*         0x0000000020000ae9        0x3 
 .bss.object.10259
                0x0000000020000aec       0x18 /usr/lib/gcc/arm-none-eabi/9.2.0/thumb/v7e-m+fp/hard/crtbegin.o
 .bss.CTRL_REG7_XM_VAL
                0x0000000020000b04        0x1 build/Eagle_TRT.o
                0x0000000020000b04                CTRL_REG7_XM_VAL
 .bss.SCL_A_2   0x0000000020000b05        0x1 build/Eagle_TRT.o
                0x0000000020000b05                SCL_A_2
 .bss.SCL_G_245
                0x0000000020000b06        0x1 build/Eagle_TRT.o
                0x0000000020000b06                SCL_G_245
 *fill*         0x0000000020000b07        0x1 
 .bss.print_q   0x0000000020000b08       0xe0 build/Eagle_TRT.o
                0x0000000020000b08                print_q
 .bss.start_string_gps
                0x0000000020000be8        0x4 build/Eagle_TRT.o
                0x0000000020000be8                start_string_gps
 .bss.calibration_flag
                0x0000000020000bec        0x4 build/main.o
                0x0000000020000bec                calibration_flag
 .bss.command_flag
                0x0000000020000bf0        0x4 build/main.o
                0x0000000020000bf0                command_flag
 .bss.flag      0x0000000020000bf4        0x4 build/main.o
                0x0000000020000bf4                flag
 .bss.__malloc_current_mallinfo
                0x0000000020000bf8       0x28 /usr/lib/gcc/arm-none-eabi/9.2.0/../../../../arm-none-eabi/lib/thumb/v7e-m+fp/hard/libc.a(lib_a-mallocr.o)
                0x0000000020000bf8                __malloc_current_mallinfo
 .bss.__malloc_max_sbrked_mem
                0x0000000020000c20        0x4 /usr/lib/gcc/arm-none-eabi/9.2.0/../../../../arm-none-eabi/lib/thumb/v7e-m+fp/hard/libc.a(lib_a-mallocr.o)
                0x0000000020000c20                __malloc_max_sbrked_mem
 .bss.__malloc_max_total_mem
                0x0000000020000c24        0x4 /usr/lib/gcc/arm-none-eabi/9.2.0/../../../../arm-none-eabi/lib/thumb/v7e-m+fp/hard/libc.a(lib_a-mallocr.o)
                0x0000000020000c24                __malloc_max_total_mem
 .bss.__malloc_top_pad
                0x0000000020000c28        0x4 /usr/lib/gcc/arm-none-eabi/9.2.0/../../../../arm-none-eabi/lib/thumb/v7e-m+fp/hard/libc.a(lib_a-mallocr.o)
                0x0000000020000c28                __malloc_top_pad
 .bss.heap_end.5507
                0x0000000020000c2c        0x4 /usr/lib/gcc/arm-none-eabi/9.2.0/../../../../arm-none-eabi/lib/thumb/v7e-m+fp/hard/libnosys.a(sbrk.o)
 *(COMMON)
 COMMON         0x0000000020000c30        0x4 build/stm32f4xx_hal.o
                0x0000000020000c30                uwTick
 *fill*         0x0000000020000c34        0x4 
 COMMON         0x0000000020000c38      0x944 build/Eagle_TRT.o
                0x0000000020000c38                pot_2
                0x0000000020000c50                WHO_AM_I_XM_VAL
                0x0000000020000c54                pot_3
                0x0000000020000c70                accel
                0x0000000020000ea8                cont_string
                0x0000000020000eb0                enc
                0x0000000020001298                cont_comma
                0x000000002000129c                data_string_gps
                0x00000000200012a0                gyro
                0x00000000200014d8                can
                0x00000000200014f4                buffer_gps
                0x00000000200014f8                pot_1
                0x0000000020001510                WHO_AM_I_G_VAL
                0x0000000020001514                huart_GPS
                0x0000000020001518                string_gps
 COMMON         0x000000002000157c      0x538 build/main.o
                0x000000002000157c                txt
                0x00000000200015e0                valMax0
                0x00000000200015e4                htim4
                0x0000000020001624                gps_main
                0x00000000200016ec                htim10
                0x000000002000172c                encoder_counter
                0x0000000020001730                htim5
                0x0000000020001770                htim3
                0x00000000200017b0                sFilter
                0x00000000200017d8                hadc1
                0x0000000020001820                val
                0x000000002000182c                huart1
                0x000000002000186c                htim11
                0x00000000200018ac                valMin0
                0x00000000200018b0                hdma_adc1
                0x0000000020001910                htim6
                0x0000000020001950                second_millis
                0x0000000020001954                val0rang
                0x0000000020001958                steer_enc_prescaler
                0x000000002000195c                hspi1
                0x00000000200019b4                htim2
                0x00000000200019f4                huart2
                0x0000000020001a34                hcan1
                0x0000000020001a5c                count_message
                0x0000000020001a60                ADC_buffer
                0x0000000020001a70                htim7
                0x0000000020001ab0                previous_millis
 COMMON         0x0000000020001ab4       0x21 /usr/lib/gcc/arm-none-eabi/9.2.0/../../../../arm-none-eabi/lib/thumb/v7e-m+fp/hard/libc.a(lib_a-lock.o)
                0x0000000020001ab4                __lock___atexit_recursive_mutex
                0x0000000020001ab8                __lock___arc4random_mutex
                0x0000000020001abc                __lock___env_recursive_mutex
                0x0000000020001ac0                __lock___sinit_recursive_mutex
                0x0000000020001ac4                __lock___malloc_recursive_mutex
                0x0000000020001ac8                __lock___at_quick_exit_mutex
                0x0000000020001acc                __lock___dd_hash_mutex
                0x0000000020001ad0                __lock___tz_mutex
                0x0000000020001ad4                __lock___sfp_recursive_mutex
 *fill*         0x0000000020001ad5        0x3 
 COMMON         0x0000000020001ad8        0x4 /usr/lib/gcc/arm-none-eabi/9.2.0/../../../../arm-none-eabi/lib/thumb/v7e-m+fp/hard/libc.a(lib_a-reent.o)
                0x0000000020001ad8                errno
                0x0000000020001adc                . = ALIGN (0x4)
                0x0000000020001adc                _ebss = .
                0x0000000020001adc                __bss_end__ = _ebss

._user_heap_stack
                0x0000000020001adc      0x604 load address 0x000000000800e074
                0x0000000020001ae0                . = ALIGN (0x8)
 *fill*         0x0000000020001adc        0x4 
                0x0000000020001ae0                PROVIDE (end = .)
                [!provide]                        PROVIDE (_end = .)
                0x0000000020001ce0                . = (. + _Min_Heap_Size)
 *fill*         0x0000000020001ae0      0x200 
                0x00000000200020e0                . = (. + _Min_Stack_Size)
 *fill*         0x0000000020001ce0      0x400 
                0x00000000200020e0                . = ALIGN (0x8)

/DISCARD/
 libc.a(*)
 libm.a(*)
 libgcc.a(*)

.ARM.attributes
                0x0000000000000000       0x30
 *(.ARM.attributes)
 .ARM.attributes
                0x0000000000000000       0x1e /usr/lib/gcc/arm-none-eabi/9.2.0/thumb/v7e-m+fp/hard/crti.o
 .ARM.attributes
                0x000000000000001e       0x34 /usr/lib/gcc/arm-none-eabi/9.2.0/thumb/v7e-m+fp/hard/crtbegin.o
 .ARM.attributes
                0x0000000000000052       0x39 build/stm32f4xx_hal.o
 .ARM.attributes
                0x000000000000008b       0x39 build/stm32f4xx_hal_adc.o
 .ARM.attributes
                0x00000000000000c4       0x39 build/stm32f4xx_hal_adc_ex.o
 .ARM.attributes
                0x00000000000000fd       0x39 build/stm32f4xx_hal_can.o
 .ARM.attributes
                0x0000000000000136       0x39 build/stm32f4xx_hal_cortex.o
 .ARM.attributes
                0x000000000000016f       0x39 build/stm32f4xx_hal_dma.o
 .ARM.attributes
                0x00000000000001a8       0x39 build/stm32f4xx_hal_gpio.o
 .ARM.attributes
                0x00000000000001e1       0x39 build/stm32f4xx_hal_rcc.o
 .ARM.attributes
                0x000000000000021a       0x39 build/stm32f4xx_hal_rcc_ex.o
 .ARM.attributes
                0x0000000000000253       0x39 build/stm32f4xx_hal_spi.o
 .ARM.attributes
                0x000000000000028c       0x39 build/stm32f4xx_hal_tim.o
 .ARM.attributes
                0x00000000000002c5       0x39 build/stm32f4xx_hal_tim_ex.o
 .ARM.attributes
                0x00000000000002fe       0x39 build/stm32f4xx_hal_uart.o
 .ARM.attributes
                0x0000000000000337       0x39 build/Eagle_TRT.o
 .ARM.attributes
                0x0000000000000370       0x39 build/main.o
 .ARM.attributes
                0x00000000000003a9       0x39 build/stm32f4xx_hal_msp.o
 .ARM.attributes
                0x00000000000003e2       0x39 build/stm32f4xx_it.o
 .ARM.attributes
                0x000000000000041b       0x39 build/system_stm32f4xx.o
 .ARM.attributes
                0x0000000000000454       0x21 build/startup_stm32f446xx.o
 .ARM.attributes
                0x0000000000000475       0x34 /usr/lib/gcc/arm-none-eabi/9.2.0/../../../../arm-none-eabi/lib/thumb/v7e-m+fp/hard/libc.a(lib_a-atexit.o)
 .ARM.attributes
                0x00000000000004a9       0x34 /usr/lib/gcc/arm-none-eabi/9.2.0/../../../../arm-none-eabi/lib/thumb/v7e-m+fp/hard/libc.a(lib_a-atof.o)
 .ARM.attributes
                0x00000000000004dd       0x34 /usr/lib/gcc/arm-none-eabi/9.2.0/../../../../arm-none-eabi/lib/thumb/v7e-m+fp/hard/libc.a(lib_a-fini.o)
 .ARM.attributes
                0x0000000000000511       0x32 /usr/lib/gcc/arm-none-eabi/9.2.0/../../../../arm-none-eabi/lib/thumb/v7e-m+fp/hard/libc.a(lib_a-impure.o)
 .ARM.attributes
                0x0000000000000543       0x34 /usr/lib/gcc/arm-none-eabi/9.2.0/../../../../arm-none-eabi/lib/thumb/v7e-m+fp/hard/libc.a(lib_a-init.o)
 .ARM.attributes
                0x0000000000000577       0x34 /usr/lib/gcc/arm-none-eabi/9.2.0/../../../../arm-none-eabi/lib/thumb/v7e-m+fp/hard/libc.a(lib_a-malloc.o)
 .ARM.attributes
                0x00000000000005ab       0x34 /usr/lib/gcc/arm-none-eabi/9.2.0/../../../../arm-none-eabi/lib/thumb/v7e-m+fp/hard/libc.a(lib_a-mallocr.o)
 .ARM.attributes
                0x00000000000005df       0x1c /usr/lib/gcc/arm-none-eabi/9.2.0/../../../../arm-none-eabi/lib/thumb/v7e-m+fp/hard/libc.a(lib_a-memcpy.o)
 .ARM.attributes
                0x00000000000005fb       0x34 /usr/lib/gcc/arm-none-eabi/9.2.0/../../../../arm-none-eabi/lib/thumb/v7e-m+fp/hard/libc.a(lib_a-memset.o)
 .ARM.attributes
                0x000000000000062f       0x34 /usr/lib/gcc/arm-none-eabi/9.2.0/../../../../arm-none-eabi/lib/thumb/v7e-m+fp/hard/libc.a(lib_a-mlock.o)
 .ARM.attributes
                0x0000000000000663       0x34 /usr/lib/gcc/arm-none-eabi/9.2.0/../../../../arm-none-eabi/lib/thumb/v7e-m+fp/hard/libc.a(lib_a-sbrkr.o)
 .ARM.attributes
                0x0000000000000697       0x34 /usr/lib/gcc/arm-none-eabi/9.2.0/../../../../arm-none-eabi/lib/thumb/v7e-m+fp/hard/libc.a(lib_a-sprintf.o)
 .ARM.attributes
                0x00000000000006cb       0x34 /usr/lib/gcc/arm-none-eabi/9.2.0/../../../../arm-none-eabi/lib/thumb/v7e-m+fp/hard/libc.a(lib_a-strcpy.o)
 .ARM.attributes
                0x00000000000006ff       0x1c /usr/lib/gcc/arm-none-eabi/9.2.0/../../../../arm-none-eabi/lib/thumb/v7e-m+fp/hard/libc.a(lib_a-strlen.o)
 .ARM.attributes
                0x000000000000071b       0x34 /usr/lib/gcc/arm-none-eabi/9.2.0/../../../../arm-none-eabi/lib/thumb/v7e-m+fp/hard/libc.a(lib_a-strtod.o)
 .ARM.attributes
                0x000000000000074f       0x34 /usr/lib/gcc/arm-none-eabi/9.2.0/../../../../arm-none-eabi/lib/thumb/v7e-m+fp/hard/libc.a(lib_a-svfprintf.o)
 .ARM.attributes
                0x0000000000000783       0x34 /usr/lib/gcc/arm-none-eabi/9.2.0/../../../../arm-none-eabi/lib/thumb/v7e-m+fp/hard/libc.a(lib_a-__atexit.o)
 .ARM.attributes
                0x00000000000007b7       0x34 /usr/lib/gcc/arm-none-eabi/9.2.0/../../../../arm-none-eabi/lib/thumb/v7e-m+fp/hard/libc.a(lib_a-__call_atexit.o)
 .ARM.attributes
                0x00000000000007eb       0x34 /usr/lib/gcc/arm-none-eabi/9.2.0/../../../../arm-none-eabi/lib/thumb/v7e-m+fp/hard/libc.a(lib_a-dtoa.o)
 .ARM.attributes
                0x000000000000081f       0x34 /usr/lib/gcc/arm-none-eabi/9.2.0/../../../../arm-none-eabi/lib/thumb/v7e-m+fp/hard/libc.a(lib_a-freer.o)
 .ARM.attributes
                0x0000000000000853       0x34 /usr/lib/gcc/arm-none-eabi/9.2.0/../../../../arm-none-eabi/lib/thumb/v7e-m+fp/hard/libc.a(lib_a-gdtoa-gethex.o)
 .ARM.attributes
                0x0000000000000887       0x34 /usr/lib/gcc/arm-none-eabi/9.2.0/../../../../arm-none-eabi/lib/thumb/v7e-m+fp/hard/libc.a(lib_a-gdtoa-hexnan.o)
 .ARM.attributes
                0x00000000000008bb       0x34 /usr/lib/gcc/arm-none-eabi/9.2.0/../../../../arm-none-eabi/lib/thumb/v7e-m+fp/hard/libc.a(lib_a-lnumeric.o)
 .ARM.attributes
                0x00000000000008ef       0x34 /usr/lib/gcc/arm-none-eabi/9.2.0/../../../../arm-none-eabi/lib/thumb/v7e-m+fp/hard/libc.a(lib_a-localeconv.o)
 .ARM.attributes
                0x0000000000000923       0x34 /usr/lib/gcc/arm-none-eabi/9.2.0/../../../../arm-none-eabi/lib/thumb/v7e-m+fp/hard/libc.a(lib_a-locale.o)
 .ARM.attributes
                0x0000000000000957       0x34 /usr/lib/gcc/arm-none-eabi/9.2.0/../../../../arm-none-eabi/lib/thumb/v7e-m+fp/hard/libc.a(lib_a-lock.o)
 .ARM.attributes
                0x000000000000098b       0x34 /usr/lib/gcc/arm-none-eabi/9.2.0/../../../../arm-none-eabi/lib/thumb/v7e-m+fp/hard/libc.a(lib_a-mbtowc_r.o)
 .ARM.attributes
                0x00000000000009bf       0x1c /usr/lib/gcc/arm-none-eabi/9.2.0/../../../../arm-none-eabi/lib/thumb/v7e-m+fp/hard/libc.a(lib_a-memchr.o)
 .ARM.attributes
                0x00000000000009db       0x34 /usr/lib/gcc/arm-none-eabi/9.2.0/../../../../arm-none-eabi/lib/thumb/v7e-m+fp/hard/libc.a(lib_a-mprec.o)
 .ARM.attributes
                0x0000000000000a0f       0x34 /usr/lib/gcc/arm-none-eabi/9.2.0/../../../../arm-none-eabi/lib/thumb/v7e-m+fp/hard/libc.a(lib_a-reent.o)
 .ARM.attributes
                0x0000000000000a43       0x34 /usr/lib/gcc/arm-none-eabi/9.2.0/../../../../arm-none-eabi/lib/thumb/v7e-m+fp/hard/libc.a(lib_a-s_frexp.o)
 .ARM.attributes
                0x0000000000000a77       0x34 /usr/lib/gcc/arm-none-eabi/9.2.0/../../../../arm-none-eabi/lib/thumb/v7e-m+fp/hard/libc.a(lib_a-s_nan.o)
 .ARM.attributes
                0x0000000000000aab       0x34 /usr/lib/gcc/arm-none-eabi/9.2.0/../../../../arm-none-eabi/lib/thumb/v7e-m+fp/hard/libc.a(lib_a-strncmp.o)
 .ARM.attributes
                0x0000000000000adf       0x34 /usr/lib/gcc/arm-none-eabi/9.2.0/../../../../arm-none-eabi/lib/thumb/v7e-m+fp/hard/libc.a(lib_a-strncpy.o)
 .ARM.attributes
                0x0000000000000b13       0x34 /usr/lib/gcc/arm-none-eabi/9.2.0/../../../../arm-none-eabi/lib/thumb/v7e-m+fp/hard/libc.a(lib_a-svfiprintf.o)
 .ARM.attributes
                0x0000000000000b47       0x34 /usr/lib/gcc/arm-none-eabi/9.2.0/../../../../arm-none-eabi/lib/thumb/v7e-m+fp/hard/libc.a(lib_a-wctomb_r.o)
 .ARM.attributes
                0x0000000000000b7b       0x34 /usr/lib/gcc/arm-none-eabi/9.2.0/../../../../arm-none-eabi/lib/thumb/v7e-m+fp/hard/libc.a(lib_a-callocr.o)
 .ARM.attributes
                0x0000000000000baf       0x32 /usr/lib/gcc/arm-none-eabi/9.2.0/../../../../arm-none-eabi/lib/thumb/v7e-m+fp/hard/libc.a(lib_a-ctype_.o)
 .ARM.attributes
                0x0000000000000be1       0x34 /usr/lib/gcc/arm-none-eabi/9.2.0/../../../../arm-none-eabi/lib/thumb/v7e-m+fp/hard/libc.a(lib_a-memmove.o)
 .ARM.attributes
                0x0000000000000c15       0x34 /usr/lib/gcc/arm-none-eabi/9.2.0/../../../../arm-none-eabi/lib/thumb/v7e-m+fp/hard/libc.a(lib_a-reallocr.o)
 .ARM.attributes
                0x0000000000000c49       0x34 /usr/lib/gcc/arm-none-eabi/9.2.0/../../../../arm-none-eabi/lib/thumb/v7e-m+fp/hard/libm.a(lib_a-s_round.o)
 .ARM.attributes
                0x0000000000000c7d       0x34 /usr/lib/gcc/arm-none-eabi/9.2.0/../../../../arm-none-eabi/lib/thumb/v7e-m+fp/hard/libm.a(lib_a-w_sqrt.o)
 .ARM.attributes
                0x0000000000000cb1       0x34 /usr/lib/gcc/arm-none-eabi/9.2.0/../../../../arm-none-eabi/lib/thumb/v7e-m+fp/hard/libm.a(lib_a-e_sqrt.o)
 .ARM.attributes
                0x0000000000000ce5       0x32 /usr/lib/gcc/arm-none-eabi/9.2.0/../../../../arm-none-eabi/lib/thumb/v7e-m+fp/hard/libm.a(lib_a-s_lib_ver.o)
 .ARM.attributes
                0x0000000000000d17       0x34 /usr/lib/gcc/arm-none-eabi/9.2.0/../../../../arm-none-eabi/lib/thumb/v7e-m+fp/hard/libm.a(lib_a-s_matherr.o)
 .ARM.attributes
                0x0000000000000d4b       0x34 /usr/lib/gcc/arm-none-eabi/9.2.0/../../../../arm-none-eabi/lib/thumb/v7e-m+fp/hard/libnosys.a(sbrk.o)
 .ARM.attributes
                0x0000000000000d7f       0x1e /usr/lib/gcc/arm-none-eabi/9.2.0/thumb/v7e-m+fp/hard/libgcc.a(_arm_addsubdf3.o)
 .ARM.attributes
                0x0000000000000d9d       0x1e /usr/lib/gcc/arm-none-eabi/9.2.0/thumb/v7e-m+fp/hard/libgcc.a(_arm_muldivdf3.o)
 .ARM.attributes
                0x0000000000000dbb       0x1e /usr/lib/gcc/arm-none-eabi/9.2.0/thumb/v7e-m+fp/hard/libgcc.a(_arm_cmpdf2.o)
 .ARM.attributes
                0x0000000000000dd9       0x1e /usr/lib/gcc/arm-none-eabi/9.2.0/thumb/v7e-m+fp/hard/libgcc.a(_arm_unorddf2.o)
 .ARM.attributes
                0x0000000000000df7       0x1e /usr/lib/gcc/arm-none-eabi/9.2.0/thumb/v7e-m+fp/hard/libgcc.a(_arm_fixdfsi.o)
 .ARM.attributes
                0x0000000000000e15       0x1e /usr/lib/gcc/arm-none-eabi/9.2.0/thumb/v7e-m+fp/hard/libgcc.a(_arm_fixunsdfsi.o)
 .ARM.attributes
                0x0000000000000e33       0x1e /usr/lib/gcc/arm-none-eabi/9.2.0/thumb/v7e-m+fp/hard/libgcc.a(_arm_truncdfsf2.o)
 .ARM.attributes
                0x0000000000000e51       0x1e /usr/lib/gcc/arm-none-eabi/9.2.0/thumb/v7e-m+fp/hard/libgcc.a(_aeabi_uldivmod.o)
 .ARM.attributes
                0x0000000000000e6f       0x34 /usr/lib/gcc/arm-none-eabi/9.2.0/thumb/v7e-m+fp/hard/libgcc.a(_fixdfdi.o)
 .ARM.attributes
                0x0000000000000ea3       0x34 /usr/lib/gcc/arm-none-eabi/9.2.0/thumb/v7e-m+fp/hard/libgcc.a(_fixunsdfdi.o)
 .ARM.attributes
                0x0000000000000ed7       0x34 /usr/lib/gcc/arm-none-eabi/9.2.0/thumb/v7e-m+fp/hard/libgcc.a(_udivmoddi4.o)
 .ARM.attributes
                0x0000000000000f0b       0x1e /usr/lib/gcc/arm-none-eabi/9.2.0/thumb/v7e-m+fp/hard/libgcc.a(_dvmd_tls.o)
 .ARM.attributes
                0x0000000000000f29       0x34 /usr/lib/gcc/arm-none-eabi/9.2.0/../../../../arm-none-eabi/lib/thumb/v7e-m+fp/hard/libc.a(lib_a-errno.o)
 .ARM.attributes
                0x0000000000000f5d       0x1e /usr/lib/gcc/arm-none-eabi/9.2.0/thumb/v7e-m+fp/hard/crtn.o
OUTPUT(build/FRONTAL.elf elf32-littlearm)

.debug_info     0x0000000000000000    0x1ac5b
 .debug_info    0x0000000000000000      0xb0b build/stm32f4xx_hal.o
 .debug_info    0x0000000000000b0b      0xeee build/stm32f4xx_hal_adc.o
 .debug_info    0x00000000000019f9      0xce4 build/stm32f4xx_hal_adc_ex.o
 .debug_info    0x00000000000026dd     0x1225 build/stm32f4xx_hal_can.o
 .debug_info    0x0000000000003902     0x103d build/stm32f4xx_hal_cortex.o
 .debug_info    0x000000000000493f      0xaef build/stm32f4xx_hal_dma.o
 .debug_info    0x000000000000542e      0x86e build/stm32f4xx_hal_gpio.o
 .debug_info    0x0000000000005c9c      0xb68 build/stm32f4xx_hal_rcc.o
 .debug_info    0x0000000000006804      0xcd2 build/stm32f4xx_hal_rcc_ex.o
 .debug_info    0x00000000000074d6     0x1d2b build/stm32f4xx_hal_spi.o
 .debug_info    0x0000000000009201     0x3478 build/stm32f4xx_hal_tim.o
 .debug_info    0x000000000000c679     0x1615 build/stm32f4xx_hal_tim_ex.o
 .debug_info    0x000000000000dc8e     0x18ad build/stm32f4xx_hal_uart.o
 .debug_info    0x000000000000f53b     0x3ee2 build/Eagle_TRT.o
 .debug_info    0x000000000001341d     0x40d4 build/main.o
 .debug_info    0x00000000000174f1     0x1eb7 build/stm32f4xx_hal_msp.o
 .debug_info    0x00000000000193a8     0x12ca build/stm32f4xx_it.o
 .debug_info    0x000000000001a672      0x5c7 build/system_stm32f4xx.o
 .debug_info    0x000000000001ac39       0x22 build/startup_stm32f446xx.o

.debug_abbrev   0x0000000000000000     0x2dc4
 .debug_abbrev  0x0000000000000000      0x1ef build/stm32f4xx_hal.o
 .debug_abbrev  0x00000000000001ef      0x28f build/stm32f4xx_hal_adc.o
 .debug_abbrev  0x000000000000047e      0x299 build/stm32f4xx_hal_adc_ex.o
 .debug_abbrev  0x0000000000000717      0x277 build/stm32f4xx_hal_can.o
 .debug_abbrev  0x000000000000098e      0x33b build/stm32f4xx_hal_cortex.o
 .debug_abbrev  0x0000000000000cc9      0x2aa build/stm32f4xx_hal_dma.o
 .debug_abbrev  0x0000000000000f73      0x21a build/stm32f4xx_hal_gpio.o
 .debug_abbrev  0x000000000000118d      0x28b build/stm32f4xx_hal_rcc.o