Eagle_TRT.c:129:7:send_config	24	static
Eagle_TRT.c:143:7:LSMD9S0_accel_gyro_init	16	static
Eagle_TRT.c:191:8:LSMD9S0_read	32	static
Eagle_TRT.c:254:6:LSMD9S0_check	120	static
Eagle_TRT.c:299:7:LSM9DS0_calibration	40	static
Eagle_TRT.c:325:7:LSMD9S0_gyro_read	24	static
Eagle_TRT.c:413:7:LSMD9S0_accel_read	16	static
Eagle_TRT.c:496:6:CAN_Send	48	static
Eagle_TRT.c:521:6:CAN_Receive	48	static
Eagle_TRT.c:539:13:next	16	static
Eagle_TRT.c:545:7:init	16	static
Eagle_TRT.c:551:13:emptyp	16	static
Eagle_TRT.c:556:13:fullp	16	static
Eagle_TRT.c:561:6:push	32	static
Eagle_TRT.c:583:6:pop	24	static
Eagle_TRT.c:605:6:print	24	static
Eagle_TRT.c:622:7:print_it	72	static
Eagle_TRT.c:650:6:gps_init	16	static
Eagle_TRT.c:682:6:gps_read_it	64	static
Eagle_TRT.c:854:13:checksum	40	static
Eagle_TRT.c:898:9:read_encoder	32	static
Eagle_TRT.c:952:7:encoder_tim_interrupt	24	static
Eagle_TRT.c:994:7:get_speed_encoder	48	static
Eagle_TRT.c:1047:7:calc_pot_value	24	static
Eagle_TRT.c:1063:6:implausibility_check	24	static
Eagle_TRT.c:1096:7:set_max	16	static
Eagle_TRT.c:1104:7:set_min	16	static
Eagle_TRT.c:1113:5:bin_dec	40	static
Eagle_TRT.c:1127:8:Power	40	static
Eagle_TRT.c:1144:6:shift_array	32	static
Eagle_TRT.c:1152:8:speed_filter	80	static
Eagle_TRT.c:1186:8:dynamic_average	48	static
