Eagle_TRT.c:129:7:send_config	24	static
Eagle_TRT.c:143:7:LSMD9S0_accel_gyro_init	16	static
Eagle_TRT.c:191:8:LSMD9S0_read	32	static
Eagle_TRT.c:254:6:LSMD9S0_check	120	static
Eagle_TRT.c:299:7:LSM9DS0_calibration	40	static
Eagle_TRT.c:325:7:LSMD9S0_gyro_read	24	static
Eagle_TRT.c:391:7:LSMD9S0_accel_read	16	static
Eagle_TRT.c:452:6:CAN_Send	48	static
Eagle_TRT.c:477:6:CAN_Receive	48	static
Eagle_TRT.c:495:13:next	16	static
Eagle_TRT.c:501:7:init	16	static
Eagle_TRT.c:507:13:emptyp	16	static
Eagle_TRT.c:512:13:fullp	16	static
Eagle_TRT.c:517:6:push	32	static
Eagle_TRT.c:539:6:pop	24	static
Eagle_TRT.c:561:6:print	24	static
Eagle_TRT.c:578:7:print_it	72	static
Eagle_TRT.c:606:6:gps_init	16	static
Eagle_TRT.c:638:6:gps_read_it	64	static
Eagle_TRT.c:810:13:checksum	40	static
Eagle_TRT.c:854:9:read_encoder	32	static
Eagle_TRT.c:909:7:encoder_tim_interrupt	24	static
Eagle_TRT.c:951:7:get_speed_encoder	56	static
Eagle_TRT.c:1006:7:calc_pot_value	24	static
Eagle_TRT.c:1022:6:implausibility_check	24	static
Eagle_TRT.c:1055:7:set_max	16	static
Eagle_TRT.c:1063:7:set_min	16	static
Eagle_TRT.c:1072:5:bin_dec	40	static
Eagle_TRT.c:1086:8:Power	40	static
Eagle_TRT.c:1103:6:shift_array	32	static
Eagle_TRT.c:1111:8:speed_filter	80	static
Eagle_TRT.c:1145:8:dynamic_average	48	static
