Eagle_TRT.c:129:7:send_config	24	static
Eagle_TRT.c:143:7:LSMD9S0_accel_gyro_init	16	static
Eagle_TRT.c:191:8:LSMD9S0_read	32	static
Eagle_TRT.c:254:6:LSMD9S0_check	120	static
Eagle_TRT.c:299:7:LSM9DS0_calibration	40	static
Eagle_TRT.c:325:7:LSMD9S0_gyro_read	24	static
Eagle_TRT.c:416:7:LSMD9S0_accel_read	16	static
Eagle_TRT.c:499:6:CAN_Send	48	static
Eagle_TRT.c:524:6:CAN_Receive	48	static
Eagle_TRT.c:542:13:next	16	static
Eagle_TRT.c:548:7:init	16	static
Eagle_TRT.c:554:13:emptyp	16	static
Eagle_TRT.c:559:13:fullp	16	static
Eagle_TRT.c:564:6:push	32	static
Eagle_TRT.c:586:6:pop	24	static
Eagle_TRT.c:608:6:print	24	static
Eagle_TRT.c:625:7:print_it	72	static
Eagle_TRT.c:653:6:gps_init	16	static
Eagle_TRT.c:685:6:gps_read_it	64	static
Eagle_TRT.c:857:13:checksum	40	static
Eagle_TRT.c:901:9:read_encoder	32	static
Eagle_TRT.c:955:7:encoder_tim_interrupt	24	static
Eagle_TRT.c:997:7:get_speed_encoder	48	static
Eagle_TRT.c:1050:7:calc_pot_value	24	static
Eagle_TRT.c:1066:6:implausibility_check	24	static
Eagle_TRT.c:1099:7:set_max	16	static
Eagle_TRT.c:1107:7:set_min	16	static
Eagle_TRT.c:1116:5:bin_dec	40	static
Eagle_TRT.c:1130:8:Power	40	static
Eagle_TRT.c:1147:6:shift_array	32	static
Eagle_TRT.c:1155:8:speed_filter	80	static
Eagle_TRT.c:1189:8:dynamic_average	48	static
