main.c:128:6:HAL_ADC_ConvCpltCallback	16	static
main.c:148:5:main	24	static
main.c:316:6:SystemClock_Config	88	static
main.c:359:13:MX_NVIC_Init	8	static
main.c:401:13:MX_ADC1_Init	24	static
main.c:451:13:MX_CAN1_Init	8	static
main.c:488:13:MX_SPI1_Init	8	static
main.c:526:13:MX_TIM2_Init	56	static
main.c:578:13:MX_TIM3_Init	32	static
main.c:623:13:MX_TIM4_Init	32	static
main.c:668:13:MX_TIM5_Init	32	static
main.c:713:13:MX_TIM6_Init	16	static
main.c:751:13:MX_TIM7_Init	16	static
main.c:789:13:MX_TIM10_Init	8	static
main.c:820:13:MX_TIM11_Init	8	static
main.c:851:13:MX_USART1_UART_Init	8	static
main.c:884:13:MX_USART2_UART_Init	8	static
main.c:915:13:MX_DMA_Init	16	static
main.c:933:13:MX_GPIO_Init	48	static
main.c:988:6:HAL_UART_RxCpltCallback	16	static
main.c:994:6:HAL_UART_TxCpltCallback	16	static
main.c:1000:6:HAL_CAN_RxFifo0FullCallback	40	static
main.c:1077:6:HAL_TIM_PeriodElapsedCallback	16	static
main.c:1110:5:send_CAN_data	48	static
main.c:1252:6:Error_Handler	8	static
