main.c:128:6:HAL_ADC_ConvCpltCallback	16	static
main.c:148:5:main	16	static
main.c:311:6:SystemClock_Config	88	static
main.c:354:13:MX_NVIC_Init	8	static
main.c:396:13:MX_ADC1_Init	24	static
main.c:446:13:MX_CAN1_Init	8	static
main.c:483:13:MX_SPI1_Init	8	static
main.c:521:13:MX_TIM2_Init	56	static
main.c:573:13:MX_TIM3_Init	32	static
main.c:618:13:MX_TIM4_Init	32	static
main.c:663:13:MX_TIM5_Init	32	static
main.c:708:13:MX_TIM6_Init	16	static
main.c:746:13:MX_TIM7_Init	16	static
main.c:784:13:MX_TIM10_Init	8	static
main.c:815:13:MX_TIM11_Init	8	static
main.c:846:13:MX_USART1_UART_Init	8	static
main.c:879:13:MX_USART2_UART_Init	8	static
main.c:910:13:MX_DMA_Init	16	static
main.c:928:13:MX_GPIO_Init	48	static
main.c:983:6:HAL_UART_RxCpltCallback	16	static
main.c:989:6:HAL_UART_TxCpltCallback	16	static
main.c:995:6:HAL_CAN_RxFifo0FullCallback	40	static
main.c:1072:6:HAL_TIM_PeriodElapsedCallback	16	static
main.c:1103:5:send_CAN_data	48	static
main.c:1247:6:Error_Handler	8	static
