stm32f4xx_it.c:80:6:NMI_Handler	4	static
stm32f4xx_it.c:93:6:HardFault_Handler	4	static
stm32f4xx_it.c:108:6:MemManage_Handler	4	static
stm32f4xx_it.c:123:6:BusFault_Handler	4	static
stm32f4xx_it.c:138:6:UsageFault_Handler	4	static
stm32f4xx_it.c:153:6:SVC_Handler	4	static
stm32f4xx_it.c:166:6:DebugMon_Handler	4	static
stm32f4xx_it.c:179:6:PendSV_Handler	4	static
stm32f4xx_it.c:192:6:SysTick_Handler	8	static
stm32f4xx_it.c:213:6:ADC_IRQHandler	8	static
stm32f4xx_it.c:227:6:CAN1_TX_IRQHandler	8	static
stm32f4xx_it.c:241:6:CAN1_RX0_IRQHandler	8	static
stm32f4xx_it.c:255:6:CAN1_RX1_IRQHandler	8	static
stm32f4xx_it.c:269:6:CAN1_SCE_IRQHandler	8	static
stm32f4xx_it.c:283:6:TIM1_UP_TIM10_IRQHandler	8	static
stm32f4xx_it.c:297:6:TIM2_IRQHandler	8	static
stm32f4xx_it.c:311:6:TIM4_IRQHandler	8	static
stm32f4xx_it.c:325:6:USART1_IRQHandler	8	static
stm32f4xx_it.c:339:6:USART2_IRQHandler	8	static
stm32f4xx_it.c:353:6:TIM5_IRQHandler	8	static
stm32f4xx_it.c:367:6:TIM6_DAC_IRQHandler	8	static
stm32f4xx_it.c:381:6:TIM7_IRQHandler	8	static
stm32f4xx_it.c:395:6:DMA2_Stream0_IRQHandler	8	static
