Archive member included to satisfy reference by file (symbol)

/usr/lib/gcc/arm-none-eabi/6.3.1/../../../arm-none-eabi/lib/thumb/v7e-m/fpv4-sp/hard/libc.a(lib_a-atexit.o)
                              /usr/lib/gcc/arm-none-eabi/6.3.1/../../../arm-none-eabi/lib/thumb/v7e-m/fpv4-sp/hard/crt0.o (atexit)
/usr/lib/gcc/arm-none-eabi/6.3.1/../../../arm-none-eabi/lib/thumb/v7e-m/fpv4-sp/hard/libc.a(lib_a-atoi.o)
                              build/main.o (atoi)
/usr/lib/gcc/arm-none-eabi/6.3.1/../../../arm-none-eabi/lib/thumb/v7e-m/fpv4-sp/hard/libc.a(lib_a-exit.o)
                              /usr/lib/gcc/arm-none-eabi/6.3.1/../../../arm-none-eabi/lib/thumb/v7e-m/fpv4-sp/hard/crt0.o (exit)
/usr/lib/gcc/arm-none-eabi/6.3.1/../../../arm-none-eabi/lib/thumb/v7e-m/fpv4-sp/hard/libc.a(lib_a-fini.o)
                              /usr/lib/gcc/arm-none-eabi/6.3.1/../../../arm-none-eabi/lib/thumb/v7e-m/fpv4-sp/hard/crt0.o (__libc_fini_array)
/usr/lib/gcc/arm-none-eabi/6.3.1/../../../arm-none-eabi/lib/thumb/v7e-m/fpv4-sp/hard/libc.a(lib_a-impure.o)
                              /usr/lib/gcc/arm-none-eabi/6.3.1/../../../arm-none-eabi/lib/thumb/v7e-m/fpv4-sp/hard/libc.a(lib_a-exit.o) (_global_impure_ptr)
/usr/lib/gcc/arm-none-eabi/6.3.1/../../../arm-none-eabi/lib/thumb/v7e-m/fpv4-sp/hard/libc.a(lib_a-init.o)
                              /usr/lib/gcc/arm-none-eabi/6.3.1/../../../arm-none-eabi/lib/thumb/v7e-m/fpv4-sp/hard/crt0.o (__libc_init_array)
/usr/lib/gcc/arm-none-eabi/6.3.1/../../../arm-none-eabi/lib/thumb/v7e-m/fpv4-sp/hard/libc.a(lib_a-memset.o)
                              /usr/lib/gcc/arm-none-eabi/6.3.1/../../../arm-none-eabi/lib/thumb/v7e-m/fpv4-sp/hard/crt0.o (memset)
/usr/lib/gcc/arm-none-eabi/6.3.1/../../../arm-none-eabi/lib/thumb/v7e-m/fpv4-sp/hard/libc.a(lib_a-sprintf.o)
                              build/main.o (sprintf)
/usr/lib/gcc/arm-none-eabi/6.3.1/../../../arm-none-eabi/lib/thumb/v7e-m/fpv4-sp/hard/libc.a(lib_a-strlen.o)
                              build/main.o (strlen)
/usr/lib/gcc/arm-none-eabi/6.3.1/../../../arm-none-eabi/lib/thumb/v7e-m/fpv4-sp/hard/libc.a(lib_a-strtol.o)
                              /usr/lib/gcc/arm-none-eabi/6.3.1/../../../arm-none-eabi/lib/thumb/v7e-m/fpv4-sp/hard/libc.a(lib_a-atoi.o) (_strtol_r)
/usr/lib/gcc/arm-none-eabi/6.3.1/../../../arm-none-eabi/lib/thumb/v7e-m/fpv4-sp/hard/libc.a(lib_a-svfprintf.o)
                              /usr/lib/gcc/arm-none-eabi/6.3.1/../../../arm-none-eabi/lib/thumb/v7e-m/fpv4-sp/hard/libc.a(lib_a-sprintf.o) (_svfprintf_r)
/usr/lib/gcc/arm-none-eabi/6.3.1/../../../arm-none-eabi/lib/thumb/v7e-m/fpv4-sp/hard/libc.a(lib_a-__atexit.o)
                              /usr/lib/gcc/arm-none-eabi/6.3.1/../../../arm-none-eabi/lib/thumb/v7e-m/fpv4-sp/hard/libc.a(lib_a-atexit.o) (__register_exitproc)
/usr/lib/gcc/arm-none-eabi/6.3.1/../../../arm-none-eabi/lib/thumb/v7e-m/fpv4-sp/hard/libc.a(lib_a-__call_atexit.o)
                              /usr/lib/gcc/arm-none-eabi/6.3.1/../../../arm-none-eabi/lib/thumb/v7e-m/fpv4-sp/hard/libc.a(lib_a-exit.o) (__call_exitprocs)
/usr/lib/gcc/arm-none-eabi/6.3.1/../../../arm-none-eabi/lib/thumb/v7e-m/fpv4-sp/hard/libc.a(lib_a-ctype_.o)
                              /usr/lib/gcc/arm-none-eabi/6.3.1/../../../arm-none-eabi/lib/thumb/v7e-m/fpv4-sp/hard/libc.a(lib_a-strtol.o) (__ctype_ptr__)
/usr/lib/gcc/arm-none-eabi/6.3.1/../../../arm-none-eabi/lib/thumb/v7e-m/fpv4-sp/hard/libc.a(lib_a-dtoa.o)
                              /usr/lib/gcc/arm-none-eabi/6.3.1/../../../arm-none-eabi/lib/thumb/v7e-m/fpv4-sp/hard/libc.a(lib_a-svfprintf.o) (_dtoa_r)
/usr/lib/gcc/arm-none-eabi/6.3.1/../../../arm-none-eabi/lib/thumb/v7e-m/fpv4-sp/hard/libc.a(lib_a-locale.o)
                              /usr/lib/gcc/arm-none-eabi/6.3.1/../../../arm-none-eabi/lib/thumb/v7e-m/fpv4-sp/hard/libc.a(lib_a-svfprintf.o) (_localeconv_r)
/usr/lib/gcc/arm-none-eabi/6.3.1/../../../arm-none-eabi/lib/thumb/v7e-m/fpv4-sp/hard/libc.a(lib_a-mallocr.o)
                              /usr/lib/gcc/arm-none-eabi/6.3.1/../../../arm-none-eabi/lib/thumb/v7e-m/fpv4-sp/hard/libc.a(lib_a-svfprintf.o) (_malloc_r)
/usr/lib/gcc/arm-none-eabi/6.3.1/../../../arm-none-eabi/lib/thumb/v7e-m/fpv4-sp/hard/libc.a(lib_a-memchr.o)
                              /usr/lib/gcc/arm-none-eabi/6.3.1/../../../arm-none-eabi/lib/thumb/v7e-m/fpv4-sp/hard/libc.a(lib_a-svfprintf.o) (memchr)
/usr/lib/gcc/arm-none-eabi/6.3.1/../../../arm-none-eabi/lib/thumb/v7e-m/fpv4-sp/hard/libc.a(lib_a-memcpy.o)
                              /usr/lib/gcc/arm-none-eabi/6.3.1/../../../arm-none-eabi/lib/thumb/v7e-m/fpv4-sp/hard/libc.a(lib_a-dtoa.o) (memcpy)
/usr/lib/gcc/arm-none-eabi/6.3.1/../../../arm-none-eabi/lib/thumb/v7e-m/fpv4-sp/hard/libc.a(lib_a-mlock.o)
                              /usr/lib/gcc/arm-none-eabi/6.3.1/../../../arm-none-eabi/lib/thumb/v7e-m/fpv4-sp/hard/libc.a(lib_a-mallocr.o) (__malloc_lock)
[...]
Memory Configuration

Name             Origin             Length             Attributes
RAM              0x0000000020000000 0x0000000000020000 xrw
FLASH            0x0000000008000000 0x0000000000080000 xr
*default*        0x0000000000000000 0xffffffffffffffff

Linker script and memory map

LOAD /usr/lib/gcc/arm-none-eabi/6.3.1/thumb/v7e-m/fpv4-sp/hard/crti.o
LOAD /usr/lib/gcc/arm-none-eabi/6.3.1/thumb/v7e-m/fpv4-sp/hard/crtbegin.o
LOAD /usr/lib/gcc/arm-none-eabi/6.3.1/../../../arm-none-eabi/lib/thumb/v7e-m/fpv4-sp/hard/crt0.o
LOAD build/stm32f4xx_hal.o
LOAD build/stm32f4xx_hal_adc.o
LOAD build/stm32f4xx_hal_adc_ex.o
LOAD build/stm32f4xx_hal_can.o
LOAD build/stm32f4xx_hal_cortex.o
LOAD build/stm32f4xx_hal_dma.o
LOAD build/stm32f4xx_hal_dma_ex.o
LOAD build/stm32f4xx_hal_exti.o
LOAD build/stm32f4xx_hal_flash.o
LOAD build/stm32f4xx_hal_flash_ex.o
LOAD build/stm32f4xx_hal_flash_ramfunc.o
LOAD build/stm32f4xx_hal_gpio.o
LOAD build/stm32f4xx_hal_pwr.o
LOAD build/stm32f4xx_hal_pwr_ex.o
LOAD build/stm32f4xx_hal_rcc.o
LOAD build/stm32f4xx_hal_rcc_ex.o
LOAD build/stm32f4xx_hal_sd.o
LOAD build/stm32f4xx_hal_tim.o
LOAD build/stm32f4xx_hal_tim_ex.o
LOAD build/stm32f4xx_hal_uart.o
LOAD build/stm32f4xx_ll_sdmmc.o
LOAD build/main.o
LOAD build/stm32f4xx_hal_msp.o
LOAD build/stm32f4xx_it.o
LOAD build/system_stm32f4xx.o
LOAD build/startup_stm32f446xx.o
LOAD /usr/lib/gcc/arm-none-eabi/6.3.1/../../../arm-none-eabi/lib/thumb/v7e-m/fpv4-sp/hard/libc.a
LOAD /usr/lib/gcc/arm-none-eabi/6.3.1/../../../arm-none-eabi/lib/thumb/v7e-m/fpv4-sp/hard/libm.a
LOAD /usr/lib/gcc/arm-none-eabi/6.3.1/../../../arm-none-eabi/lib/thumb/v7e-m/fpv4-sp/hard/libnosys.a
START GROUP
LOAD /usr/lib/gcc/arm-none-eabi/6.3.1/thumb/v7e-m/fpv4-sp/hard/libgcc.a
LOAD /usr/lib/gcc/arm-none-eabi/6.3.1/../../../arm-none-eabi/lib/thumb/v7e-m/fpv4-sp/hard/libc.a
END GROUP
START GROUP
LOAD /usr/lib/gcc/arm-none-eabi/6.3.1/thumb/v7e-m/fpv4-sp/hard/libgcc.a
LOAD /usr/lib/gcc/arm-none-eabi/6.3.1/../../../arm-none-eabi/lib/thumb/v7e-m/fpv4-sp/hard/libc.a
LOAD /usr/lib/gcc/arm-none-eabi/6.3.1/../../../arm-none-eabi/lib/thumb/v7e-m/fpv4-sp/hard/libnosys.a
END GROUP
LOAD /usr/lib/gcc/arm-none-eabi/6.3.1/thumb/v7e-m/fpv4-sp/hard/crtend.o
LOAD /usr/lib/gcc/arm-none-eabi/6.3.1/thumb/v7e-m/fpv4-sp/hard/crtn.o
                0x0000000020020000                _estack = 0x20020000
                0x0000000000002000                _Min_Heap_Size = 0x2000
                0x0000000000004000                _Min_Stack_Size = 0x4000

.isr_vector     0x0000000008000000      0x1c4
                0x0000000008000000                . = ALIGN (0x4)
 *(.isr_vector)
 .isr_vector    0x0000000008000000      0x1c4 build/startup_stm32f446xx.o
                0x0000000008000000                g_pfnVectors
                0x00000000080001c4                . = ALIGN (0x4)

.text           0x0000000008000200     0x9e70
                0x0000000008000200                . = ALIGN (0x4)
 *(.text)
 .text          0x0000000008000200       0xa4 /usr/lib/gcc/arm-none-eabi/6.3.1/thumb/v7e-m/fpv4-sp/hard/crtbegin.o
 .text          0x00000000080002a4        0xc /usr/lib/gcc/arm-none-eabi/6.3.1/../../../arm-none-eabi/lib/thumb/v7e-m/fpv4-sp/hard/libc.a(lib_a-atexit.o)
                0x00000000080002a4                atexit
 .text          0x00000000080002b0       0x10 /usr/lib/gcc/arm-none-eabi/6.3.1/../../../arm-none-eabi/lib/thumb/v7e-m/fpv4-sp/hard/libc.a(lib_a-atoi.o)
                0x00000000080002b0                atoi
                0x00000000080002b8                _atoi_r
 .text          0x00000000080002c0       0x34 /usr/lib/gcc/arm-none-eabi/6.3.1/../../../arm-none-eabi/lib/thumb/v7e-m/fpv4-sp/hard/libc.a(lib_a-fini.o)
                0x00000000080002c0                __libc_fini_array
 .text          0x00000000080002f4       0x50 /usr/lib/gcc/arm-none-eabi/6.3.1/../../../arm-none-eabi/lib/thumb/v7e-m/fpv4-sp/hard/libc.a(lib_a-init.o)
                0x00000000080002f4                __libc_init_array
 .text          0x0000000008000344       0x9c /usr/lib/gcc/arm-none-eabi/6.3.1/../../../arm-none-eabi/lib/thumb/v7e-m/fpv4-sp/hard/libc.a(lib_a-memset.o)
                0x0000000008000344                memset
 .text          0x00000000080003e0       0x90 /usr/lib/gcc/arm-none-eabi/6.3.1/../../../arm-none-eabi/lib/thumb/v7e-m/fpv4-sp/hard/libc.a(lib_a-sprintf.o)
                0x00000000080003e0                _sprintf_r
                0x0000000008000424                sprintf
 *fill*         0x0000000008000470       0x10 
 .text          0x0000000008000480       0xdc /usr/lib/gcc/arm-none-eabi/6.3.1/../../../arm-none-eabi/lib/thumb/v7e-m/fpv4-sp/hard/libc.a(lib_a-strlen.o)
                0x0000000008000480                strlen
 .text          0x000000000800055c      0x128 /usr/lib/gcc/arm-none-eabi/6.3.1/../../../arm-none-eabi/lib/thumb/v7e-m/fpv4-sp/hard/libc.a(lib_a-strtol.o)
                0x000000000800055c                _strtol_r
                0x000000000800066c                strtol
 *fill*         0x0000000008000684        0x4 
 .text          0x0000000008000688     0x1488 /usr/lib/gcc/arm-none-eabi/6.3.1/../../../arm-none-eabi/lib/thumb/v7e-m/fpv4-sp/hard/libc.a(lib_a-svfprintf.o)
                0x0000000008000688                _svfprintf_r
 .text          0x0000000008001b10       0xa4 /usr/lib/gcc/arm-none-eabi/6.3.1/../../../arm-none-eabi/lib/thumb/v7e-m/fpv4-sp/hard/libc.a(lib_a-__atexit.o)
                0x0000000008001b10                __register_exitproc
 *fill*         0x0000000008001bb4        0x4 
 .text          0x0000000008001bb8      0xf74 /usr/lib/gcc/arm-none-eabi/6.3.1/../../../arm-none-eabi/lib/thumb/v7e-m/fpv4-sp/hard/libc.a(lib_a-dtoa.o)
                0x0000000008001ce0                _dtoa_r
 .text          0x0000000008002b2c       0x80 /usr/lib/gcc/arm-none-eabi/6.3.1/../../../arm-none-eabi/lib/thumb/v7e-m/fpv4-sp/hard/libc.a(lib_a-locale.o)
                0x0000000008002b2c                _setlocale_r
                0x0000000008002b6c                __locale_charset
                0x0000000008002b74                __locale_mb_cur_max
                0x0000000008002b80                __locale_msgcharset
                0x0000000008002b88                __locale_cjk_lang
                0x0000000008002b8c                _localeconv_r
                0x0000000008002b94                setlocale
                0x0000000008002ba4                localeconv
 .text          0x0000000008002bac      0x554 /usr/lib/gcc/arm-none-eabi/6.3.1/../../../arm-none-eabi/lib/thumb/v7e-m/fpv4-sp/hard/libc.a(lib_a-mallocr.o)
                0x0000000008002bac                _malloc_r
 .text          0x0000000008003100       0xa0 /usr/lib/gcc/arm-none-eabi/6.3.1/../../../arm-none-eabi/lib/thumb/v7e-m/fpv4-sp/hard/libc.a(lib_a-memchr.o)
                0x0000000008003100                memchr
 .text          0x00000000080031a0      0x134 /usr/lib/gcc/arm-none-eabi/6.3.1/../../../arm-none-eabi/lib/thumb/v7e-m/fpv4-sp/hard/libc.a(lib_a-memcpy.o)
                0x00000000080031a0                memcpy
 .text          0x00000000080032d4        0x8 /usr/lib/gcc/arm-none-eabi/6.3.1/../../../arm-none-eabi/lib/thumb/v7e-m/fpv4-sp/hard/libc.a(lib_a-mlock.o)
                0x00000000080032d4                __malloc_lock
                0x00000000080032d8                __malloc_unlock
 .text          0x00000000080032dc      0x8f4 /usr/lib/gcc/arm-none-eabi/6.3.1/../../../arm-none-eabi/lib/thumb/v7e-m/fpv4-sp/hard/libc.a(lib_a-mprec.o)
                0x00000000080032dc                _Balloc
                0x0000000008003328                _Bfree
                0x000000000800333c                __multadd
                0x00000000080033bc                __s2b
                0x0000000008003458                __hi0bits
                0x0000000008003498                __lo0bits
                0x00000000080034f8                __i2b
                0x000000000800350c                __multiply
                0x0000000008003630                __pow5mult
                0x00000000080036d0                __lshift
                0x0000000008003774                __mcmp
                0x00000000080037ac                __mdiff
                0x00000000080038b4                __ulp
                0x0000000008003908                __b2d
                0x00000000080039cc                __d2b
                0x0000000008003a88                __ratio
                0x0000000008003ae8                _mprec_log10
                0x0000000008003b28                __copybits
                0x0000000008003b70                __any_on
 .text          0x0000000008003bd0       0x24 /usr/lib/gcc/arm-none-eabi/6.3.1/../../../arm-none-eabi/lib/thumb/v7e-m/fpv4-sp/hard/libc.a(lib_a-sbrkr.o)
                0x0000000008003bd0                _sbrk_r
 *fill*         0x0000000008003bf4        0xc 
 .text          0x0000000008003c00      0x2dc /usr/lib/gcc/arm-none-eabi/6.3.1/../../../arm-none-eabi/lib/thumb/v7e-m/fpv4-sp/hard/libc.a(lib_a-strcmp.o)
                0x0000000008003c08                strcmp
 .text          0x0000000008003edc      0xb50 /usr/lib/gcc/arm-none-eabi/6.3.1/../../../arm-none-eabi/lib/thumb/v7e-m/fpv4-sp/hard/libc.a(lib_a-svfiprintf.o)
                0x0000000008003edc                __ssprint_r
                0x0000000008003fd8                _svfiprintf_r
 .text          0x0000000008004a2c       0x60 /usr/lib/gcc/arm-none-eabi/6.3.1/../../../arm-none-eabi/lib/thumb/v7e-m/fpv4-sp/hard/libc.a(lib_a-callocr.o)
                0x0000000008004a2c                _calloc_r
 .text          0x0000000008004a8c      0x26c /usr/lib/gcc/arm-none-eabi/6.3.1/../../../arm-none-eabi/lib/thumb/v7e-m/fpv4-sp/hard/libc.a(lib_a-freer.o)
                0x0000000008004a8c                _malloc_trim_r
                0x0000000008004b2c                _free_r
 .text          0x0000000008004cf8       0xc8 /usr/lib/gcc/arm-none-eabi/6.3.1/../../../arm-none-eabi/lib/thumb/v7e-m/fpv4-sp/hard/libc.a(lib_a-memmove.o)
                0x0000000008004cf8                memmove
 .text          0x0000000008004dc0      0x34c /usr/lib/gcc/arm-none-eabi/6.3.1/../../../arm-none-eabi/lib/thumb/v7e-m/fpv4-sp/hard/libc.a(lib_a-reallocr.o)
                0x0000000008004dc0                _realloc_r
 .text          0x000000000800510c       0x1c /usr/lib/gcc/arm-none-eabi/6.3.1/../../../arm-none-eabi/lib/thumb/v7e-m/fpv4-sp/hard/libnosys.a(sbrk.o)
                0x000000000800510c                _sbrk
 .text          0x0000000008005128      0x370 /usr/lib/gcc/arm-none-eabi/6.3.1/thumb/v7e-m/fpv4-sp/hard/libgcc.a(_arm_addsubdf3.o)
                0x0000000008005128                __aeabi_drsub
                0x0000000008005130                __aeabi_dsub
                0x0000000008005130                __subdf3
                0x0000000008005134                __adddf3
                0x0000000008005134                __aeabi_dadd
                0x00000000080053ac                __aeabi_ui2d
                0x00000000080053ac                __floatunsidf
                0x00000000080053cc                __floatsidf
                0x00000000080053cc                __aeabi_i2d
                0x00000000080053f0                __extendsfdf2
                0x00000000080053f0                __aeabi_f2d
                0x000000000800542c                __aeabi_ul2d
                0x000000000800542c                __floatundidf
                0x000000000800543c                __floatdidf
                0x000000000800543c                __aeabi_l2d
 .text          0x0000000008005498      0x424 /usr/lib/gcc/arm-none-eabi/6.3.1/thumb/v7e-m/fpv4-sp/hard/libgcc.a(_arm_muldivdf3.o)
                0x0000000008005498                __aeabi_dmul
                0x0000000008005498                __muldf3
                0x00000000080056ec                __aeabi_ddiv
                0x00000000080056ec                __divdf3
 .text          0x00000000080058bc      0x110 /usr/lib/gcc/arm-none-eabi/6.3.1/thumb/v7e-m/fpv4-sp/hard/libgcc.a(_arm_cmpdf2.o)
                0x00000000080058bc                __gtdf2
                0x00000000080058bc                __gedf2
                0x00000000080058c4                __ltdf2
                0x00000000080058c4                __ledf2
                0x00000000080058cc                __cmpdf2
                0x00000000080058cc                __eqdf2
                0x00000000080058cc                __nedf2
                0x0000000008005948                __aeabi_cdrcmple
                0x0000000008005958                __aeabi_cdcmple
                0x0000000008005958                __aeabi_cdcmpeq
                0x0000000008005968                __aeabi_dcmpeq
                0x000000000800597c                __aeabi_dcmplt
                0x0000000008005990                __aeabi_dcmple
                0x00000000080059a4                __aeabi_dcmpge
                0x00000000080059b8                __aeabi_dcmpgt
 .text          0x00000000080059cc       0x2c /usr/lib/gcc/arm-none-eabi/6.3.1/thumb/v7e-m/fpv4-sp/hard/libgcc.a(_arm_unorddf2.o)
                0x00000000080059cc                __aeabi_dcmpun
                0x00000000080059cc                __unorddf2
 .text          0x00000000080059f8       0x50 /usr/lib/gcc/arm-none-eabi/6.3.1/thumb/v7e-m/fpv4-sp/hard/libgcc.a(_arm_fixdfsi.o)
                0x00000000080059f8                __fixdfsi
                0x00000000080059f8                __aeabi_d2iz
 .text          0x0000000008005a48       0x30 /usr/lib/gcc/arm-none-eabi/6.3.1/thumb/v7e-m/fpv4-sp/hard/libgcc.a(_aeabi_uldivmod.o)
                0x0000000008005a48                __aeabi_uldivmod
 .text          0x0000000008005a78      0x2dc /usr/lib/gcc/arm-none-eabi/6.3.1/thumb/v7e-m/fpv4-sp/hard/libgcc.a(_udivmoddi4.o)
                0x0000000008005a78                __udivmoddi4
 .text          0x0000000008005d54        0x4 /usr/lib/gcc/arm-none-eabi/6.3.1/thumb/v7e-m/fpv4-sp/hard/libgcc.a(_dvmd_tls.o)
                0x0000000008005d54                __aeabi_ldiv0
                0x0000000008005d54                __aeabi_idiv0
 *(.text*)
 .text.HAL_InitTick
                0x0000000008005d58       0x4c build/stm32f4xx_hal.o
                0x0000000008005d58                HAL_InitTick
 .text.HAL_Init
                0x0000000008005da4       0x34 build/stm32f4xx_hal.o
                0x0000000008005da4                HAL_Init
 .text.HAL_IncTick
                0x0000000008005dd8       0x18 build/stm32f4xx_hal.o
                0x0000000008005dd8                HAL_IncTick
 .text.HAL_GetTick
                0x0000000008005df0        0xc build/stm32f4xx_hal.o
                0x0000000008005df0                HAL_GetTick
 .text.HAL_Delay
                0x0000000008005dfc       0x28 build/stm32f4xx_hal.o
                0x0000000008005dfc                HAL_Delay
 .text.ADC_Init
                0x0000000008005e24      0x134 build/stm32f4xx_hal_adc.o
 .text.HAL_ADC_Init
                0x0000000008005f58       0x56 build/stm32f4xx_hal_adc.o
                0x0000000008005f58                HAL_ADC_Init
 *fill*         0x0000000008005fae        0x2 
 .text.HAL_ADC_ConfigChannel
                0x0000000008005fb0      0x1a4 build/stm32f4xx_hal_adc.o
                0x0000000008005fb0                HAL_ADC_ConfigChannel
 .text.HAL_CAN_Init
                0x0000000008006154      0x14c build/stm32f4xx_hal_can.o
                0x0000000008006154                HAL_CAN_Init
 .text.HAL_CAN_ConfigFilter
                0x00000000080062a0      0x12c build/stm32f4xx_hal_can.o
                0x00000000080062a0                HAL_CAN_ConfigFilter
 .text.HAL_CAN_Start
                0x00000000080063cc       0x5c build/stm32f4xx_hal_can.o
                0x00000000080063cc                HAL_CAN_Start
 .text.HAL_CAN_AddTxMessage
                0x0000000008006428       0xea build/stm32f4xx_hal_can.o
                0x0000000008006428                HAL_CAN_AddTxMessage
 .text.HAL_CAN_GetTxMailboxesFreeLevel
                0x0000000008006512       0x36 build/stm32f4xx_hal_can.o
                0x0000000008006512                HAL_CAN_GetTxMailboxesFreeLevel
 .text.HAL_CAN_IsTxMessagePending
                0x0000000008006548       0x24 build/stm32f4xx_hal_can.o
                0x0000000008006548                HAL_CAN_IsTxMessagePending
 .text.HAL_CAN_GetRxMessage
                0x000000000800656c      0x134 build/stm32f4xx_hal_can.o
                0x000000000800656c                HAL_CAN_GetRxMessage
 .text.HAL_CAN_GetRxFifoFillLevel
                0x00000000080066a0       0x26 build/stm32f4xx_hal_can.o
                0x00000000080066a0                HAL_CAN_GetRxFifoFillLevel
 .text.HAL_CAN_ActivateNotification
                0x00000000080066c6       0x24 build/stm32f4xx_hal_can.o
                0x00000000080066c6                HAL_CAN_ActivateNotification
 .text.HAL_CAN_DeactivateNotification
                0x00000000080066ea       0x26 build/stm32f4xx_hal_can.o
                0x00000000080066ea                HAL_CAN_DeactivateNotification
 .text.HAL_CAN_TxMailbox0CompleteCallback
                0x0000000008006710        0x2 build/stm32f4xx_hal_can.o
                0x0000000008006710                HAL_CAN_TxMailbox0CompleteCallback
 .text.HAL_CAN_TxMailbox1CompleteCallback
                0x0000000008006712        0x2 build/stm32f4xx_hal_can.o
                0x0000000008006712                HAL_CAN_TxMailbox1CompleteCallback
 .text.HAL_CAN_TxMailbox2CompleteCallback
                0x0000000008006714        0x2 build/stm32f4xx_hal_can.o
                0x0000000008006714                HAL_CAN_TxMailbox2CompleteCallback
 .text.HAL_CAN_TxMailbox0AbortCallback
                0x0000000008006716        0x2 build/stm32f4xx_hal_can.o
                0x0000000008006716                HAL_CAN_TxMailbox0AbortCallback
 .text.HAL_CAN_TxMailbox1AbortCallback
                0x0000000008006718        0x2 build/stm32f4xx_hal_can.o
                0x0000000008006718                HAL_CAN_TxMailbox1AbortCallback
 .text.HAL_CAN_TxMailbox2AbortCallback
                0x000000000800671a        0x2 build/stm32f4xx_hal_can.o
                0x000000000800671a                HAL_CAN_TxMailbox2AbortCallback
 .text.HAL_CAN_RxFifo0MsgPendingCallback
                0x000000000800671c        0x2 build/stm32f4xx_hal_can.o
                0x000000000800671c                HAL_CAN_RxFifo0MsgPendingCallback
 .text.HAL_CAN_RxFifo1MsgPendingCallback
                0x000000000800671e        0x2 build/stm32f4xx_hal_can.o
                0x000000000800671e                HAL_CAN_RxFifo1MsgPendingCallback
 .text.HAL_CAN_RxFifo1FullCallback
                0x0000000008006720        0x2 build/stm32f4xx_hal_can.o
                0x0000000008006720                HAL_CAN_RxFifo1FullCallback
 .text.HAL_CAN_SleepCallback
                0x0000000008006722        0x2 build/stm32f4xx_hal_can.o
                0x0000000008006722                HAL_CAN_SleepCallback
 .text.HAL_CAN_WakeUpFromRxMsgCallback
                0x0000000008006724        0x2 build/stm32f4xx_hal_can.o
                0x0000000008006724                HAL_CAN_WakeUpFromRxMsgCallback
 .text.HAL_CAN_ErrorCallback
                0x0000000008006726        0x2 build/stm32f4xx_hal_can.o
                0x0000000008006726                HAL_CAN_ErrorCallback
 .text.HAL_CAN_IRQHandler
                0x0000000008006728      0x258 build/stm32f4xx_hal_can.o
                0x0000000008006728                HAL_CAN_IRQHandler
 .text.HAL_NVIC_SetPriorityGrouping
                0x0000000008006980       0x24 build/stm32f4xx_hal_cortex.o
                0x0000000008006980                HAL_NVIC_SetPriorityGrouping
 .text.HAL_NVIC_SetPriority
                0x00000000080069a4       0x64 build/stm32f4xx_hal_cortex.o
                0x00000000080069a4                HAL_NVIC_SetPriority
 .text.HAL_NVIC_EnableIRQ
                0x0000000008006a08       0x1c build/stm32f4xx_hal_cortex.o
                0x0000000008006a08                HAL_NVIC_EnableIRQ
 .text.HAL_SYSTICK_Config
                0x0000000008006a24       0x2c build/stm32f4xx_hal_cortex.o
                0x0000000008006a24                HAL_SYSTICK_Config
 .text.DMA_CalcBaseAndBitshift
                0x0000000008006a50       0x3c build/stm32f4xx_hal_dma.o
 .text.DMA_CheckFifoParam
                0x0000000008006a8c       0x8e build/stm32f4xx_hal_dma.o
 *fill*         0x0000000008006b1a        0x2 
 .text.HAL_DMA_Init
                0x0000000008006b1c       0xd0 build/stm32f4xx_hal_dma.o
                0x0000000008006b1c                HAL_DMA_Init
 .text.HAL_DMA_Abort_IT
                0x0000000008006bec       0x26 build/stm32f4xx_hal_dma.o
                0x0000000008006bec                HAL_DMA_Abort_IT
 *fill*         0x0000000008006c12        0x2 
 .text.HAL_DMA_IRQHandler
                0x0000000008006c14      0x1dc build/stm32f4xx_hal_dma.o
                0x0000000008006c14                HAL_DMA_IRQHandler
 .text.HAL_GPIO_Init
                0x0000000008006df0      0x1c4 build/stm32f4xx_hal_gpio.o
                0x0000000008006df0                HAL_GPIO_Init
 .text.HAL_GPIO_WritePin
                0x0000000008006fb4        0xc build/stm32f4xx_hal_gpio.o
                0x0000000008006fb4                HAL_GPIO_WritePin
 .text.HAL_GPIO_TogglePin
                0x0000000008006fc0       0x12 build/stm32f4xx_hal_gpio.o
                0x0000000008006fc0                HAL_GPIO_TogglePin
 *fill*         0x0000000008006fd2        0x2 
 .text.HAL_RCC_ClockConfig
                0x0000000008006fd4      0x158 build/stm32f4xx_hal_rcc.o
                0x0000000008006fd4                HAL_RCC_ClockConfig
 .text.HAL_RCC_GetHCLKFreq
                0x000000000800712c        0xc build/stm32f4xx_hal_rcc.o
                0x000000000800712c                HAL_RCC_GetHCLKFreq
 .text.HAL_RCC_GetPCLK1Freq
                0x0000000008007138       0x20 build/stm32f4xx_hal_rcc.o
                0x0000000008007138                HAL_RCC_GetPCLK1Freq
 .text.HAL_RCC_GetPCLK2Freq
                0x0000000008007158       0x20 build/stm32f4xx_hal_rcc.o
                0x0000000008007158                HAL_RCC_GetPCLK2Freq
 .text.HAL_RCCEx_PeriphCLKConfig
                0x0000000008007178      0x480 build/stm32f4xx_hal_rcc_ex.o
                0x0000000008007178                HAL_RCCEx_PeriphCLKConfig
 .text.HAL_RCC_GetSysClockFreq
                0x00000000080075f8      0x180 build/stm32f4xx_hal_rcc_ex.o
                0x00000000080075f8                HAL_RCC_GetSysClockFreq
 .text.HAL_RCC_OscConfig
                0x0000000008007778      0x3c4 build/stm32f4xx_hal_rcc_ex.o
                0x0000000008007778                HAL_RCC_OscConfig
 .text.SD_PowerON
                0x0000000008007b3c       0xdc build/stm32f4xx_hal_sd.o
 .text.SD_Read_IT
                0x0000000008007c18       0x24 build/stm32f4xx_hal_sd.o
 .text.SD_Write_IT
                0x0000000008007c3c       0x24 build/stm32f4xx_hal_sd.o
 .text.SD_SendStatus
                0x0000000008007c60       0x2a build/stm32f4xx_hal_sd.o
 .text.HAL_SD_TxCpltCallback
                0x0000000008007c8a        0x2 build/stm32f4xx_hal_sd.o
                0x0000000008007c8a                HAL_SD_TxCpltCallback
 .text.HAL_SD_RxCpltCallback
                0x0000000008007c8c        0x2 build/stm32f4xx_hal_sd.o
                0x0000000008007c8c                HAL_SD_RxCpltCallback
 .text.HAL_SD_ErrorCallback
                0x0000000008007c8e        0x2 build/stm32f4xx_hal_sd.o
                0x0000000008007c8e                HAL_SD_ErrorCallback
 .text.HAL_SD_AbortCallback
                0x0000000008007c90        0x2 build/stm32f4xx_hal_sd.o
                0x0000000008007c90                HAL_SD_AbortCallback
 .text.HAL_SD_GetCardCSD
                0x0000000008007c92      0x1e4 build/stm32f4xx_hal_sd.o
                0x0000000008007c92                HAL_SD_GetCardCSD
 .text.SD_InitCard
                0x0000000008007e76       0xf4 build/stm32f4xx_hal_sd.o
 *fill*         0x0000000008007f6a        0x2 
 .text.HAL_SD_InitCard
                0x0000000008007f6c       0x78 build/stm32f4xx_hal_sd.o
                0x0000000008007f6c                HAL_SD_InitCard
 .text.HAL_SD_Init
                0x0000000008007fe4       0x32 build/stm32f4xx_hal_sd.o
                0x0000000008007fe4                HAL_SD_Init
 .text.HAL_SD_GetCardState
                0x0000000008008016       0x26 build/stm32f4xx_hal_sd.o
                0x0000000008008016                HAL_SD_GetCardState
 .text.SD_DMATxAbort
                0x000000000800803c       0x4a build/stm32f4xx_hal_sd.o
 .text.SD_DMARxAbort
                0x0000000008008086       0x4a build/stm32f4xx_hal_sd.o
 .text.HAL_SD_IRQHandler
                0x00000000080080d0      0x1c0 build/stm32f4xx_hal_sd.o
                0x00000000080080d0                HAL_SD_IRQHandler
 .text.HAL_TIM_Base_Start
                0x0000000008008290       0x24 build/stm32f4xx_hal_tim.o
                0x0000000008008290                HAL_TIM_Base_Start
 .text.HAL_TIM_Base_Start_IT
                0x00000000080082b4       0x22 build/stm32f4xx_hal_tim.o
                0x00000000080082b4                HAL_TIM_Base_Start_IT
 .text.HAL_TIM_PeriodElapsedCallback
                0x00000000080082d6        0x2 build/stm32f4xx_hal_tim.o
                0x00000000080082d6                HAL_TIM_PeriodElapsedCallback
 .text.HAL_TIM_OC_DelayElapsedCallback
                0x00000000080082d8        0x2 build/stm32f4xx_hal_tim.o
                0x00000000080082d8                HAL_TIM_OC_DelayElapsedCallback
 .text.HAL_TIM_IC_CaptureCallback
                0x00000000080082da        0x2 build/stm32f4xx_hal_tim.o
                0x00000000080082da                HAL_TIM_IC_CaptureCallback
 .text.HAL_TIM_PWM_PulseFinishedCallback
                0x00000000080082dc        0x2 build/stm32f4xx_hal_tim.o
                0x00000000080082dc                HAL_TIM_PWM_PulseFinishedCallback
 .text.HAL_TIM_TriggerCallback
                0x00000000080082de        0x2 build/stm32f4xx_hal_tim.o
                0x00000000080082de                HAL_TIM_TriggerCallback
 .text.HAL_TIM_IRQHandler
                0x00000000080082e0      0x17a build/stm32f4xx_hal_tim.o
                0x00000000080082e0                HAL_TIM_IRQHandler
 *fill*         0x000000000800845a        0x2 
 .text.TIM_Base_SetConfig
                0x000000000800845c       0xcc build/stm32f4xx_hal_tim.o
                0x000000000800845c                TIM_Base_SetConfig
 .text.HAL_TIM_Base_Init
                0x0000000008008528       0x32 build/stm32f4xx_hal_tim.o
                0x0000000008008528                HAL_TIM_Base_Init
 .text.HAL_TIMEx_MasterConfigSynchronization
                0x000000000800855a       0x46 build/stm32f4xx_hal_tim_ex.o
                0x000000000800855a                HAL_TIMEx_MasterConfigSynchronization
 .text.HAL_TIMEx_CommutCallback
                0x00000000080085a0        0x2 build/stm32f4xx_hal_tim_ex.o
                0x00000000080085a0                HAL_TIMEx_CommutCallback
 .text.HAL_TIMEx_BreakCallback
                0x00000000080085a2        0x2 build/stm32f4xx_hal_tim_ex.o
                0x00000000080085a2                HAL_TIMEx_BreakCallback
 .text.UART_EndRxTransfer
                0x00000000080085a4       0x1c build/stm32f4xx_hal_uart.o
 .text.UART_Transmit_IT
                0x00000000080085c0       0x6a build/stm32f4xx_hal_uart.o
 *fill*         0x000000000800862a        0x2 
 .text.UART_SetConfig
                0x000000000800862c      0x344 build/stm32f4xx_hal_uart.o
 .text.UART_WaitOnFlagUntilTimeout
                0x0000000008008970       0x64 build/stm32f4xx_hal_uart.o
 .text.HAL_UART_Init
                0x00000000080089d4       0x5e build/stm32f4xx_hal_uart.o
                0x00000000080089d4                HAL_UART_Init
 .text.HAL_UART_Transmit
                0x0000000008008a32       0xe2 build/stm32f4xx_hal_uart.o
                0x0000000008008a32                HAL_UART_Transmit
 .text.HAL_UART_Receive_IT
                0x0000000008008b14       0x5c build/stm32f4xx_hal_uart.o
                0x0000000008008b14                HAL_UART_Receive_IT
 .text.HAL_UART_TxCpltCallback
                0x0000000008008b70        0x2 build/stm32f4xx_hal_uart.o
                0x0000000008008b70                HAL_UART_TxCpltCallback
 .text.UART_EndTransmit_IT
                0x0000000008008b72       0x1a build/stm32f4xx_hal_uart.o
 .text.UART_Receive_IT
                0x0000000008008b8c       0x9e build/stm32f4xx_hal_uart.o
 .text.HAL_UART_ErrorCallback
                0x0000000008008c2a        0x2 build/stm32f4xx_hal_uart.o
                0x0000000008008c2a                HAL_UART_ErrorCallback
 .text.HAL_UART_IRQHandler
                0x0000000008008c2c      0x120 build/stm32f4xx_hal_uart.o
                0x0000000008008c2c                HAL_UART_IRQHandler
 .text.UART_DMAAbortOnError
                0x0000000008008d4c       0x10 build/stm32f4xx_hal_uart.o
 .text.SDMMC_GetCmdError
                0x0000000008008d5c       0x3c build/stm32f4xx_ll_sdmmc.o
 .text.SDMMC_GetCmdResp2
                0x0000000008008d98       0x5c build/stm32f4xx_ll_sdmmc.o
 .text.SDMMC_GetCmdResp3
                0x0000000008008df4       0x4c build/stm32f4xx_ll_sdmmc.o
 .text.SDMMC_GetCmdResp7
                0x0000000008008e40       0x54 build/stm32f4xx_ll_sdmmc.o
 .text.SDIO_Init
                0x0000000008008e94       0x38 build/stm32f4xx_ll_sdmmc.o
                0x0000000008008e94                SDIO_Init
 .text.SDIO_ReadFIFO
                0x0000000008008ecc        0x6 build/stm32f4xx_ll_sdmmc.o
                0x0000000008008ecc                SDIO_ReadFIFO
 .text.SDIO_WriteFIFO
                0x0000000008008ed2        0xa build/stm32f4xx_ll_sdmmc.o
                0x0000000008008ed2                SDIO_WriteFIFO
 .text.SDIO_PowerState_ON
                0x0000000008008edc        0x8 build/stm32f4xx_ll_sdmmc.o
                0x0000000008008edc                SDIO_PowerState_ON
 .text.SDIO_GetPowerState
                0x0000000008008ee4        0x8 build/stm32f4xx_ll_sdmmc.o
                0x0000000008008ee4                SDIO_GetPowerState
 .text.SDIO_SendCommand
                0x0000000008008eec       0x24 build/stm32f4xx_ll_sdmmc.o
                0x0000000008008eec                SDIO_SendCommand
 .text.SDIO_GetCommandResponse
                0x0000000008008f10        0x6 build/stm32f4xx_ll_sdmmc.o
                0x0000000008008f10                SDIO_GetCommandResponse
 .text.SDIO_GetResponse
                0x0000000008008f16       0x14 build/stm32f4xx_ll_sdmmc.o
                0x0000000008008f16                SDIO_GetResponse
 *fill*         0x0000000008008f2a        0x2 
 .text.SDMMC_GetCmdResp1
                0x0000000008008f2c      0x158 build/stm32f4xx_ll_sdmmc.o
 .text.SDMMC_GetCmdResp6
                0x0000000008009084       0xa0 build/stm32f4xx_ll_sdmmc.o
 .text.SDMMC_CmdStopTransfer
                0x0000000008009124       0x34 build/stm32f4xx_ll_sdmmc.o
                0x0000000008009124                SDMMC_CmdStopTransfer
 .text.SDMMC_CmdSelDesel
                0x0000000008009158       0x30 build/stm32f4xx_ll_sdmmc.o
                0x0000000008009158                SDMMC_CmdSelDesel
 .text.SDMMC_CmdGoIdleState
                0x0000000008009188       0x26 build/stm32f4xx_ll_sdmmc.o
                0x0000000008009188                SDMMC_CmdGoIdleState
 .text.SDMMC_CmdOperCond
                0x00000000080091ae       0x2e build/stm32f4xx_ll_sdmmc.o
                0x00000000080091ae                SDMMC_CmdOperCond
 .text.SDMMC_CmdAppCommand
                0x00000000080091dc       0x30 build/stm32f4xx_ll_sdmmc.o
                0x00000000080091dc                SDMMC_CmdAppCommand
 .text.SDMMC_CmdAppOperCommand
                0x000000000800920c       0x32 build/stm32f4xx_ll_sdmmc.o
                0x000000000800920c                SDMMC_CmdAppOperCommand
 .text.SDMMC_CmdSendCID
                0x000000000800923e       0x2a build/stm32f4xx_ll_sdmmc.o
                0x000000000800923e                SDMMC_CmdSendCID
 .text.SDMMC_CmdSendCSD
                0x0000000008009268       0x2a build/stm32f4xx_ll_sdmmc.o
                0x0000000008009268                SDMMC_CmdSendCSD
 .text.SDMMC_CmdSetRelAdd
                0x0000000008009292       0x30 build/stm32f4xx_ll_sdmmc.o
                0x0000000008009292                SDMMC_CmdSetRelAdd
 .text.SDMMC_CmdSendStatus
                0x00000000080092c2       0x30 build/stm32f4xx_ll_sdmmc.o
                0x00000000080092c2                SDMMC_CmdSendStatus
 *fill*         0x00000000080092f2        0x2 
 .text.MX_GPIO_Init
                0x00000000080092f4       0xc4 build/main.o
 .text.MX_DMA_Init
                0x00000000080093b8       0x44 build/main.o
 .text.MX_NVIC_Init
                0x00000000080093fc       0x74 build/main.o
 .text.MX_USART3_UART_Init
                0x0000000008009470       0x2c build/main.o
 .text.MX_USART2_UART_Init
                0x000000000800949c       0x30 build/main.o
 .text.MX_SDIO_SD_Init
                0x00000000080094cc       0x24 build/main.o
 .text.MX_CAN1_Init
                0x00000000080094f0       0x38 build/main.o
 .text.MX_TIM6_Init
                0x0000000008009528       0x3c build/main.o
 .text.MX_TIM7_Init
                0x0000000008009564       0x40 build/main.o
 .text.MX_ADC1_Init
                0x00000000080095a4       0x58 build/main.o
 .text.SystemClock_Config
                0x00000000080095fc       0xb0 build/main.o
                0x00000000080095fc                SystemClock_Config
 .text.main     0x00000000080096ac      0x2d4 build/main.o
                0x00000000080096ac                main
 .text.CAN_Receive
                0x0000000008009980       0x2c build/main.o
                0x0000000008009980                CAN_Receive
 .text.HAL_CAN_RxFifo0FullCallback
                0x00000000080099ac       0xf4 build/main.o
                0x00000000080099ac                HAL_CAN_RxFifo0FullCallback
 .text.HAL_UART_RxCpltCallback
                0x0000000008009aa0       0x54 build/main.o
                0x0000000008009aa0                HAL_UART_RxCpltCallback
 .text.Error_Handler
                0x0000000008009af4        0x2 build/main.o
                0x0000000008009af4                Error_Handler
 *fill*         0x0000000008009af6        0x2 
 .text.HAL_MspInit
                0x0000000008009af8       0x38 build/stm32f4xx_hal_msp.o
                0x0000000008009af8                HAL_MspInit
 .text.HAL_ADC_MspInit
                0x0000000008009b30       0x68 build/stm32f4xx_hal_msp.o
                0x0000000008009b30                HAL_ADC_MspInit
 .text.HAL_CAN_MspInit
                0x0000000008009b98       0x70 build/stm32f4xx_hal_msp.o
                0x0000000008009b98                HAL_CAN_MspInit
 .text.HAL_SD_MspInit
                0x0000000008009c08      0x198 build/stm32f4xx_hal_msp.o
                0x0000000008009c08                HAL_SD_MspInit
 .text.HAL_TIM_Base_MspInit
                0x0000000008009da0       0x54 build/stm32f4xx_hal_msp.o
                0x0000000008009da0                HAL_TIM_Base_MspInit
 .text.HAL_UART_MspInit
                0x0000000008009df4       0xf8 build/stm32f4xx_hal_msp.o
                0x0000000008009df4                HAL_UART_MspInit
 .text.NMI_Handler
                0x0000000008009eec        0x2 build/stm32f4xx_it.o
                0x0000000008009eec                NMI_Handler
 .text.HardFault_Handler
                0x0000000008009eee        0x2 build/stm32f4xx_it.o
                0x0000000008009eee                HardFault_Handler
 .text.MemManage_Handler
                0x0000000008009ef0        0x2 build/stm32f4xx_it.o
                0x0000000008009ef0                MemManage_Handler
 .text.BusFault_Handler
                0x0000000008009ef2        0x2 build/stm32f4xx_it.o
                0x0000000008009ef2                BusFault_Handler
 .text.UsageFault_Handler
                0x0000000008009ef4        0x2 build/stm32f4xx_it.o
                0x0000000008009ef4                UsageFault_Handler
 .text.SVC_Handler
                0x0000000008009ef6        0x2 build/stm32f4xx_it.o
                0x0000000008009ef6                SVC_Handler
 .text.DebugMon_Handler
                0x0000000008009ef8        0x2 build/stm32f4xx_it.o
                0x0000000008009ef8                DebugMon_Handler
 .text.PendSV_Handler
                0x0000000008009efa        0x2 build/stm32f4xx_it.o
                0x0000000008009efa                PendSV_Handler
 .text.SysTick_Handler
                0x0000000008009efc        0x8 build/stm32f4xx_it.o
                0x0000000008009efc                SysTick_Handler
 .text.CAN1_RX0_IRQHandler
                0x0000000008009f04       0x10 build/stm32f4xx_it.o
                0x0000000008009f04                CAN1_RX0_IRQHandler
 .text.CAN1_RX1_IRQHandler
                0x0000000008009f14       0x10 build/stm32f4xx_it.o
                0x0000000008009f14                CAN1_RX1_IRQHandler
 .text.CAN1_SCE_IRQHandler
                0x0000000008009f24       0x10 build/stm32f4xx_it.o
                0x0000000008009f24                CAN1_SCE_IRQHandler
 .text.USART2_IRQHandler
                0x0000000008009f34       0x10 build/stm32f4xx_it.o
                0x0000000008009f34                USART2_IRQHandler
 .text.USART3_IRQHandler
                0x0000000008009f44       0x10 build/stm32f4xx_it.o
                0x0000000008009f44                USART3_IRQHandler
 .text.SDIO_IRQHandler
                0x0000000008009f54       0x10 build/stm32f4xx_it.o
                0x0000000008009f54                SDIO_IRQHandler
 .text.TIM6_DAC_IRQHandler
                0x0000000008009f64       0x10 build/stm32f4xx_it.o
                0x0000000008009f64                TIM6_DAC_IRQHandler
 .text.TIM7_IRQHandler
                0x0000000008009f74       0x10 build/stm32f4xx_it.o
                0x0000000008009f74                TIM7_IRQHandler
 .text.DMA2_Stream3_IRQHandler
                0x0000000008009f84       0x10 build/stm32f4xx_it.o
                0x0000000008009f84                DMA2_Stream3_IRQHandler
 .text.DMA2_Stream6_IRQHandler
                0x0000000008009f94       0x10 build/stm32f4xx_it.o
                0x0000000008009f94                DMA2_Stream6_IRQHandler
 .text.SystemInit
                0x0000000008009fa4       0x4c build/system_stm32f4xx.o
                0x0000000008009fa4                SystemInit
 .text.Reset_Handler
                0x0000000008009ff0       0x50 build/startup_stm32f446xx.o
                0x0000000008009ff0                Reset_Handler
 .text.Default_Handler
                0x000000000800a040        0x2 build/startup_stm32f446xx.o
                0x000000000800a040                RTC_Alarm_IRQHandler
                0x000000000800a040                EXTI2_IRQHandler
                0x000000000800a040                TIM8_CC_IRQHandler
                0x000000000800a040                FMPI2C1_EV_IRQHandler
                0x000000000800a040                SPI4_IRQHandler
                0x000000000800a040                TIM1_CC_IRQHandler
                0x000000000800a040                DMA2_Stream5_IRQHandler
                0x000000000800a040                DMA1_Stream5_IRQHandler
                0x000000000800a040                PVD_IRQHandler
                0x000000000800a040                TAMP_STAMP_IRQHandler
                0x000000000800a040                CAN2_RX1_IRQHandler
                0x000000000800a040                EXTI3_IRQHandler
                0x000000000800a040                TIM8_TRG_COM_TIM14_IRQHandler
                0x000000000800a040                TIM1_UP_TIM10_IRQHandler
                0x000000000800a040                TIM8_UP_TIM13_IRQHandler
                0x000000000800a040                I2C3_ER_IRQHandler
                0x000000000800a040                EXTI0_IRQHandler
                0x000000000800a040                I2C2_EV_IRQHandler
                0x000000000800a040                DMA1_Stream2_IRQHandler
                0x000000000800a040                FPU_IRQHandler
                0x000000000800a040                OTG_HS_WKUP_IRQHandler
                0x000000000800a040                CAN2_SCE_IRQHandler
                0x000000000800a040                DMA2_Stream2_IRQHandler
                0x000000000800a040                SPI1_IRQHandler
                0x000000000800a040                TIM1_BRK_TIM9_IRQHandler
                0x000000000800a040                DCMI_IRQHandler
                0x000000000800a040                CAN2_RX0_IRQHandler
                0x000000000800a040                SAI2_IRQHandler
                0x000000000800a040                USART6_IRQHandler
                0x000000000800a040                UART5_IRQHandler
                0x000000000800a040                DMA2_Stream0_IRQHandler
                0x000000000800a040                TIM4_IRQHandler
                0x000000000800a040                QUADSPI_IRQHandler
                0x000000000800a040                I2C1_EV_IRQHandler
                0x000000000800a040                DMA1_Stream6_IRQHandler
                0x000000000800a040                DMA1_Stream1_IRQHandler
                0x000000000800a040                UART4_IRQHandler
                0x000000000800a040                TIM3_IRQHandler
                0x000000000800a040                RCC_IRQHandler
                0x000000000800a040                TIM8_BRK_TIM12_IRQHandler
                0x000000000800a040                Default_Handler
                0x000000000800a040                CEC_IRQHandler
                0x000000000800a040                EXTI15_10_IRQHandler
                0x000000000800a040                ADC_IRQHandler
                0x000000000800a040                DMA1_Stream7_IRQHandler
                0x000000000800a040                CAN2_TX_IRQHandler
                0x000000000800a040                TIM5_IRQHandler
                0x000000000800a040                DMA2_Stream7_IRQHandler
                0x000000000800a040                I2C3_EV_IRQHandler
                0x000000000800a040                EXTI9_5_IRQHandler
                0x000000000800a040                RTC_WKUP_IRQHandler
                0x000000000800a040                SPDIF_RX_IRQHandler
                0x000000000800a040                SPI2_IRQHandler
                0x000000000800a040                OTG_HS_EP1_IN_IRQHandler
                0x000000000800a040                DMA1_Stream0_IRQHandler
                0x000000000800a040                CAN1_TX_IRQHandler
                0x000000000800a040                FMPI2C1_ER_IRQHandler
                0x000000000800a040                EXTI4_IRQHandler
                0x000000000800a040                OTG_HS_EP1_OUT_IRQHandler
                0x000000000800a040                WWDG_IRQHandler
                0x000000000800a040                TIM2_IRQHandler
                0x000000000800a040                OTG_FS_WKUP_IRQHandler
                0x000000000800a040                TIM1_TRG_COM_TIM11_IRQHandler
                0x000000000800a040                OTG_HS_IRQHandler
                0x000000000800a040                EXTI1_IRQHandler
                0x000000000800a040                I2C2_ER_IRQHandler
                0x000000000800a040                DMA2_Stream1_IRQHandler
                0x000000000800a040                FLASH_IRQHandler
                0x000000000800a040                DMA2_Stream4_IRQHandler
                0x000000000800a040                USART1_IRQHandler
                0x000000000800a040                OTG_FS_IRQHandler
                0x000000000800a040                SPI3_IRQHandler
                0x000000000800a040                DMA1_Stream4_IRQHandler
                0x000000000800a040                I2C1_ER_IRQHandler
                0x000000000800a040                FMC_IRQHandler
                0x000000000800a040                SAI1_IRQHandler
                0x000000000800a040                DMA1_Stream3_IRQHandler
 *fill*         0x000000000800a042        0x2 
 .text.startup  0x000000000800a044       0x14 /usr/lib/gcc/arm-none-eabi/6.3.1/../../../arm-none-eabi/lib/thumb/v7e-m/fpv4-sp/hard/libc.a(lib_a-__call_atexit.o)
 *(.glue_7)
 .glue_7        0x000000000800a058        0x0 linker stubs
 *(.glue_7t)
 .glue_7t       0x000000000800a058        0x0 linker stubs
 *(.eh_frame)
 .eh_frame      0x000000000800a058        0x0 /usr/lib/gcc/arm-none-eabi/6.3.1/thumb/v7e-m/fpv4-sp/hard/crtbegin.o
 *(.init)
 .init          0x000000000800a058        0x4 /usr/lib/gcc/arm-none-eabi/6.3.1/thumb/v7e-m/fpv4-sp/hard/crti.o
                0x000000000800a058                _init
 .init          0x000000000800a05c        0x8 /usr/lib/gcc/arm-none-eabi/6.3.1/thumb/v7e-m/fpv4-sp/hard/crtn.o
 *(.fini)
 .fini          0x000000000800a064        0x4 /usr/lib/gcc/arm-none-eabi/6.3.1/thumb/v7e-m/fpv4-sp/hard/crti.o
                0x000000000800a064                _fini
 .fini          0x000000000800a068        0x8 /usr/lib/gcc/arm-none-eabi/6.3.1/thumb/v7e-m/fpv4-sp/hard/crtn.o
                0x000000000800a070                . = ALIGN (0x4)
                0x000000000800a070                _etext = .

.vfp11_veneer   0x000000000800a070        0x0
 .vfp11_veneer  0x000000000800a070        0x0 linker stubs

.v4_bx          0x000000000800a070        0x0
 .v4_bx         0x000000000800a070        0x0 linker stubs

.iplt           0x000000000800a070        0x0
 .iplt          0x000000000800a070        0x0 /usr/lib/gcc/arm-none-eabi/6.3.1/thumb/v7e-m/fpv4-sp/hard/crtbegin.o

.rodata         0x000000000800a070      0x350
                0x000000000800a070                . = ALIGN (0x4)
 *(.rodata)
 .rodata        0x000000000800a070        0x4 /usr/lib/gcc/arm-none-eabi/6.3.1/../../../arm-none-eabi/lib/thumb/v7e-m/fpv4-sp/hard/libc.a(lib_a-impure.o)
                0x000000000800a070                _global_impure_ptr
 .rodata        0x000000000800a074       0x20 /usr/lib/gcc/arm-none-eabi/6.3.1/../../../arm-none-eabi/lib/thumb/v7e-m/fpv4-sp/hard/libc.a(lib_a-svfprintf.o)
 .rodata        0x000000000800a094      0x101 /usr/lib/gcc/arm-none-eabi/6.3.1/../../../arm-none-eabi/lib/thumb/v7e-m/fpv4-sp/hard/libc.a(lib_a-ctype_.o)
                0x000000000800a094                _ctype_
 *fill*         0x000000000800a195        0x3 
 .rodata        0x000000000800a198      0x128 /usr/lib/gcc/arm-none-eabi/6.3.1/../../../arm-none-eabi/lib/thumb/v7e-m/fpv4-sp/hard/libc.a(lib_a-mprec.o)
                0x000000000800a1a8                __mprec_tens
                0x000000000800a270                __mprec_tinytens
                0x000000000800a298                __mprec_bigtens
 .rodata        0x000000000800a2c0       0x20 /usr/lib/gcc/arm-none-eabi/6.3.1/../../../arm-none-eabi/lib/thumb/v7e-m/fpv4-sp/hard/libc.a(lib_a-svfiprintf.o)
 *(.rodata*)
 .rodata.flagBitshiftOffset.8626
                0x000000000800a2e0        0x8 build/stm32f4xx_hal_dma.o
 .rodata.HAL_CAN_RxFifo0FullCallback.str1.4
                0x000000000800a2e8       0x21 build/main.o
 *fill*         0x000000000800a309        0x3 
 .rodata.main.str1.4
                0x000000000800a30c       0x38 build/main.o
 .rodata.AHBPrescTable
                0x000000000800a344       0x10 build/system_stm32f4xx.o
                0x000000000800a344                AHBPrescTable
 .rodata.APBPrescTable
                0x000000000800a354        0x8 build/system_stm32f4xx.o
                0x000000000800a354                APBPrescTable
 .rodata.str1.4
                0x000000000800a35c        0x2 /usr/lib/gcc/arm-none-eabi/6.3.1/../../../arm-none-eabi/lib/thumb/v7e-m/fpv4-sp/hard/libc.a(lib_a-impure.o)
 *fill*         0x000000000800a35e        0x2 
 .rodata.str1.4
                0x000000000800a360       0x42 /usr/lib/gcc/arm-none-eabi/6.3.1/../../../arm-none-eabi/lib/thumb/v7e-m/fpv4-sp/hard/libc.a(lib_a-svfprintf.o)
 *fill*         0x000000000800a3a2        0x2 
 .rodata.str1.4
                0x000000000800a3a4       0x10 /usr/lib/gcc/arm-none-eabi/6.3.1/../../../arm-none-eabi/lib/thumb/v7e-m/fpv4-sp/hard/libc.a(lib_a-dtoa.o)
                                         0x12 (size before relaxing)
 .rodata.str1.4
                0x000000000800a3b4        0xc /usr/lib/gcc/arm-none-eabi/6.3.1/../../../arm-none-eabi/lib/thumb/v7e-m/fpv4-sp/hard/libc.a(lib_a-locale.o)
                                         0x12 (size before relaxing)
 .rodata.str1.4
                0x000000000800a3c0       0x2f /usr/lib/gcc/arm-none-eabi/6.3.1/../../../arm-none-eabi/lib/thumb/v7e-m/fpv4-sp/hard/libc.a(lib_a-svfiprintf.o)
                0x000000000800a3f0                . = ALIGN (0x4)

.ARM.extab
 *(.ARM.extab* .gnu.linkonce.armextab.*)

.ARM            0x000000000800a3c0        0x8
                0x000000000800a3c0                __exidx_start = .
 *(.ARM.exidx*)
 .ARM.exidx     0x000000000800a3c0        0x8 /usr/lib/gcc/arm-none-eabi/6.3.1/thumb/v7e-m/fpv4-sp/hard/libgcc.a(_udivmoddi4.o)
                0x000000000800a3c8                __exidx_end = .

.rel.dyn        0x000000000800a3c8        0x0
 .rel.iplt      0x000000000800a3c8        0x0 /usr/lib/gcc/arm-none-eabi/6.3.1/thumb/v7e-m/fpv4-sp/hard/crtbegin.o

.preinit_array  0x000000000800a3c8        0x0
                0x000000000800a3c8                PROVIDE (__preinit_array_start, .)
 *(.preinit_array*)
                0x000000000800a3c8                PROVIDE (__preinit_array_end, .)

.init_array     0x000000000800a3c8        0x8
                0x000000000800a3c8                PROVIDE (__init_array_start, .)
 *(SORT(.init_array.*))
 .init_array.00000
                0x000000000800a3c8        0x4 /usr/lib/gcc/arm-none-eabi/6.3.1/../../../arm-none-eabi/lib/thumb/v7e-m/fpv4-sp/hard/libc.a(lib_a-__call_atexit.o)
 *(.init_array*)
 .init_array    0x000000000800a3cc        0x4 /usr/lib/gcc/arm-none-eabi/6.3.1/thumb/v7e-m/fpv4-sp/hard/crtbegin.o
                0x000000000800a3d0                PROVIDE (__init_array_end, .)

.fini_array     0x000000000800a3d0        0x4
                0x000000000800a3d0                PROVIDE (__fini_array_start, .)
 *(SORT(.fini_array.*))
 *(.fini_array*)
 .fini_array    0x000000000800a3d0        0x4 /usr/lib/gcc/arm-none-eabi/6.3.1/thumb/v7e-m/fpv4-sp/hard/crtbegin.o
                0x000000000800a3d4                PROVIDE (__fini_array_end, .)
                0x000000000800a3d4                _sidata = LOADADDR (.data)

.data           0x0000000020000000      0x8cc load address 0x000000000800a3d4
                0x0000000020000000                . = ALIGN (0x4)
                0x0000000020000000                _sdata = .
 *(.data)
 .data          0x0000000020000000      0x430 /usr/lib/gcc/arm-none-eabi/6.3.1/../../../arm-none-eabi/lib/thumb/v7e-m/fpv4-sp/hard/libc.a(lib_a-impure.o)
                0x0000000020000000                _impure_ptr
 .data          0x0000000020000430        0x4 /usr/lib/gcc/arm-none-eabi/6.3.1/../../../arm-none-eabi/lib/thumb/v7e-m/fpv4-sp/hard/libc.a(lib_a-ctype_.o)
                0x0000000020000430                __ctype_ptr__
 .data          0x0000000020000434       0x7c /usr/lib/gcc/arm-none-eabi/6.3.1/../../../arm-none-eabi/lib/thumb/v7e-m/fpv4-sp/hard/libc.a(lib_a-locale.o)
                0x0000000020000454                __mb_cur_max
 .data          0x00000000200004b0      0x410 /usr/lib/gcc/arm-none-eabi/6.3.1/../../../arm-none-eabi/lib/thumb/v7e-m/fpv4-sp/hard/libc.a(lib_a-mallocr.o)
                0x00000000200004b0                __malloc_av_
                0x00000000200008b8                __malloc_sbrk_base
                0x00000000200008bc                __malloc_trim_threshold
 *(.data*)
 .data.uwTickFreq
                0x00000000200008c0        0x1 build/stm32f4xx_hal.o
                0x00000000200008c0                uwTickFreq
 *fill*         0x00000000200008c1        0x3 
 .data.uwTickPrio
                0x00000000200008c4        0x4 build/stm32f4xx_hal.o
                0x00000000200008c4                uwTickPrio
 .data.SystemCoreClock
                0x00000000200008c8        0x4 build/system_stm32f4xx.o
                0x00000000200008c8                SystemCoreClock
                0x00000000200008cc                . = ALIGN (0x4)
                0x00000000200008cc                _edata = .

.jcr            0x00000000200008cc        0x0 load address 0x000000000800aca0
 .jcr           0x00000000200008cc        0x0 /usr/lib/gcc/arm-none-eabi/6.3.1/thumb/v7e-m/fpv4-sp/hard/crtbegin.o

.tm_clone_table
                0x00000000200008cc        0x0 load address 0x000000000800aca0
 .tm_clone_table
                0x00000000200008cc        0x0 /usr/lib/gcc/arm-none-eabi/6.3.1/thumb/v7e-m/fpv4-sp/hard/crtbegin.o
 .tm_clone_table
                0x00000000200008cc        0x0 /usr/lib/gcc/arm-none-eabi/6.3.1/thumb/v7e-m/fpv4-sp/hard/crtend.o

.igot.plt       0x00000000200008cc        0x0 load address 0x000000000800aca0
 .igot.plt      0x00000000200008cc        0x0 /usr/lib/gcc/arm-none-eabi/6.3.1/thumb/v7e-m/fpv4-sp/hard/crtbegin.o
                0x00000000200008cc                . = ALIGN (0x4)

.bss            0x00000000200008cc     0xcbec load address 0x000000000800aca0
                0x00000000200008cc                _sbss = .
                0x00000000200008cc                __bss_start__ = _sbss
 *(.bss)
 .bss           0x00000000200008cc       0x1c /usr/lib/gcc/arm-none-eabi/6.3.1/thumb/v7e-m/fpv4-sp/hard/crtbegin.o
 .bss           0x00000000200008e8       0x34 /usr/lib/gcc/arm-none-eabi/6.3.1/../../../arm-none-eabi/lib/thumb/v7e-m/fpv4-sp/hard/libc.a(lib_a-mallocr.o)
                0x00000000200008e8                __malloc_top_pad
                0x00000000200008ec                __malloc_current_mallinfo
                0x0000000020000914                __malloc_max_sbrked_mem
                0x0000000020000918                __malloc_max_total_mem
 .bss           0x000000002000091c        0x4 /usr/lib/gcc/arm-none-eabi/6.3.1/../../../arm-none-eabi/lib/thumb/v7e-m/fpv4-sp/hard/libnosys.a(sbrk.o)
 *(.bss*)
 .bss.a         0x0000000020000920        0x4 build/main.o
                0x0000000020000920                a
 .bss.cont_rx   0x0000000020000924        0x4 build/main.o
                0x0000000020000924                cont_rx
 .bss.flag_rx   0x0000000020000928        0x4 build/main.o
                0x0000000020000928                flag_rx
 .bss.mount_ok  0x000000002000092c        0x4 build/main.o
                0x000000002000092c                mount_ok
 .bss.msg_counter
                0x0000000020000930        0x4 build/main.o
                0x0000000020000930                msg_counter
 .bss.msg_index
                0x0000000020000934        0x4 build/main.o
                0x0000000020000934                msg_index
 .bss.printable_time
                0x0000000020000938        0x4 build/main.o
                0x0000000020000938                printable_time
 .bss.time      0x000000002000093c        0x4 build/main.o
                0x000000002000093c                time
 *(COMMON)
 COMMON         0x0000000020000940        0x4 build/stm32f4xx_hal.o
                0x0000000020000940                uwTick
 COMMON         0x0000000020000944     0xcb6e build/main.o
                0x0000000020000944                hdma_sdio_rx
                0x00000000200009a4                huart3
                0x00000000200009e4                cont_huart_rx
                0x00000000200009e8                messagesToWrite
                0x000000002000d1e8                sFilter
                0x000000002000d210                hadc1
                0x000000002000d258                cont_msg_can_to_send
                0x000000002000d25c                hdma_sdio_tx
                0x000000002000d2bc                htim6
                0x000000002000d2fc                delta
                0x000000002000d300                hsd
                0x000000002000d384                cont_length_num
                0x000000002000d388                huart2
                0x000000002000d3c8                hcan1
                0x000000002000d3f0                huart_rx
                0x000000002000d424                RxHeader
                0x000000002000d440                htim7
                0x000000002000d480                msg_can_to_send
 *fill*         0x000000002000d4b2        0x2 
 COMMON         0x000000002000d4b4        0x4 /usr/lib/gcc/arm-none-eabi/6.3.1/../../../arm-none-eabi/lib/thumb/v7e-m/fpv4-sp/hard/libc.a(lib_a-reent.o)
                0x000000002000d4b4                errno
                0x000000002000d4b8                . = ALIGN (0x4)
                0x000000002000d4b8                _ebss = .
                0x000000002000d4b8                __bss_end__ = _ebss

._user_heap_stack
                0x000000002000d4b8     0x6000 load address 0x000000000800aca0
                0x000000002000d4b8                . = ALIGN (0x8)
                0x000000002000d4b8                PROVIDE (end, .)
                [!provide]                        PROVIDE (_end, .)
                0x000000002000f4b8                . = (. + _Min_Heap_Size)
 *fill*         0x000000002000d4b8     0x2000 
                0x00000000200134b8                . = (. + _Min_Stack_Size)
 *fill*         0x000000002000f4b8     0x4000 
                0x00000000200134b8                . = ALIGN (0x8)

/DISCARD/
 libc.a(*)
 libm.a(*)
 libgcc.a(*)

.ARM.attributes
                0x0000000000000000       0x30
 *(.ARM.attributes)
 .ARM.attributes
                0x0000000000000000       0x22 /usr/lib/gcc/arm-none-eabi/6.3.1/thumb/v7e-m/fpv4-sp/hard/crti.o
 .ARM.attributes
                0x0000000000000022       0x34 /usr/lib/gcc/arm-none-eabi/6.3.1/thumb/v7e-m/fpv4-sp/hard/crtbegin.o
 .ARM.attributes
                0x0000000000000056       0x39 build/stm32f4xx_hal.o
 .ARM.attributes
                0x000000000000008f       0x39 build/stm32f4xx_hal_adc.o
 .ARM.attributes
                0x00000000000000c8       0x39 build/stm32f4xx_hal_can.o
 .ARM.attributes
                0x0000000000000101       0x39 build/stm32f4xx_hal_cortex.o
 .ARM.attributes
                0x000000000000013a       0x39 build/stm32f4xx_hal_dma.o
 .ARM.attributes
                0x0000000000000173       0x39 build/stm32f4xx_hal_gpio.o
 .ARM.attributes
                0x00000000000001ac       0x39 build/stm32f4xx_hal_rcc.o
 .ARM.attributes
                0x00000000000001e5       0x39 build/stm32f4xx_hal_rcc_ex.o
 .ARM.attributes
                0x000000000000021e       0x39 build/stm32f4xx_hal_sd.o
 .ARM.attributes
                0x0000000000000257       0x39 build/stm32f4xx_hal_tim.o
 .ARM.attributes
                0x0000000000000290       0x39 build/stm32f4xx_hal_tim_ex.o
 .ARM.attributes
                0x00000000000002c9       0x39 build/stm32f4xx_hal_uart.o
 .ARM.attributes
                0x0000000000000302       0x39 build/stm32f4xx_ll_sdmmc.o
 .ARM.attributes
                0x000000000000033b       0x39 build/main.o
 .ARM.attributes
                0x0000000000000374       0x39 build/stm32f4xx_hal_msp.o
 .ARM.attributes
                0x00000000000003ad       0x39 build/stm32f4xx_it.o
 .ARM.attributes
                0x00000000000003e6       0x39 build/system_stm32f4xx.o
 .ARM.attributes
                0x000000000000041f       0x21 build/startup_stm32f446xx.o
 .ARM.attributes
                0x0000000000000440       0x34 /usr/lib/gcc/arm-none-eabi/6.3.1/../../../arm-none-eabi/lib/thumb/v7e-m/fpv4-sp/hard/libc.a(lib_a-atexit.o)
 .ARM.attributes
                0x0000000000000474       0x34 /usr/lib/gcc/arm-none-eabi/6.3.1/../../../arm-none-eabi/lib/thumb/v7e-m/fpv4-sp/hard/libc.a(lib_a-atoi.o)
 .ARM.attributes
                0x00000000000004a8       0x34 /usr/lib/gcc/arm-none-eabi/6.3.1/../../../arm-none-eabi/lib/thumb/v7e-m/fpv4-sp/hard/libc.a(lib_a-fini.o)
 .ARM.attributes
                0x00000000000004dc       0x34 /usr/lib/gcc/arm-none-eabi/6.3.1/../../../arm-none-eabi/lib/thumb/v7e-m/fpv4-sp/hard/libc.a(lib_a-impure.o)
 .ARM.attributes
                0x0000000000000510       0x34 /usr/lib/gcc/arm-none-eabi/6.3.1/../../../arm-none-eabi/lib/thumb/v7e-m/fpv4-sp/hard/libc.a(lib_a-init.o)
 .ARM.attributes
                0x0000000000000544       0x34 /usr/lib/gcc/arm-none-eabi/6.3.1/../../../arm-none-eabi/lib/thumb/v7e-m/fpv4-sp/hard/libc.a(lib_a-memset.o)
 .ARM.attributes
                0x0000000000000578       0x34 /usr/lib/gcc/arm-none-eabi/6.3.1/../../../arm-none-eabi/lib/thumb/v7e-m/fpv4-sp/hard/libc.a(lib_a-sprintf.o)
 .ARM.attributes
                0x00000000000005ac       0x20 /usr/lib/gcc/arm-none-eabi/6.3.1/../../../arm-none-eabi/lib/thumb/v7e-m/fpv4-sp/hard/libc.a(lib_a-strlen.o)
 .ARM.attributes
                0x00000000000005cc       0x34 /usr/lib/gcc/arm-none-eabi/6.3.1/../../../arm-none-eabi/lib/thumb/v7e-m/fpv4-sp/hard/libc.a(lib_a-strtol.o)
 .ARM.attributes
                0x0000000000000600       0x34 /usr/lib/gcc/arm-none-eabi/6.3.1/../../../arm-none-eabi/lib/thumb/v7e-m/fpv4-sp/hard/libc.a(lib_a-svfprintf.o)
 .ARM.attributes
                0x0000000000000634       0x34 /usr/lib/gcc/arm-none-eabi/6.3.1/../../../arm-none-eabi/lib/thumb/v7e-m/fpv4-sp/hard/libc.a(lib_a-__atexit.o)
 .ARM.attributes
                0x0000000000000668       0x34 /usr/lib/gcc/arm-none-eabi/6.3.1/../../../arm-none-eabi/lib/thumb/v7e-m/fpv4-sp/hard/libc.a(lib_a-__call_atexit.o)
 .ARM.attributes
                0x000000000000069c       0x34 /usr/lib/gcc/arm-none-eabi/6.3.1/../../../arm-none-eabi/lib/thumb/v7e-m/fpv4-sp/hard/libc.a(lib_a-ctype_.o)
 .ARM.attributes
                0x00000000000006d0       0x34 /usr/lib/gcc/arm-none-eabi/6.3.1/../../../arm-none-eabi/lib/thumb/v7e-m/fpv4-sp/hard/libc.a(lib_a-dtoa.o)
 .ARM.attributes
                0x0000000000000704       0x34 /usr/lib/gcc/arm-none-eabi/6.3.1/../../../arm-none-eabi/lib/thumb/v7e-m/fpv4-sp/hard/libc.a(lib_a-locale.o)
 .ARM.attributes
                0x0000000000000738       0x34 /usr/lib/gcc/arm-none-eabi/6.3.1/../../../arm-none-eabi/lib/thumb/v7e-m/fpv4-sp/hard/libc.a(lib_a-mallocr.o)
 .ARM.attributes
                0x000000000000076c       0x20 /usr/lib/gcc/arm-none-eabi/6.3.1/../../../arm-none-eabi/lib/thumb/v7e-m/fpv4-sp/hard/libc.a(lib_a-memchr.o)
 .ARM.attributes
                0x000000000000078c       0x20 /usr/lib/gcc/arm-none-eabi/6.3.1/../../../arm-none-eabi/lib/thumb/v7e-m/fpv4-sp/hard/libc.a(lib_a-memcpy.o)
 .ARM.attributes
                0x00000000000007ac       0x34 /usr/lib/gcc/arm-none-eabi/6.3.1/../../../arm-none-eabi/lib/thumb/v7e-m/fpv4-sp/hard/libc.a(lib_a-mlock.o)
 .ARM.attributes
                0x00000000000007e0       0x34 /usr/lib/gcc/arm-none-eabi/6.3.1/../../../arm-none-eabi/lib/thumb/v7e-m/fpv4-sp/hard/libc.a(lib_a-mprec.o)
 .ARM.attributes
                0x0000000000000814       0x34 /usr/lib/gcc/arm-none-eabi/6.3.1/../../../arm-none-eabi/lib/thumb/v7e-m/fpv4-sp/hard/libc.a(lib_a-sbrkr.o)
 .ARM.attributes
                0x0000000000000848       0x20 /usr/lib/gcc/arm-none-eabi/6.3.1/../../../arm-none-eabi/lib/thumb/v7e-m/fpv4-sp/hard/libc.a(lib_a-strcmp.o)
 .ARM.attributes
                0x0000000000000868       0x34 /usr/lib/gcc/arm-none-eabi/6.3.1/../../../arm-none-eabi/lib/thumb/v7e-m/fpv4-sp/hard/libc.a(lib_a-svfiprintf.o)
 .ARM.attributes
                0x000000000000089c       0x34 /usr/lib/gcc/arm-none-eabi/6.3.1/../../../arm-none-eabi/lib/thumb/v7e-m/fpv4-sp/hard/libc.a(lib_a-callocr.o)
 .ARM.attributes
                0x00000000000008d0       0x34 /usr/lib/gcc/arm-none-eabi/6.3.1/../../../arm-none-eabi/lib/thumb/v7e-m/fpv4-sp/hard/libc.a(lib_a-freer.o)
 .ARM.attributes
                0x0000000000000904       0x34 /usr/lib/gcc/arm-none-eabi/6.3.1/../../../arm-none-eabi/lib/thumb/v7e-m/fpv4-sp/hard/libc.a(lib_a-memmove.o)
 .ARM.attributes
                0x0000000000000938       0x34 /usr/lib/gcc/arm-none-eabi/6.3.1/../../../arm-none-eabi/lib/thumb/v7e-m/fpv4-sp/hard/libc.a(lib_a-reallocr.o)
 .ARM.attributes
                0x000000000000096c       0x34 /usr/lib/gcc/arm-none-eabi/6.3.1/../../../arm-none-eabi/lib/thumb/v7e-m/fpv4-sp/hard/libc.a(lib_a-reent.o)
 .ARM.attributes
                0x00000000000009a0       0x34 /usr/lib/gcc/arm-none-eabi/6.3.1/../../../arm-none-eabi/lib/thumb/v7e-m/fpv4-sp/hard/libnosys.a(sbrk.o)
 .ARM.attributes
                0x00000000000009d4       0x22 /usr/lib/gcc/arm-none-eabi/6.3.1/thumb/v7e-m/fpv4-sp/hard/libgcc.a(_arm_addsubdf3.o)
 .ARM.attributes
                0x00000000000009f6       0x22 /usr/lib/gcc/arm-none-eabi/6.3.1/thumb/v7e-m/fpv4-sp/hard/libgcc.a(_arm_muldivdf3.o)
 .ARM.attributes
                0x0000000000000a18       0x22 /usr/lib/gcc/arm-none-eabi/6.3.1/thumb/v7e-m/fpv4-sp/hard/libgcc.a(_arm_cmpdf2.o)
 .ARM.attributes
                0x0000000000000a3a       0x22 /usr/lib/gcc/arm-none-eabi/6.3.1/thumb/v7e-m/fpv4-sp/hard/libgcc.a(_arm_unorddf2.o)
 .ARM.attributes
                0x0000000000000a5c       0x22 /usr/lib/gcc/arm-none-eabi/6.3.1/thumb/v7e-m/fpv4-sp/hard/libgcc.a(_arm_fixdfsi.o)
 .ARM.attributes
                0x0000000000000a7e       0x22 /usr/lib/gcc/arm-none-eabi/6.3.1/thumb/v7e-m/fpv4-sp/hard/libgcc.a(_aeabi_uldivmod.o)
 .ARM.attributes
                0x0000000000000aa0       0x34 /usr/lib/gcc/arm-none-eabi/6.3.1/thumb/v7e-m/fpv4-sp/hard/libgcc.a(_udivmoddi4.o)
 .ARM.attributes
                0x0000000000000ad4       0x22 /usr/lib/gcc/arm-none-eabi/6.3.1/thumb/v7e-m/fpv4-sp/hard/libgcc.a(_dvmd_tls.o)
 .ARM.attributes
                0x0000000000000af6       0x34 /usr/lib/gcc/arm-none-eabi/6.3.1/thumb/v7e-m/fpv4-sp/hard/crtend.o
 .ARM.attributes
                0x0000000000000b2a       0x22 /usr/lib/gcc/arm-none-eabi/6.3.1/thumb/v7e-m/fpv4-sp/hard/crtn.o
OUTPUT(build/CAN_UART.elf elf32-littlearm)

.comment        0x0000000000000000       0x31
 .comment       0x0000000000000000       0x31 /usr/lib/gcc/arm-none-eabi/6.3.1/thumb/v7e-m/fpv4-sp/hard/crtbegin.o
                                         0x32 (size before relaxing)
 .comment       0x0000000000000031       0x32 build/stm32f4xx_hal.o
 .comment       0x0000000000000031       0x32 build/stm32f4xx_hal_adc.o
 .comment       0x0000000000000031       0x32 build/stm32f4xx_hal_can.o
 .comment       0x0000000000000031       0x32 build/stm32f4xx_hal_cortex.o
 .comment       0x0000000000000031       0x32 build/stm32f4xx_hal_dma.o
 .comment       0x0000000000000031       0x32 build/stm32f4xx_hal_gpio.o
 .comment       0x0000000000000031       0x32 build/stm32f4xx_hal_rcc.o
 .comment       0x0000000000000031       0x32 build/stm32f4xx_hal_rcc_ex.o
 .comment       0x0000000000000031       0x32 build/stm32f4xx_hal_sd.o
 .comment       0x0000000000000031       0x32 build/stm32f4xx_hal_tim.o
 .comment       0x0000000000000031       0x32 build/stm32f4xx_hal_tim_ex.o
 .comment       0x0000000000000031       0x32 build/stm32f4xx_hal_uart.o
 .comment       0x0000000000000031       0x32 build/stm32f4xx_ll_sdmmc.o
 .comment       0x0000000000000031       0x32 build/main.o
 .comment       0x0000000000000031       0x32 build/stm32f4xx_hal_msp.o
 .comment       0x0000000000000031       0x32 build/stm32f4xx_it.o
 .comment       0x0000000000000031       0x32 build/system_stm32f4xx.o
 .comment       0x0000000000000031       0x32 /usr/lib/gcc/arm-none-eabi/6.3.1/../../../arm-none-eabi/lib/thumb/v7e-m/fpv4-sp/hard/libc.a(lib_a-atexit.o)
 .comment       0x0000000000000031       0x32 /usr/lib/gcc/arm-none-eabi/6.3.1/../../../arm-none-eabi/lib/thumb/v7e-m/fpv4-sp/hard/libc.a(lib_a-atoi.o)
 .comment       0x0000000000000031       0x32 /usr/lib/gcc/arm-none-eabi/6.3.1/../../../arm-none-eabi/lib/thumb/v7e-m/fpv4-sp/hard/libc.a(lib_a-fini.o)
 .comment       0x0000000000000031       0x32 /usr/lib/gcc/arm-none-eabi/6.3.1/../../../arm-none-eabi/lib/thumb/v7e-m/fpv4-sp/hard/libc.a(lib_a-impure.o)
 .comment       0x0000000000000031       0x32 /usr/lib/gcc/arm-none-eabi/6.3.1/../../../arm-none-eabi/lib/thumb/v7e-m/fpv4-sp/hard/libc.a(lib_a-init.o)
 .comment       0x0000000000000031       0x32 /usr/lib/gcc/arm-none-eabi/6.3.1/../../../arm-none-eabi/lib/thumb/v7e-m/fpv4-sp/hard/libc.a(lib_a-memset.o)
 .comment       0x0000000000000031       0x32 /usr/lib/gcc/arm-none-eabi/6.3.1/../../../arm-none-eabi/lib/thumb/v7e-m/fpv4-sp/hard/libc.a(lib_a-sprintf.o)
 .comment       0x0000000000000031       0x32 /usr/lib/gcc/arm-none-eabi/6.3.1/../../../arm-none-eabi/lib/thumb/v7e-m/fpv4-sp/hard/libc.a(lib_a-strtol.o)
 .comment       0x0000000000000031       0x32 /usr/lib/gcc/arm-none-eabi/6.3.1/../../../arm-none-eabi/lib/thumb/v7e-m/fpv4-sp/hard/libc.a(lib_a-svfprintf.o)
 .comment       0x0000000000000031       0x32 /usr/lib/gcc/arm-none-eabi/6.3.1/../../../arm-none-eabi/lib/thumb/v7e-m/fpv4-sp/hard/libc.a(lib_a-__atexit.o)
 .comment       0x0000000000000031       0x32 /usr/lib/gcc/arm-none-eabi/6.3.1/../../../arm-none-eabi/lib/thumb/v7e-m/fpv4-sp/hard/libc.a(lib_a-__call_atexit.o)
 .comment       0x0000000000000031       0x32 /usr/lib/gcc/arm-none-eabi/6.3.1/../../../arm-none-eabi/lib/thumb/v7e-m/fpv4-sp/hard/libc.a(lib_a-ctype_.o)
 .comment       0x0000000000000031       0x32 /usr/lib/gcc/arm-none-eabi/6.3.1/../../../arm-none-eabi/lib/thumb/v7e-m/fpv4-sp/hard/libc.a(lib_a-dtoa.o)
 .comment       0x0000000000000031       0x32 /usr/lib/gcc/arm-none-eabi/6.3.1/../../../arm-none-eabi/lib/thumb/v7e-m/fpv4-sp/hard/libc.a(lib_a-locale.o)
 .comment       0x0000000000000031       0x32 /usr/lib/gcc/arm-none-eabi/6.3.1/../../../arm-none-eabi/lib/thumb/v7e-m/fpv4-sp/hard/libc.a(lib_a-mallocr.o)
 .comment       0x0000000000000031       0x32 /usr/lib/gcc/arm-none-eabi/6.3.1/../../../arm-none-eabi/lib/thumb/v7e-m/fpv4-sp/hard/libc.a(lib_a-mlock.o)
 .comment       0x0000000000000031       0x32 /usr/lib/gcc/arm-none-eabi/6.3.1/../../../arm-none-eabi/lib/thumb/v7e-m/fpv4-sp/hard/libc.a(lib_a-mprec.o)
 .comment       0x0000000000000031       0x32 /usr/lib/gcc/arm-none-eabi/6.3.1/../../../arm-none-eabi/lib/thumb/v7e-m/fpv4-sp/hard/libc.a(lib_a-sbrkr.o)
 .comment       0x0000000000000031       0x32 /usr/lib/gcc/arm-none-eabi/6.3.1/../../../arm-none-eabi/lib/thumb/v7e-m/fpv4-sp/hard/libc.a(lib_a-svfiprintf.o)
 .comment       0x0000000000000031       0x32 /usr/lib/gcc/arm-none-eabi/6.3.1/../../../arm-none-eabi/lib/thumb/v7e-m/fpv4-sp/hard/libc.a(lib_a-callocr.o)
 .comment       0x0000000000000031       0x32 /usr/lib/gcc/arm-none-eabi/6.3.1/../../../arm-none-eabi/lib/thumb/v7e-m/fpv4-sp/hard/libc.a(lib_a-freer.o)
 .comment       0x0000000000000031       0x32 /usr/lib/gcc/arm-none-eabi/6.3.1/../../../arm-none-eabi/lib/thumb/v7e-m/fpv4-sp/hard/libc.a(lib_a-memmove.o)
 .comment       0x0000000000000031       0x32 /usr/lib/gcc/arm-none-eabi/6.3.1/../../../arm-none-eabi/lib/thumb/v7e-m/fpv4-sp/hard/libc.a(lib_a-reallocr.o)
 .comment       0x0000000000000031       0x32 /usr/lib/gcc/arm-none-eabi/6.3.1/../../../arm-none-eabi/lib/thumb/v7e-m/fpv4-sp/hard/libc.a(lib_a-reent.o)
 .comment       0x0000000000000031       0x32 /usr/lib/gcc/arm-none-eabi/6.3.1/../../../arm-none-eabi/lib/thumb/v7e-m/fpv4-sp/hard/libnosys.a(sbrk.o)
 .comment       0x0000000000000031       0x32 /usr/lib/gcc/arm-none-eabi/6.3.1/thumb/v7e-m/fpv4-sp/hard/libgcc.a(_udivmoddi4.o)
 .comment       0x0000000000000031       0x32 /usr/lib/gcc/arm-none-eabi/6.3.1/thumb/v7e-m/fpv4-sp/hard/crtend.o

.debug_info     0x0000000000000000    0x298d3
 .debug_info    0x0000000000000000      0xb0b build/stm32f4xx_hal.o
 .debug_info    0x0000000000000b0b      0xeee build/stm32f4xx_hal_adc.o
 .debug_info    0x00000000000019f9     0x1225 build/stm32f4xx_hal_can.o
 .debug_info    0x0000000000002c1e     0x103d build/stm32f4xx_hal_cortex.o
 .debug_info    0x0000000000003c5b      0xaef build/stm32f4xx_hal_dma.o
 .debug_info    0x000000000000474a      0x86e build/stm32f4xx_hal_gpio.o
 .debug_info    0x0000000000004fb8      0xb68 build/stm32f4xx_hal_rcc.o
 .debug_info    0x0000000000005b20      0xcd2 build/stm32f4xx_hal_rcc_ex.o
 .debug_info    0x00000000000067f2     0x2471 build/stm32f4xx_hal_sd.o
 .debug_info    0x0000000000008c63     0x3478 build/stm32f4xx_hal_tim.o
 .debug_info    0x000000000000c0db     0x1615 build/stm32f4xx_hal_tim_ex.o
 .debug_info    0x000000000000d6f0     0x18ad build/stm32f4xx_hal_uart.o
 .debug_info    0x000000000000ef9d     0x1759 build/stm32f4xx_ll_sdmmc.o
 .debug_info    0x00000000000106f6     0x3742 build/main.o
 .debug_info    0x0000000000013e38     0x1f83 build/stm32f4xx_hal_msp.o
 .debug_info    0x0000000000015dbb     0x1354 build/stm32f4xx_it.o
 .debug_info    0x000000000001710f      0x5c7 build/system_stm32f4xx.o
 .debug_info    0x00000000000176d6       0x7b build/startup_stm32f446xx.o
 .debug_info    0x0000000000017751      0x907 /usr/lib/gcc/arm-none-eabi/6.3.1/../../../arm-none-eabi/lib/thumb/v7e-m/fpv4-sp/hard/libc.a(lib_a-atexit.o)
 .debug_info    0x0000000000018058      0x941 /usr/lib/gcc/arm-none-eabi/6.3.1/../../../arm-none-eabi/lib/thumb/v7e-m/fpv4-sp/hard/libc.a(lib_a-atoi.o)
 .debug_info    0x0000000000018999       0xfa /usr/lib/gcc/arm-none-eabi/6.3.1/../../../arm-none-eabi/lib/thumb/v7e-m/fpv4-sp/hard/libc.a(lib_a-fini.o)
 .debug_info    0x0000000000018a93      0x8a5 /usr/lib/gcc/arm-none-eabi/6.3.1/../../../arm-none-eabi/lib/thumb/v7e-m/fpv4-sp/hard/libc.a(lib_a-impure.o)
 .debug_info    0x0000000000019338      0x110 /usr/lib/gcc/arm-none-eabi/6.3.1/../../../arm-none-eabi/lib/thumb/v7e-m/fpv4-sp/hard/libc.a(lib_a-init.o)
 .debug_info    0x0000000000019448      0x91b /usr/lib/gcc/arm-none-eabi/6.3.1/../../../arm-none-eabi/lib/thumb/v7e-m/fpv4-sp/hard/libc.a(lib_a-memset.o)
 .debug_info    0x0000000000019d63      0xbd0 /usr/lib/gcc/arm-none-eabi/6.3.1/../../../arm-none-eabi/lib/thumb/v7e-m/fpv4-sp/hard/libc.a(lib_a-sprintf.o)
 .debug_info    0x000000000001a933       0xdb /usr/lib/gcc/arm-none-eabi/6.3.1/../../../arm-none-eabi/lib/thumb/v7e-m/fpv4-sp/hard/libc.a(lib_a-strlen.o)
 .debug_info    0x000000000001aa0e      0xa19 /usr/lib/gcc/arm-none-eabi/6.3.1/../../../arm-none-eabi/lib/thumb/v7e-m/fpv4-sp/hard/libc.a(lib_a-strtol.o)
 .debug_info    0x000000000001b427     0x1857 /usr/lib/gcc/arm-none-eabi/6.3.1/../../../arm-none-eabi/lib/thumb/v7e-m/fpv4-sp/hard/libc.a(lib_a-svfprintf.o)
 .debug_info    0x000000000001cc7e      0x950 /usr/lib/gcc/arm-none-eabi/6.3.1/../../../arm-none-eabi/lib/thumb/v7e-m/fpv4-sp/hard/libc.a(lib_a-__atexit.o)
 .debug_info    0x000000000001d5ce      0x9bc /usr/lib/gcc/arm-none-eabi/6.3.1/../../../arm-none-eabi/lib/thumb/v7e-m/fpv4-sp/hard/libc.a(lib_a-__call_atexit.o)
 .debug_info    0x000000000001df8a       0xc0 /usr/lib/gcc/arm-none-eabi/6.3.1/../../../arm-none-eabi/lib/thumb/v7e-m/fpv4-sp/hard/libc.a(lib_a-ctype_.o)
 .debug_info    0x000000000001e04a     0x1318 /usr/lib/gcc/arm-none-eabi/6.3.1/../../../arm-none-eabi/lib/thumb/v7e-m/fpv4-sp/hard/libc.a(lib_a-dtoa.o)
 .debug_info    0x000000000001f362      0xd35 /usr/lib/gcc/arm-none-eabi/6.3.1/../../../arm-none-eabi/lib/thumb/v7e-m/fpv4-sp/hard/libc.a(lib_a-locale.o)
 .debug_info    0x0000000000020097      0xdf1 /usr/lib/gcc/arm-none-eabi/6.3.1/../../../arm-none-eabi/lib/thumb/v7e-m/fpv4-sp/hard/libc.a(lib_a-mallocr.o)
 .debug_info    0x0000000000020e88       0xd5 /usr/lib/gcc/arm-none-eabi/6.3.1/../../../arm-none-eabi/lib/thumb/v7e-m/fpv4-sp/hard/libc.a(lib_a-memchr.o)
 .debug_info    0x0000000000020f5d       0xdc /usr/lib/gcc/arm-none-eabi/6.3.1/../../../arm-none-eabi/lib/thumb/v7e-m/fpv4-sp/hard/libc.a(lib_a-memcpy.o)
 .debug_info    0x0000000000021039      0x8d8 /usr/lib/gcc/arm-none-eabi/6.3.1/../../../arm-none-eabi/lib/thumb/v7e-m/fpv4-sp/hard/libc.a(lib_a-mlock.o)
 .debug_info    0x0000000000021911     0x1744 /usr/lib/gcc/arm-none-eabi/6.3.1/../../../arm-none-eabi/lib/thumb/v7e-m/fpv4-sp/hard/libc.a(lib_a-mprec.o)
 .debug_info    0x0000000000023055      0x95a /usr/lib/gcc/arm-none-eabi/6.3.1/../../../arm-none-eabi/lib/thumb/v7e-m/fpv4-sp/hard/libc.a(lib_a-sbrkr.o)
 .debug_info    0x00000000000239af       0xdb /usr/lib/gcc/arm-none-eabi/6.3.1/../../../arm-none-eabi/lib/thumb/v7e-m/fpv4-sp/hard/libc.a(lib_a-strcmp.o)
 .debug_info    0x0000000000023a8a     0x12df /usr/lib/gcc/arm-none-eabi/6.3.1/../../../arm-none-eabi/lib/thumb/v7e-m/fpv4-sp/hard/libc.a(lib_a-svfiprintf.o)
 .debug_info    0x0000000000024d69      0xb59 /usr/lib/gcc/arm-none-eabi/6.3.1/../../../arm-none-eabi/lib/thumb/v7e-m/fpv4-sp/hard/libc.a(lib_a-callocr.o)
 .debug_info    0x00000000000258c2      0xca9 /usr/lib/gcc/arm-none-eabi/6.3.1/../../../arm-none-eabi/lib/thumb/v7e-m/fpv4-sp/hard/libc.a(lib_a-freer.o)
 .debug_info    0x000000000002656b      0x92a /usr/lib/gcc/arm-none-eabi/6.3.1/../../../arm-none-eabi/lib/thumb/v7e-m/fpv4-sp/hard/libc.a(lib_a-memmove.o)
 .debug_info    0x0000000000026e95      0xdac /usr/lib/gcc/arm-none-eabi/6.3.1/../../../arm-none-eabi/lib/thumb/v7e-m/fpv4-sp/hard/libc.a(lib_a-reallocr.o)
 .debug_info    0x0000000000027c41      0xa18 /usr/lib/gcc/arm-none-eabi/6.3.1/../../../arm-none-eabi/lib/thumb/v7e-m/fpv4-sp/hard/libc.a(lib_a-reent.o)
 .debug_info    0x0000000000028659       0x90 /usr/lib/gcc/arm-none-eabi/6.3.1/../../../arm-none-eabi/lib/thumb/v7e-m/fpv4-sp/hard/libnosys.a(sbrk.o)
 .debug_info    0x00000000000286e9       0xd4 /usr/lib/gcc/arm-none-eabi/6.3.1/thumb/v7e-m/fpv4-sp/hard/libgcc.a(_arm_addsubdf3.o)
 .debug_info    0x00000000000287bd       0xd4 /usr/lib/gcc/arm-none-eabi/6.3.1/thumb/v7e-m/fpv4-sp/hard/libgcc.a(_arm_muldivdf3.o)
 .debug_info    0x0000000000028891       0xd4 /usr/lib/gcc/arm-none-eabi/6.3.1/thumb/v7e-m/fpv4-sp/hard/libgcc.a(_arm_cmpdf2.o)
 .debug_info    0x0000000000028965       0xd4 /usr/lib/gcc/arm-none-eabi/6.3.1/thumb/v7e-m/fpv4-sp/hard/libgcc.a(_arm_unorddf2.o)
 .debug_info    0x0000000000028a39       0xd4 /usr/lib/gcc/arm-none-eabi/6.3.1/thumb/v7e-m/fpv4-sp/hard/libgcc.a(_arm_fixdfsi.o)
 .debug_info    0x0000000000028b0d       0xcf /usr/lib/gcc/arm-none-eabi/6.3.1/thumb/v7e-m/fpv4-sp/hard/libgcc.a(_aeabi_uldivmod.o)
 .debug_info    0x0000000000028bdc      0xc24 /usr/lib/gcc/arm-none-eabi/6.3.1/thumb/v7e-m/fpv4-sp/hard/libgcc.a(_udivmoddi4.o)
 .debug_info    0x0000000000029800       0xd3 /usr/lib/gcc/arm-none-eabi/6.3.1/thumb/v7e-m/fpv4-sp/hard/libgcc.a(_dvmd_tls.o)

.debug_abbrev   0x0000000000000000     0x5fbf
 .debug_abbrev  0x0000000000000000      0x1ef build/stm32f4xx_hal.o
 .debug_abbrev  0x00000000000001ef      0x28f build/stm32f4xx_hal_adc.o
 .debug_abbrev  0x000000000000047e      0x277 build/stm32f4xx_hal_can.o
 .debug_abbrev  0x00000000000006f5      0x33b build/stm32f4xx_hal_cortex.o
 .debug_abbrev  0x0000000000000a30      0x2aa build/stm32f4xx_hal_dma.o
 .debug_abbrev  0x0000000000000cda      0x21a build/stm32f4xx_hal_gpio.o
 .debug_abbrev  0x0000000000000ef4      0x28b build/stm32f4xx_hal_rcc.o
 .debug_abbrev  0x000000000000117f      0x243 build/stm32f4xx_hal_rcc_ex.o
 .debug_abbrev  0x00000000000013c2      0x2af build/stm32f4xx_hal_sd.o
 .debug_abbrev  0x0000000000001671      0x270 build/stm32f4xx_hal_tim.o
 .debug_abbrev  0x00000000000018e1      0x269 build/stm32f4xx_hal_tim_ex.o
 .debug_abbrev  0x0000000000001b4a      0x2bd build/stm32f4xx_hal_uart.o
 .debug_abbrev  0x0000000000001e07      0x21b build/stm32f4xx_ll_sdmmc.o
 .debug_abbrev  0x0000000000002022      0x3a0 build/main.o
 .debug_abbrev  0x00000000000023c2      0x24e build/stm32f4xx_hal_msp.o
 .debug_abbrev  0x0000000000002610      0x1cd build/stm32f4xx_it.o
 .debug_abbrev  0x00000000000027dd      0x110 build/system_stm32f4xx.o
 .debug_abbrev  0x00000000000028ed       0x12 build/startup_stm32f446xx.o
 .debug_abbrev  0x00000000000028ff      0x1f6 /usr/lib/gcc/arm-none-eabi/6.3.1/../../../arm-none-eabi/lib/thumb/v7e-m/fpv4-sp/hard/libc.a(lib_a-atexit.o)
 .debug_abbrev  0x0000000000002af5      0x1dc /usr/lib/gcc/arm-none-eabi/6.3.1/../../../arm-none-eabi/lib/thumb/v7e-m/fpv4-sp/hard/libc.a(lib_a-atoi.o)
 .debug_abbrev  0x0000000000002cd1       0xbd /usr/lib/gcc/arm-none-eabi/6.3.1/../../../arm-none-eabi/lib/thumb/v7e-m/fpv4-sp/hard/libc.a(lib_a-fini.o)
 .debug_abbrev  0x0000000000002d8e      0x189 /usr/lib/gcc/arm-none-eabi/6.3.1/../../../arm-none-eabi/lib/thumb/v7e-m/fpv4-sp/hard/libc.a(lib_a-impure.o)
 .debug_abbrev  0x0000000000002f17       0xba /usr/lib/gcc/arm-none-eabi/6.3.1/../../../arm-none-eabi/lib/thumb/v7e-m/fpv4-sp/hard/libc.a(lib_a-init.o)
 .debug_abbrev  0x0000000000002fd1      0x1cd /usr/lib/gcc/arm-none-eabi/6.3.1/../../../arm-none-eabi/lib/thumb/v7e-m/fpv4-sp/hard/libc.a(lib_a-memset.o)
 .debug_abbrev  0x000000000000319e      0x24d /usr/lib/gcc/arm-none-eabi/6.3.1/../../../arm-none-eabi/lib/thumb/v7e-m/fpv4-sp/hard/libc.a(lib_a-sprintf.o)
 .debug_abbrev  0x00000000000033eb       0x14 /usr/lib/gcc/arm-none-eabi/6.3.1/../../../arm-none-eabi/lib/thumb/v7e-m/fpv4-sp/hard/libc.a(lib_a-strlen.o)
 .debug_abbrev  0x00000000000033ff      0x213 /usr/lib/gcc/arm-none-eabi/6.3.1/../../../arm-none-eabi/lib/thumb/v7e-m/fpv4-sp/hard/libc.a(lib_a-strtol.o)
 .debug_abbrev  0x0000000000003612      0x395 /usr/lib/gcc/arm-none-eabi/6.3.1/../../../arm-none-eabi/lib/thumb/v7e-m/fpv4-sp/hard/libc.a(lib_a-svfprintf.o)
 .debug_abbrev  0x00000000000039a7      0x220 /usr/lib/gcc/arm-none-eabi/6.3.1/../../../arm-none-eabi/lib/thumb/v7e-m/fpv4-sp/hard/libc.a(lib_a-__atexit.o)
 .debug_abbrev  0x0000000000003bc7      0x270 /usr/lib/gcc/arm-none-eabi/6.3.1/../../../arm-none-eabi/lib/thumb/v7e-m/fpv4-sp/hard/libc.a(lib_a-__call_atexit.o)
 .debug_abbrev  0x0000000000003e37       0x5e /usr/lib/gcc/arm-none-eabi/6.3.1/../../../arm-none-eabi/lib/thumb/v7e-m/fpv4-sp/hard/libc.a(lib_a-ctype_.o)
 .debug_abbrev  0x0000000000003e95      0x2dd /usr/lib/gcc/arm-none-eabi/6.3.1/../../../arm-none-eabi/lib/thumb/v7e-m/fpv4-sp/hard/libc.a(lib_a-dtoa.o)
 .debug_abbrev  0x0000000000004172      0x2bc /usr/lib/gcc/arm-none-eabi/6.3.1/../../../arm-none-eabi/lib/thumb/v7e-m/fpv4-sp/hard/libc.a(lib_a-locale.o)
 .debug_abbrev  0x000000000000442e      0x2c4 /usr/lib/gcc/arm-none-eabi/6.3.1/../../../arm-none-eabi/lib/thumb/v7e-m/fpv4-sp/hard/libc.a(lib_a-mallocr.o)
 .debug_abbrev  0x00000000000046f2       0x14 /usr/lib/gcc/arm-none-eabi/6.3.1/../../../arm-none-eabi/lib/thumb/v7e-m/fpv4-sp/hard/libc.a(lib_a-memchr.o)
 .debug_abbrev  0x0000000000004706       0x14 /usr/lib/gcc/arm-none-eabi/6.3.1/../../../arm-none-eabi/lib/thumb/v7e-m/fpv4-sp/hard/libc.a(lib_a-memcpy.o)
 .debug_abbrev  0x000000000000471a      0x1ca /usr/lib/gcc/arm-none-eabi/6.3.1/../../../arm-none-eabi/lib/thumb/v7e-m/fpv4-sp/hard/libc.a(lib_a-mlock.o)
 .debug_abbrev  0x00000000000048e4      0x3df /usr/lib/gcc/arm-none-eabi/6.3.1/../../../arm-none-eabi/lib/thumb/v7e-m/fpv4-sp/hard/libc.a(lib_a-mprec.o)
 .debug_abbrev  0x0000000000004cc3      0x20c /usr/lib/gcc/arm-none-eabi/6.3.1/../../../arm-none-eabi/lib/thumb/v7e-m/fpv4-sp/hard/libc.a(lib_a-sbrkr.o)
 .debug_abbrev  0x0000000000004ecf       0x14 /usr/lib/gcc/arm-none-eabi/6.3.1/../../../arm-none-eabi/lib/thumb/v7e-m/fpv4-sp/hard/libc.a(lib_a-strcmp.o)
 .debug_abbrev  0x0000000000004ee3      0x2ed /usr/lib/gcc/arm-none-eabi/6.3.1/../../../arm-none-eabi/lib/thumb/v7e-m/fpv4-sp/hard/libc.a(lib_a-svfiprintf.o)
 .debug_abbrev  0x00000000000051d0      0x22c /usr/lib/gcc/arm-none-eabi/6.3.1/../../../arm-none-eabi/lib/thumb/v7e-m/fpv4-sp/hard/libc.a(lib_a-callocr.o)
 .debug_abbrev  0x00000000000053fc      0x27a /usr/lib/gcc/arm-none-eabi/6.3.1/../../../arm-none-eabi/lib/thumb/v7e-m/fpv4-sp/hard/libc.a(lib_a-freer.o)
 .debug_abbrev  0x0000000000005676      0x1d2 /usr/lib/gcc/arm-none-eabi/6.3.1/../../../arm-none-eabi/lib/thumb/v7e-m/fpv4-sp/hard/libc.a(lib_a-memmove.o)
 .debug_abbrev  0x0000000000005848      0x260 /usr/lib/gcc/arm-none-eabi/6.3.1/../../../arm-none-eabi/lib/thumb/v7e-m/fpv4-sp/hard/libc.a(lib_a-reallocr.o)
 .debug_abbrev  0x0000000000005aa8      0x26d /usr/lib/gcc/arm-none-eabi/6.3.1/../../../arm-none-eabi/lib/thumb/v7e-m/fpv4-sp/hard/libc.a(lib_a-reent.o)
 .debug_abbrev  0x0000000000005d15       0x92 /usr/lib/gcc/arm-none-eabi/6.3.1/../../../arm-none-eabi/lib/thumb/v7e-m/fpv4-sp/hard/libnosys.a(sbrk.o)
 .debug_abbrev  0x0000000000005da7       0x14 /usr/lib/gcc/arm-none-eabi/6.3.1/thumb/v7e-m/fpv4-sp/hard/libgcc.a(_arm_addsubdf3.o)
 .debug_abbrev  0x0000000000005dbb       0x14 /usr/lib/gcc/arm-none-eabi/6.3.1/thumb/v7e-m/fpv4-sp/hard/libgcc.a(_arm_muldivdf3.o)
 .debug_abbrev  0x0000000000005dcf       0x14 /usr/lib/gcc/arm-none-eabi/6.3.1/thumb/v7e-m/fpv4-sp/hard/libgcc.a(_arm_cmpdf2.o)
 .debug_abbrev  0x0000000000005de3       0x14 /usr/lib/gcc/arm-none-eabi/6.3.1/thumb/v7e-m/fpv4-sp/hard/libgcc.a(_arm_unorddf2.o)
 .debug_abbrev  0x0000000000005df7       0x14 /usr/lib/gcc/arm-none-eabi/6.3.1/thumb/v7e-m/fpv4-sp/hard/libgcc.a(_arm_fixdfsi.o)
 .debug_abbrev  0x0000000000005e0b       0x14 /usr/lib/gcc/arm-none-eabi/6.3.1/thumb/v7e-m/fpv4-sp/hard/libgcc.a(_aeabi_uldivmod.o)
 .debug_abbrev  0x0000000000005e1f      0x18c /usr/lib/gcc/arm-none-eabi/6.3.1/thumb/v7e-m/fpv4-sp/hard/libgcc.a(_udivmoddi4.o)
 .debug_abbrev  0x0000000000005fab       0x14 /usr/lib/gcc/arm-none-eabi/6.3.1/thumb/v7e-m/fpv4-sp/hard/libgcc.a(_dvmd_tls.o)

.debug_loc      0x0000000000000000    0x1be1c
 .debug_loc     0x0000000000000000      0x1a8 build/stm32f4xx_hal.o
 .debug_loc     0x00000000000001a8      0xc8a build/stm32f4xx_hal_adc.o
 .debug_loc     0x0000000000000e32      0xddf build/stm32f4xx_hal_can.o
 .debug_loc     0x0000000000001c11      0x6a6 build/stm32f4xx_hal_cortex.o
 .debug_loc     0x00000000000022b7      0xc1d build/stm32f4xx_hal_dma.o
 .debug_loc     0x0000000000002ed4      0x4a8 build/stm32f4xx_hal_gpio.o
 .debug_loc     0x000000000000337c      0x53e build/stm32f4xx_hal_rcc.o
 .debug_loc     0x00000000000038ba      0xccb build/stm32f4xx_hal_rcc_ex.o
 .debug_loc     0x0000000000004585     0x23c2 build/stm32f4xx_hal_sd.o
 .debug_loc     0x0000000000006947     0x4343 build/stm32f4xx_hal_tim.o
 .debug_loc     0x000000000000ac8a     0x1648 build/stm32f4xx_hal_tim_ex.o
 .debug_loc     0x000000000000c2d2     0x19fb build/stm32f4xx_hal_uart.o
 .debug_loc     0x000000000000dccd     0x1731 build/stm32f4xx_ll_sdmmc.o
 .debug_loc     0x000000000000f3fe      0x3e8 build/main.o
 .debug_loc     0x000000000000f7e6      0x45c build/stm32f4xx_hal_msp.o
 .debug_loc     0x000000000000fc42      0x160 build/stm32f4xx_it.o
 .debug_loc     0x000000000000fda2      0x13e build/system_stm32f4xx.o
 .debug_loc     0x000000000000fee0       0x2c /usr/lib/gcc/arm-none-eabi/6.3.1/../../../arm-none-eabi/lib/thumb/v7e-m/fpv4-sp/hard/libc.a(lib_a-atexit.o)
 .debug_loc     0x000000000000ff0c       0x63 /usr/lib/gcc/arm-none-eabi/6.3.1/../../../arm-none-eabi/lib/thumb/v7e-m/fpv4-sp/hard/libc.a(lib_a-atoi.o)
 .debug_loc     0x000000000000ff6f       0x5c /usr/lib/gcc/arm-none-eabi/6.3.1/../../../arm-none-eabi/lib/thumb/v7e-m/fpv4-sp/hard/libc.a(lib_a-fini.o)
 .debug_loc     0x000000000000ffcb       0xae /usr/lib/gcc/arm-none-eabi/6.3.1/../../../arm-none-eabi/lib/thumb/v7e-m/fpv4-sp/hard/libc.a(lib_a-init.o)
 .debug_loc     0x0000000000010079      0x1bd /usr/lib/gcc/arm-none-eabi/6.3.1/../../../arm-none-eabi/lib/thumb/v7e-m/fpv4-sp/hard/libc.a(lib_a-memset.o)
 .debug_loc     0x0000000000010236       0x7a /usr/lib/gcc/arm-none-eabi/6.3.1/../../../arm-none-eabi/lib/thumb/v7e-m/fpv4-sp/hard/libc.a(lib_a-sprintf.o)
 .debug_loc     0x00000000000102b0      0x30f /usr/lib/gcc/arm-none-eabi/6.3.1/../../../arm-none-eabi/lib/thumb/v7e-m/fpv4-sp/hard/libc.a(lib_a-strtol.o)
 .debug_loc     0x00000000000105bf     0x2655 /usr/lib/gcc/arm-none-eabi/6.3.1/../../../arm-none-eabi/lib/thumb/v7e-m/fpv4-sp/hard/libc.a(lib_a-svfprintf.o)
 .debug_loc     0x0000000000012c14      0x197 /usr/lib/gcc/arm-none-eabi/6.3.1/../../../arm-none-eabi/lib/thumb/v7e-m/fpv4-sp/hard/libc.a(lib_a-__atexit.o)
 .debug_loc     0x0000000000012dab      0x199 /usr/lib/gcc/arm-none-eabi/6.3.1/../../../arm-none-eabi/lib/thumb/v7e-m/fpv4-sp/hard/libc.a(lib_a-__call_atexit.o)
 .debug_loc     0x0000000000012f44     0x268b /usr/lib/gcc/arm-none-eabi/6.3.1/../../../arm-none-eabi/lib/thumb/v7e-m/fpv4-sp/hard/libc.a(lib_a-dtoa.o)
 .debug_loc     0x00000000000155cf      0x147 /usr/lib/gcc/arm-none-eabi/6.3.1/../../../arm-none-eabi/lib/thumb/v7e-m/fpv4-sp/hard/libc.a(lib_a-locale.o)
 .debug_loc     0x0000000000015716      0xcf4 /usr/lib/gcc/arm-none-eabi/6.3.1/../../../arm-none-eabi/lib/thumb/v7e-m/fpv4-sp/hard/libc.a(lib_a-mallocr.o)
 .debug_loc     0x000000000001640a     0x1d38 /usr/lib/gcc/arm-none-eabi/6.3.1/../../../arm-none-eabi/lib/thumb/v7e-m/fpv4-sp/hard/libc.a(lib_a-mprec.o)
 .debug_loc     0x0000000000018142       0x4d /usr/lib/gcc/arm-none-eabi/6.3.1/../../../arm-none-eabi/lib/thumb/v7e-m/fpv4-sp/hard/libc.a(lib_a-sbrkr.o)
 .debug_loc     0x000000000001818f     0x14af /usr/lib/gcc/arm-none-eabi/6.3.1/../../../arm-none-eabi/lib/thumb/v7e-m/fpv4-sp/hard/libc.a(lib_a-svfiprintf.o)
 .debug_loc     0x000000000001963e      0x291 /usr/lib/gcc/arm-none-eabi/6.3.1/../../../arm-none-eabi/lib/thumb/v7e-m/fpv4-sp/hard/libc.a(lib_a-callocr.o)
 .debug_loc     0x00000000000198cf      0x568 /usr/lib/gcc/arm-none-eabi/6.3.1/../../../arm-none-eabi/lib/thumb/v7e-m/fpv4-sp/hard/libc.a(lib_a-freer.o)
 .debug_loc     0x0000000000019e37      0x269 /usr/lib/gcc/arm-none-eabi/6.3.1/../../../arm-none-eabi/lib/thumb/v7e-m/fpv4-sp/hard/libc.a(lib_a-memmove.o)
 .debug_loc     0x000000000001a0a0      0xeb0 /usr/lib/gcc/arm-none-eabi/6.3.1/../../../arm-none-eabi/lib/thumb/v7e-m/fpv4-sp/hard/libc.a(lib_a-reallocr.o)
 .debug_loc     0x000000000001af50      0x11d /usr/lib/gcc/arm-none-eabi/6.3.1/../../../arm-none-eabi/lib/thumb/v7e-m/fpv4-sp/hard/libc.a(lib_a-reent.o)
 .debug_loc     0x000000000001b06d       0x38 /usr/lib/gcc/arm-none-eabi/6.3.1/../../../arm-none-eabi/lib/thumb/v7e-m/fpv4-sp/hard/libnosys.a(sbrk.o)
 .debug_loc     0x000000000001b0a5      0xd77 /usr/lib/gcc/arm-none-eabi/6.3.1/thumb/v7e-m/fpv4-sp/hard/libgcc.a(_udivmoddi4.o)

.debug_aranges  0x0000000000000000     0x15f0
 .debug_aranges
                0x0000000000000000       0xf0 build/stm32f4xx_hal.o
 .debug_aranges
                0x00000000000000f0       0xe8 build/stm32f4xx_hal_adc.o
 .debug_aranges
                0x00000000000001d8      0x138 build/stm32f4xx_hal_can.o
 .debug_aranges
                0x0000000000000310       0xa8 build/stm32f4xx_hal_cortex.o
 .debug_aranges
                0x00000000000003b8       0x90 build/stm32f4xx_hal_dma.o
 .debug_aranges
                0x0000000000000448       0x58 build/stm32f4xx_hal_gpio.o
 .debug_aranges
                0x00000000000004a0       0x88 build/stm32f4xx_hal_rcc.o
 .debug_aranges
                0x0000000000000528       0x78 build/stm32f4xx_hal_rcc_ex.o
 .debug_aranges
                0x00000000000005a0      0x168 build/stm32f4xx_hal_sd.o
 .debug_aranges
                0x0000000000000708      0x3a8 build/stm32f4xx_hal_tim.o
 .debug_aranges
                0x0000000000000ab0      0x150 build/stm32f4xx_hal_tim_ex.o
 .debug_aranges
                0x0000000000000c00      0x1d0 build/stm32f4xx_hal_uart.o
 .debug_aranges
                0x0000000000000dd0      0x178 build/stm32f4xx_ll_sdmmc.o
 .debug_aranges
                0x0000000000000f48       0xa0 build/main.o
 .debug_aranges
                0x0000000000000fe8       0x70 build/stm32f4xx_hal_msp.o
 .debug_aranges
                0x0000000000001058       0xb0 build/stm32f4xx_it.o
 .debug_aranges
                0x0000000000001108       0x28 build/system_stm32f4xx.o
 .debug_aranges
                0x0000000000001130       0x28 build/startup_stm32f446xx.o
 .debug_aranges
                0x0000000000001158       0x20 /usr/lib/gcc/arm-none-eabi/6.3.1/../../../arm-none-eabi/lib/thumb/v7e-m/fpv4-sp/hard/libc.a(lib_a-atexit.o)
 .debug_aranges
                0x0000000000001178       0x20 /usr/lib/gcc/arm-none-eabi/6.3.1/../../../arm-none-eabi/lib/thumb/v7e-m/fpv4-sp/hard/libc.a(lib_a-atoi.o)
 .debug_aranges
                0x0000000000001198       0x20 /usr/lib/gcc/arm-none-eabi/6.3.1/../../../arm-none-eabi/lib/thumb/v7e-m/fpv4-sp/hard/libc.a(lib_a-fini.o)
 .debug_aranges
                0x00000000000011b8       0x18 /usr/lib/gcc/arm-none-eabi/6.3.1/../../../arm-none-eabi/lib/thumb/v7e-m/fpv4-sp/hard/libc.a(lib_a-impure.o)
 .debug_aranges
                0x00000000000011d0       0x20 /usr/lib/gcc/arm-none-eabi/6.3.1/../../../arm-none-eabi/lib/thumb/v7e-m/fpv4-sp/hard/libc.a(lib_a-init.o)
 .debug_aranges
                0x00000000000011f0       0x20 /usr/lib/gcc/arm-none-eabi/6.3.1/../../../arm-none-eabi/lib/thumb/v7e-m/fpv4-sp/hard/libc.a(lib_a-memset.o)
 .debug_aranges
                0x0000000000001210       0x20 /usr/lib/gcc/arm-none-eabi/6.3.1/../../../arm-none-eabi/lib/thumb/v7e-m/fpv4-sp/hard/libc.a(lib_a-sprintf.o)
 .debug_aranges
                0x0000000000001230       0x20 /usr/lib/gcc/arm-none-eabi/6.3.1/../../../arm-none-eabi/lib/thumb/v7e-m/fpv4-sp/hard/libc.a(lib_a-strlen.o)
 .debug_aranges
                0x0000000000001250       0x20 /usr/lib/gcc/arm-none-eabi/6.3.1/../../../arm-none-eabi/lib/thumb/v7e-m/fpv4-sp/hard/libc.a(lib_a-strtol.o)
 .debug_aranges
                0x0000000000001270       0x20 /usr/lib/gcc/arm-none-eabi/6.3.1/../../../arm-none-eabi/lib/thumb/v7e-m/fpv4-sp/hard/libc.a(lib_a-svfprintf.o)
 .debug_aranges
                0x0000000000001290       0x20 /usr/lib/gcc/arm-none-eabi/6.3.1/../../../arm-none-eabi/lib/thumb/v7e-m/fpv4-sp/hard/libc.a(lib_a-__atexit.o)
 .debug_aranges
                0x00000000000012b0       0x28 /usr/lib/gcc/arm-none-eabi/6.3.1/../../../arm-none-eabi/lib/thumb/v7e-m/fpv4-sp/hard/libc.a(lib_a-__call_atexit.o)
 .debug_aranges
                0x00000000000012d8       0x18 /usr/lib/gcc/arm-none-eabi/6.3.1/../../../arm-none-eabi/lib/thumb/v7e-m/fpv4-sp/hard/libc.a(lib_a-ctype_.o)
 .debug_aranges
                0x00000000000012f0       0x20 /usr/lib/gcc/arm-none-eabi/6.3.1/../../../arm-none-eabi/lib/thumb/v7e-m/fpv4-sp/hard/libc.a(lib_a-dtoa.o)
 .debug_aranges
                0x0000000000001310       0x20 /usr/lib/gcc/arm-none-eabi/6.3.1/../../../arm-none-eabi/lib/thumb/v7e-m/fpv4-sp/hard/libc.a(lib_a-locale.o)
 .debug_aranges
                0x0000000000001330       0x20 /usr/lib/gcc/arm-none-eabi/6.3.1/../../../arm-none-eabi/lib/thumb/v7e-m/fpv4-sp/hard/libc.a(lib_a-mallocr.o)
 .debug_aranges
                0x0000000000001350       0x20 /usr/lib/gcc/arm-none-eabi/6.3.1/../../../arm-none-eabi/lib/thumb/v7e-m/fpv4-sp/hard/libc.a(lib_a-memchr.o)
 .debug_aranges
                0x0000000000001370       0x20 /usr/lib/gcc/arm-none-eabi/6.3.1/../../../arm-none-eabi/lib/thumb/v7e-m/fpv4-sp/hard/libc.a(lib_a-memcpy.o)
 .debug_aranges
                0x0000000000001390       0x20 /usr/lib/gcc/arm-none-eabi/6.3.1/../../../arm-none-eabi/lib/thumb/v7e-m/fpv4-sp/hard/libc.a(lib_a-mlock.o)