Archive member included to satisfy reference by file (symbol)

/usr/lib/gcc/arm-none-eabi/6.3.1/../../../arm-none-eabi/lib/thumb/v7e-m/fpv4-sp/hard/libc.a(lib_a-atexit.o)
                              /usr/lib/gcc/arm-none-eabi/6.3.1/../../../arm-none-eabi/lib/thumb/v7e-m/fpv4-sp/hard/crt0.o (atexit)
/usr/lib/gcc/arm-none-eabi/6.3.1/../../../arm-none-eabi/lib/thumb/v7e-m/fpv4-sp/hard/libc.a(lib_a-atoi.o)
                              build/main.o (atoi)
/usr/lib/gcc/arm-none-eabi/6.3.1/../../../arm-none-eabi/lib/thumb/v7e-m/fpv4-sp/hard/libc.a(lib_a-exit.o)
                              /usr/lib/gcc/arm-none-eabi/6.3.1/../../../arm-none-eabi/lib/thumb/v7e-m/fpv4-sp/hard/crt0.o (exit)
/usr/lib/gcc/arm-none-eabi/6.3.1/../../../arm-none-eabi/lib/thumb/v7e-m/fpv4-sp/hard/libc.a(lib_a-fini.o)
                              /usr/lib/gcc/arm-none-eabi/6.3.1/../../../arm-none-eabi/lib/thumb/v7e-m/fpv4-sp/hard/crt0.o (__libc_fini_array)
/usr/lib/gcc/arm-none-eabi/6.3.1/../../../arm-none-eabi/lib/thumb/v7e-m/fpv4-sp/hard/libc.a(lib_a-impure.o)
                              /usr/lib/gcc/arm-none-eabi/6.3.1/../../../arm-none-eabi/lib/thumb/v7e-m/fpv4-sp/hard/libc.a(lib_a-exit.o) (_global_impure_ptr)
/usr/lib/gcc/arm-none-eabi/6.3.1/../../../arm-none-eabi/lib/thumb/v7e-m/fpv4-sp/hard/libc.a(lib_a-init.o)
                              /usr/lib/gcc/arm-none-eabi/6.3.1/../../../arm-none-eabi/lib/thumb/v7e-m/fpv4-sp/hard/crt0.o (__libc_init_array)
/usr/lib/gcc/arm-none-eabi/6.3.1/../../../arm-none-eabi/lib/thumb/v7e-m/fpv4-sp/hard/libc.a(lib_a-memset.o)
                              /usr/lib/gcc/arm-none-eabi/6.3.1/../../../arm-none-eabi/lib/thumb/v7e-m/fpv4-sp/hard/crt0.o (memset)
/usr/lib/gcc/arm-none-eabi/6.3.1/../../../arm-none-eabi/lib/thumb/v7e-m/fpv4-sp/hard/libc.a(lib_a-sprintf.o)
                              build/main.o (sprintf)
/usr/lib/gcc/arm-none-eabi/6.3.1/../../../arm-none-eabi/lib/thumb/v7e-m/fpv4-sp/hard/libc.a(lib_a-strlen.o)
                              build/main.o (strlen)
/usr/lib/gcc/arm-none-eabi/6.3.1/../../../arm-none-eabi/lib/thumb/v7e-m/fpv4-sp/hard/libc.a(lib_a-strtol.o)
                              /usr/lib/gcc/arm-none-eabi/6.3.1/../../../arm-none-eabi/lib/thumb/v7e-m/fpv4-sp/hard/libc.a(lib_a-atoi.o) (_strtol_r)
/usr/lib/gcc/arm-none-eabi/6.3.1/../../../arm-none-eabi/lib/thumb/v7e-m/fpv4-sp/hard/libc.a(lib_a-svfprintf.o)
                              /usr/lib/gcc/arm-none-eabi/6.3.1/../../../arm-none-eabi/lib/thumb/v7e-m/fpv4-sp/hard/libc.a(lib_a-sprintf.o) (_svfprintf_r)
/usr/lib/gcc/arm-none-eabi/6.3.1/../../../arm-none-eabi/lib/thumb/v7e-m/fpv4-sp/hard/libc.a(lib_a-__atexit.o)
                              /usr/lib/gcc/arm-none-eabi/6.3.1/../../../arm-none-eabi/lib/thumb/v7e-m/fpv4-sp/hard/libc.a(lib_a-atexit.o) (__register_exitproc)
/usr/lib/gcc/arm-none-eabi/6.3.1/../../../arm-none-eabi/lib/thumb/v7e-m/fpv4-sp/hard/libc.a(lib_a-__call_atexit.o)
                              /usr/lib/gcc/arm-none-eabi/6.3.1/../../../arm-none-eabi/lib/thumb/v7e-m/fpv4-sp/hard/libc.a(lib_a-exit.o) (__call_exitprocs)
/usr/lib/gcc/arm-none-eabi/6.3.1/../../../arm-none-eabi/lib/thumb/v7e-m/fpv4-sp/hard/libc.a(lib_a-ctype_.o)
                              /usr/lib/gcc/arm-none-eabi/6.3.1/../../../arm-none-eabi/lib/thumb/v7e-m/fpv4-sp/hard/libc.a(lib_a-strtol.o) (__ctype_ptr__)
/usr/lib/gcc/arm-none-eabi/6.3.1/../../../arm-none-eabi/lib/thumb/v7e-m/fpv4-sp/hard/libc.a(lib_a-dtoa.o)
                              /usr/lib/gcc/arm-none-eabi/6.3.1/../../../arm-none-eabi/lib/thumb/v7e-m/fpv4-sp/hard/libc.a(lib_a-svfprintf.o) (_dtoa_r)
/usr/lib/gcc/arm-none-eabi/6.3.1/../../../arm-none-eabi/lib/thumb/v7e-m/fpv4-sp/hard/libc.a(lib_a-locale.o)
                              /usr/lib/gcc/arm-none-eabi/6.3.1/../../../arm-none-eabi/lib/thumb/v7e-m/fpv4-sp/hard/libc.a(lib_a-svfprintf.o) (_localeconv_r)
/usr/lib/gcc/arm-none-eabi/6.3.1/../../../arm-none-eabi/lib/thumb/v7e-m/fpv4-sp/hard/libc.a(lib_a-mallocr.o)
                              /usr/lib/gcc/arm-none-eabi/6.3.1/../../../arm-none-eabi/lib/thumb/v7e-m/fpv4-sp/hard/libc.a(lib_a-svfprintf.o) (_malloc_r)
/usr/lib/gcc/arm-none-eabi/6.3.1/../../../arm-none-eabi/lib/thumb/v7e-m/fpv4-sp/hard/libc.a(lib_a-memchr.o)
                              /usr/lib/gcc/arm-none-eabi/6.3.1/../../../arm-none-eabi/lib/thumb/v7e-m/fpv4-sp/hard/libc.a(lib_a-svfprintf.o) (memchr)
/usr/lib/gcc/arm-none-eabi/6.3.1/../../../arm-none-eabi/lib/thumb/v7e-m/fpv4-sp/hard/libc.a(lib_a-memcpy.o)
                              /usr/lib/gcc/arm-none-eabi/6.3.1/../../../arm-none-eabi/lib/thumb/v7e-m/fpv4-sp/hard/libc.a(lib_a-dtoa.o) (memcpy)
/usr/lib/gcc/arm-none-eabi/6.3.1/../../../arm-none-eabi/lib/thumb/v7e-m/fpv4-sp/hard/libc.a(lib_a-mlock.o)
                              /usr/lib/gcc/arm-none-eabi/6.3.1/../../../arm-none-eabi/lib/thumb/v7e-m/fpv4-sp/hard/libc.a(lib_a-mallocr.o) (__malloc_lock)
[...]
Memory Configuration

Name             Origin             Length             Attributes
RAM              0x0000000020000000 0x0000000000020000 xrw
FLASH            0x0000000008000000 0x0000000000080000 xr
*default*        0x0000000000000000 0xffffffffffffffff

Linker script and memory map

LOAD /usr/lib/gcc/arm-none-eabi/6.3.1/thumb/v7e-m/fpv4-sp/hard/crti.o
LOAD /usr/lib/gcc/arm-none-eabi/6.3.1/thumb/v7e-m/fpv4-sp/hard/crtbegin.o
LOAD /usr/lib/gcc/arm-none-eabi/6.3.1/../../../arm-none-eabi/lib/thumb/v7e-m/fpv4-sp/hard/crt0.o
LOAD build/stm32f4xx_hal.o
LOAD build/stm32f4xx_hal_adc.o
LOAD build/stm32f4xx_hal_adc_ex.o
LOAD build/stm32f4xx_hal_can.o
LOAD build/stm32f4xx_hal_cortex.o
LOAD build/stm32f4xx_hal_dma.o
LOAD build/stm32f4xx_hal_dma_ex.o
LOAD build/stm32f4xx_hal_exti.o
LOAD build/stm32f4xx_hal_flash.o
LOAD build/stm32f4xx_hal_flash_ex.o
LOAD build/stm32f4xx_hal_flash_ramfunc.o
LOAD build/stm32f4xx_hal_gpio.o
LOAD build/stm32f4xx_hal_pwr.o
LOAD build/stm32f4xx_hal_pwr_ex.o
LOAD build/stm32f4xx_hal_rcc.o
LOAD build/stm32f4xx_hal_rcc_ex.o
LOAD build/stm32f4xx_hal_sd.o
LOAD build/stm32f4xx_hal_tim.o
LOAD build/stm32f4xx_hal_tim_ex.o
LOAD build/stm32f4xx_hal_uart.o
LOAD build/stm32f4xx_ll_sdmmc.o
LOAD build/main.o
LOAD build/stm32f4xx_hal_msp.o
LOAD build/stm32f4xx_it.o
LOAD build/system_stm32f4xx.o
LOAD build/startup_stm32f446xx.o
LOAD /usr/lib/gcc/arm-none-eabi/6.3.1/../../../arm-none-eabi/lib/thumb/v7e-m/fpv4-sp/hard/libc.a
LOAD /usr/lib/gcc/arm-none-eabi/6.3.1/../../../arm-none-eabi/lib/thumb/v7e-m/fpv4-sp/hard/libm.a
LOAD /usr/lib/gcc/arm-none-eabi/6.3.1/../../../arm-none-eabi/lib/thumb/v7e-m/fpv4-sp/hard/libnosys.a
START GROUP
LOAD /usr/lib/gcc/arm-none-eabi/6.3.1/thumb/v7e-m/fpv4-sp/hard/libgcc.a
LOAD /usr/lib/gcc/arm-none-eabi/6.3.1/../../../arm-none-eabi/lib/thumb/v7e-m/fpv4-sp/hard/libc.a
END GROUP
START GROUP
LOAD /usr/lib/gcc/arm-none-eabi/6.3.1/thumb/v7e-m/fpv4-sp/hard/libgcc.a
LOAD /usr/lib/gcc/arm-none-eabi/6.3.1/../../../arm-none-eabi/lib/thumb/v7e-m/fpv4-sp/hard/libc.a
LOAD /usr/lib/gcc/arm-none-eabi/6.3.1/../../../arm-none-eabi/lib/thumb/v7e-m/fpv4-sp/hard/libnosys.a
END GROUP
LOAD /usr/lib/gcc/arm-none-eabi/6.3.1/thumb/v7e-m/fpv4-sp/hard/crtend.o
LOAD /usr/lib/gcc/arm-none-eabi/6.3.1/thumb/v7e-m/fpv4-sp/hard/crtn.o
                0x0000000020020000                _estack = 0x20020000
                0x0000000000002000                _Min_Heap_Size = 0x2000
                0x0000000000004000                _Min_Stack_Size = 0x4000

.isr_vector     0x0000000008000000      0x1c4
                0x0000000008000000                . = ALIGN (0x4)
 *(.isr_vector)
 .isr_vector    0x0000000008000000      0x1c4 build/startup_stm32f446xx.o
                0x0000000008000000                g_pfnVectors
                0x00000000080001c4                . = ALIGN (0x4)

.text           0x0000000008000200     0x9e78
                0x0000000008000200                . = ALIGN (0x4)
 *(.text)
 .text          0x0000000008000200       0xa4 /usr/lib/gcc/arm-none-eabi/6.3.1/thumb/v7e-m/fpv4-sp/hard/crtbegin.o
 .text          0x00000000080002a4        0xc /usr/lib/gcc/arm-none-eabi/6.3.1/../../../arm-none-eabi/lib/thumb/v7e-m/fpv4-sp/hard/libc.a(lib_a-atexit.o)
                0x00000000080002a4                atexit
 .text          0x00000000080002b0       0x10 /usr/lib/gcc/arm-none-eabi/6.3.1/../../../arm-none-eabi/lib/thumb/v7e-m/fpv4-sp/hard/libc.a(lib_a-atoi.o)
                0x00000000080002b0                atoi
                0x00000000080002b8                _atoi_r
 .text          0x00000000080002c0       0x34 /usr/lib/gcc/arm-none-eabi/6.3.1/../../../arm-none-eabi/lib/thumb/v7e-m/fpv4-sp/hard/libc.a(lib_a-fini.o)
                0x00000000080002c0                __libc_fini_array
 .text          0x00000000080002f4       0x50 /usr/lib/gcc/arm-none-eabi/6.3.1/../../../arm-none-eabi/lib/thumb/v7e-m/fpv4-sp/hard/libc.a(lib_a-init.o)
                0x00000000080002f4                __libc_init_array
 .text          0x0000000008000344       0x9c /usr/lib/gcc/arm-none-eabi/6.3.1/../../../arm-none-eabi/lib/thumb/v7e-m/fpv4-sp/hard/libc.a(lib_a-memset.o)
                0x0000000008000344                memset
 .text          0x00000000080003e0       0x90 /usr/lib/gcc/arm-none-eabi/6.3.1/../../../arm-none-eabi/lib/thumb/v7e-m/fpv4-sp/hard/libc.a(lib_a-sprintf.o)
                0x00000000080003e0                _sprintf_r
                0x0000000008000424                sprintf
 *fill*         0x0000000008000470       0x10 
 .text          0x0000000008000480       0xdc /usr/lib/gcc/arm-none-eabi/6.3.1/../../../arm-none-eabi/lib/thumb/v7e-m/fpv4-sp/hard/libc.a(lib_a-strlen.o)
                0x0000000008000480                strlen
 .text          0x000000000800055c      0x128 /usr/lib/gcc/arm-none-eabi/6.3.1/../../../arm-none-eabi/lib/thumb/v7e-m/fpv4-sp/hard/libc.a(lib_a-strtol.o)
                0x000000000800055c                _strtol_r
                0x000000000800066c                strtol
 *fill*         0x0000000008000684        0x4 
 .text          0x0000000008000688     0x1488 /usr/lib/gcc/arm-none-eabi/6.3.1/../../../arm-none-eabi/lib/thumb/v7e-m/fpv4-sp/hard/libc.a(lib_a-svfprintf.o)
                0x0000000008000688                _svfprintf_r
 .text          0x0000000008001b10       0xa4 /usr/lib/gcc/arm-none-eabi/6.3.1/../../../arm-none-eabi/lib/thumb/v7e-m/fpv4-sp/hard/libc.a(lib_a-__atexit.o)
                0x0000000008001b10                __register_exitproc
 *fill*         0x0000000008001bb4        0x4 
 .text          0x0000000008001bb8      0xf74 /usr/lib/gcc/arm-none-eabi/6.3.1/../../../arm-none-eabi/lib/thumb/v7e-m/fpv4-sp/hard/libc.a(lib_a-dtoa.o)
                0x0000000008001ce0                _dtoa_r
 .text          0x0000000008002b2c       0x80 /usr/lib/gcc/arm-none-eabi/6.3.1/../../../arm-none-eabi/lib/thumb/v7e-m/fpv4-sp/hard/libc.a(lib_a-locale.o)
                0x0000000008002b2c                _setlocale_r
                0x0000000008002b6c                __locale_charset
                0x0000000008002b74                __locale_mb_cur_max
                0x0000000008002b80                __locale_msgcharset
                0x0000000008002b88                __locale_cjk_lang
                0x0000000008002b8c                _localeconv_r
                0x0000000008002b94                setlocale
                0x0000000008002ba4                localeconv
 .text          0x0000000008002bac      0x554 /usr/lib/gcc/arm-none-eabi/6.3.1/../../../arm-none-eabi/lib/thumb/v7e-m/fpv4-sp/hard/libc.a(lib_a-mallocr.o)
                0x0000000008002bac                _malloc_r
 .text          0x0000000008003100       0xa0 /usr/lib/gcc/arm-none-eabi/6.3.1/../../../arm-none-eabi/lib/thumb/v7e-m/fpv4-sp/hard/libc.a(lib_a-memchr.o)
                0x0000000008003100                memchr
 .text          0x00000000080031a0      0x134 /usr/lib/gcc/arm-none-eabi/6.3.1/../../../arm-none-eabi/lib/thumb/v7e-m/fpv4-sp/hard/libc.a(lib_a-memcpy.o)
                0x00000000080031a0                memcpy
 .text          0x00000000080032d4        0x8 /usr/lib/gcc/arm-none-eabi/6.3.1/../../../arm-none-eabi/lib/thumb/v7e-m/fpv4-sp/hard/libc.a(lib_a-mlock.o)
                0x00000000080032d4                __malloc_lock
                0x00000000080032d8                __malloc_unlock
 .text          0x00000000080032dc      0x8f4 /usr/lib/gcc/arm-none-eabi/6.3.1/../../../arm-none-eabi/lib/thumb/v7e-m/fpv4-sp/hard/libc.a(lib_a-mprec.o)
                0x00000000080032dc                _Balloc
                0x0000000008003328                _Bfree
                0x000000000800333c                __multadd
                0x00000000080033bc                __s2b
                0x0000000008003458                __hi0bits
                0x0000000008003498                __lo0bits
                0x00000000080034f8                __i2b
                0x000000000800350c                __multiply
                0x0000000008003630                __pow5mult
                0x00000000080036d0                __lshift
                0x0000000008003774                __mcmp
                0x00000000080037ac                __mdiff
                0x00000000080038b4                __ulp
                0x0000000008003908                __b2d
                0x00000000080039cc                __d2b
                0x0000000008003a88                __ratio
                0x0000000008003ae8                _mprec_log10
                0x0000000008003b28                __copybits
                0x0000000008003b70                __any_on
 .text          0x0000000008003bd0       0x24 /usr/lib/gcc/arm-none-eabi/6.3.1/../../../arm-none-eabi/lib/thumb/v7e-m/fpv4-sp/hard/libc.a(lib_a-sbrkr.o)
                0x0000000008003bd0                _sbrk_r
 *fill*         0x0000000008003bf4        0xc 
 .text          0x0000000008003c00      0x2dc /usr/lib/gcc/arm-none-eabi/6.3.1/../../../arm-none-eabi/lib/thumb/v7e-m/fpv4-sp/hard/libc.a(lib_a-strcmp.o)
                0x0000000008003c08                strcmp
 .text          0x0000000008003edc      0xb50 /usr/lib/gcc/arm-none-eabi/6.3.1/../../../arm-none-eabi/lib/thumb/v7e-m/fpv4-sp/hard/libc.a(lib_a-svfiprintf.o)
                0x0000000008003edc                __ssprint_r
                0x0000000008003fd8                _svfiprintf_r
 .text          0x0000000008004a2c       0x60 /usr/lib/gcc/arm-none-eabi/6.3.1/../../../arm-none-eabi/lib/thumb/v7e-m/fpv4-sp/hard/libc.a(lib_a-callocr.o)
                0x0000000008004a2c                _calloc_r
 .text          0x0000000008004a8c      0x26c /usr/lib/gcc/arm-none-eabi/6.3.1/../../../arm-none-eabi/lib/thumb/v7e-m/fpv4-sp/hard/libc.a(lib_a-freer.o)
                0x0000000008004a8c                _malloc_trim_r
                0x0000000008004b2c                _free_r
 .text          0x0000000008004cf8       0xc8 /usr/lib/gcc/arm-none-eabi/6.3.1/../../../arm-none-eabi/lib/thumb/v7e-m/fpv4-sp/hard/libc.a(lib_a-memmove.o)
                0x0000000008004cf8                memmove
 .text          0x0000000008004dc0      0x34c /usr/lib/gcc/arm-none-eabi/6.3.1/../../../arm-none-eabi/lib/thumb/v7e-m/fpv4-sp/hard/libc.a(lib_a-reallocr.o)
                0x0000000008004dc0                _realloc_r
 .text          0x000000000800510c       0x1c /usr/lib/gcc/arm-none-eabi/6.3.1/../../../arm-none-eabi/lib/thumb/v7e-m/fpv4-sp/hard/libnosys.a(sbrk.o)
                0x000000000800510c                _sbrk
 .text          0x0000000008005128      0x370 /usr/lib/gcc/arm-none-eabi/6.3.1/thumb/v7e-m/fpv4-sp/hard/libgcc.a(_arm_addsubdf3.o)
                0x0000000008005128                __aeabi_drsub
                0x0000000008005130                __aeabi_dsub
                0x0000000008005130                __subdf3
                0x0000000008005134                __adddf3
                0x0000000008005134                __aeabi_dadd
                0x00000000080053ac                __aeabi_ui2d
                0x00000000080053ac                __floatunsidf
                0x00000000080053cc                __floatsidf
                0x00000000080053cc                __aeabi_i2d
                0x00000000080053f0                __extendsfdf2
                0x00000000080053f0                __aeabi_f2d
                0x000000000800542c                __aeabi_ul2d
                0x000000000800542c                __floatundidf
                0x000000000800543c                __floatdidf
                0x000000000800543c                __aeabi_l2d
 .text          0x0000000008005498      0x424 /usr/lib/gcc/arm-none-eabi/6.3.1/thumb/v7e-m/fpv4-sp/hard/libgcc.a(_arm_muldivdf3.o)
                0x0000000008005498                __aeabi_dmul
                0x0000000008005498                __muldf3
                0x00000000080056ec                __aeabi_ddiv
                0x00000000080056ec                __divdf3
 .text          0x00000000080058bc      0x110 /usr/lib/gcc/arm-none-eabi/6.3.1/thumb/v7e-m/fpv4-sp/hard/libgcc.a(_arm_cmpdf2.o)
                0x00000000080058bc                __gtdf2
                0x00000000080058bc                __gedf2
                0x00000000080058c4                __ltdf2
                0x00000000080058c4                __ledf2
                0x00000000080058cc                __cmpdf2
                0x00000000080058cc                __eqdf2
                0x00000000080058cc                __nedf2
                0x0000000008005948                __aeabi_cdrcmple
                0x0000000008005958                __aeabi_cdcmple
                0x0000000008005958                __aeabi_cdcmpeq
                0x0000000008005968                __aeabi_dcmpeq
                0x000000000800597c                __aeabi_dcmplt
                0x0000000008005990                __aeabi_dcmple
                0x00000000080059a4                __aeabi_dcmpge
                0x00000000080059b8                __aeabi_dcmpgt
 .text          0x00000000080059cc       0x2c /usr/lib/gcc/arm-none-eabi/6.3.1/thumb/v7e-m/fpv4-sp/hard/libgcc.a(_arm_unorddf2.o)
                0x00000000080059cc                __aeabi_dcmpun
                0x00000000080059cc                __unorddf2
 .text          0x00000000080059f8       0x50 /usr/lib/gcc/arm-none-eabi/6.3.1/thumb/v7e-m/fpv4-sp/hard/libgcc.a(_arm_fixdfsi.o)
                0x00000000080059f8                __fixdfsi
                0x00000000080059f8                __aeabi_d2iz
 .text          0x0000000008005a48       0x30 /usr/lib/gcc/arm-none-eabi/6.3.1/thumb/v7e-m/fpv4-sp/hard/libgcc.a(_aeabi_uldivmod.o)
                0x0000000008005a48                __aeabi_uldivmod
 .text          0x0000000008005a78      0x2dc /usr/lib/gcc/arm-none-eabi/6.3.1/thumb/v7e-m/fpv4-sp/hard/libgcc.a(_udivmoddi4.o)
                0x0000000008005a78                __udivmoddi4
 .text          0x0000000008005d54        0x4 /usr/lib/gcc/arm-none-eabi/6.3.1/thumb/v7e-m/fpv4-sp/hard/libgcc.a(_dvmd_tls.o)
                0x0000000008005d54                __aeabi_ldiv0
                0x0000000008005d54                __aeabi_idiv0
 *(.text*)
 .text.HAL_InitTick
                0x0000000008005d58       0x4c build/stm32f4xx_hal.o
                0x0000000008005d58                HAL_InitTick
 .text.HAL_Init
                0x0000000008005da4       0x34 build/stm32f4xx_hal.o
                0x0000000008005da4                HAL_Init
 .text.HAL_IncTick
                0x0000000008005dd8       0x18 build/stm32f4xx_hal.o
                0x0000000008005dd8                HAL_IncTick
 .text.HAL_GetTick
                0x0000000008005df0        0xc build/stm32f4xx_hal.o
                0x0000000008005df0                HAL_GetTick
 .text.HAL_Delay
                0x0000000008005dfc       0x28 build/stm32f4xx_hal.o
                0x0000000008005dfc                HAL_Delay
 .text.ADC_Init
                0x0000000008005e24      0x134 build/stm32f4xx_hal_adc.o
 .text.HAL_ADC_Init
                0x0000000008005f58       0x56 build/stm32f4xx_hal_adc.o
                0x0000000008005f58                HAL_ADC_Init
 *fill*         0x0000000008005fae        0x2 
 .text.HAL_ADC_ConfigChannel
                0x0000000008005fb0      0x1a4 build/stm32f4xx_hal_adc.o
                0x0000000008005fb0                HAL_ADC_ConfigChannel
 .text.HAL_CAN_Init
                0x0000000008006154      0x14c build/stm32f4xx_hal_can.o
                0x0000000008006154                HAL_CAN_Init
 .text.HAL_CAN_ConfigFilter
                0x00000000080062a0      0x12c build/stm32f4xx_hal_can.o
                0x00000000080062a0                HAL_CAN_ConfigFilter
 .text.HAL_CAN_Start
                0x00000000080063cc       0x5c build/stm32f4xx_hal_can.o
                0x00000000080063cc                HAL_CAN_Start
 .text.HAL_CAN_AddTxMessage
                0x0000000008006428       0xea build/stm32f4xx_hal_can.o
                0x0000000008006428                HAL_CAN_AddTxMessage
 .text.HAL_CAN_GetTxMailboxesFreeLevel
                0x0000000008006512       0x36 build/stm32f4xx_hal_can.o
                0x0000000008006512                HAL_CAN_GetTxMailboxesFreeLevel
 .text.HAL_CAN_IsTxMessagePending
                0x0000000008006548       0x24 build/stm32f4xx_hal_can.o
                0x0000000008006548                HAL_CAN_IsTxMessagePending
 .text.HAL_CAN_GetRxMessage
                0x000000000800656c      0x134 build/stm32f4xx_hal_can.o
                0x000000000800656c                HAL_CAN_GetRxMessage
 .text.HAL_CAN_GetRxFifoFillLevel
                0x00000000080066a0       0x26 build/stm32f4xx_hal_can.o
                0x00000000080066a0                HAL_CAN_GetRxFifoFillLevel
 .text.HAL_CAN_ActivateNotification
                0x00000000080066c6       0x24 build/stm32f4xx_hal_can.o
                0x00000000080066c6                HAL_CAN_ActivateNotification
 .text.HAL_CAN_TxMailbox0CompleteCallback
                0x00000000080066ea        0x2 build/stm32f4xx_hal_can.o
                0x00000000080066ea                HAL_CAN_TxMailbox0CompleteCallback
 .text.HAL_CAN_TxMailbox1CompleteCallback
                0x00000000080066ec        0x2 build/stm32f4xx_hal_can.o
                0x00000000080066ec                HAL_CAN_TxMailbox1CompleteCallback
 .text.HAL_CAN_TxMailbox2CompleteCallback
                0x00000000080066ee        0x2 build/stm32f4xx_hal_can.o
                0x00000000080066ee                HAL_CAN_TxMailbox2CompleteCallback
 .text.HAL_CAN_TxMailbox0AbortCallback
                0x00000000080066f0        0x2 build/stm32f4xx_hal_can.o
                0x00000000080066f0                HAL_CAN_TxMailbox0AbortCallback
 .text.HAL_CAN_TxMailbox1AbortCallback
                0x00000000080066f2        0x2 build/stm32f4xx_hal_can.o
                0x00000000080066f2                HAL_CAN_TxMailbox1AbortCallback
 .text.HAL_CAN_TxMailbox2AbortCallback
                0x00000000080066f4        0x2 build/stm32f4xx_hal_can.o
                0x00000000080066f4                HAL_CAN_TxMailbox2AbortCallback
 .text.HAL_CAN_RxFifo0MsgPendingCallback
                0x00000000080066f6        0x2 build/stm32f4xx_hal_can.o
                0x00000000080066f6                HAL_CAN_RxFifo0MsgPendingCallback
 .text.HAL_CAN_RxFifo1MsgPendingCallback
                0x00000000080066f8        0x2 build/stm32f4xx_hal_can.o
                0x00000000080066f8                HAL_CAN_RxFifo1MsgPendingCallback
 .text.HAL_CAN_RxFifo1FullCallback
                0x00000000080066fa        0x2 build/stm32f4xx_hal_can.o
                0x00000000080066fa                HAL_CAN_RxFifo1FullCallback
 .text.HAL_CAN_SleepCallback
                0x00000000080066fc        0x2 build/stm32f4xx_hal_can.o
                0x00000000080066fc                HAL_CAN_SleepCallback
 .text.HAL_CAN_WakeUpFromRxMsgCallback
                0x00000000080066fe        0x2 build/stm32f4xx_hal_can.o
                0x00000000080066fe                HAL_CAN_WakeUpFromRxMsgCallback
 .text.HAL_CAN_ErrorCallback
                0x0000000008006700        0x2 build/stm32f4xx_hal_can.o
                0x0000000008006700                HAL_CAN_ErrorCallback
 .text.HAL_CAN_IRQHandler
                0x0000000008006702      0x258 build/stm32f4xx_hal_can.o
                0x0000000008006702                HAL_CAN_IRQHandler
 *fill*         0x000000000800695a        0x2 
 .text.HAL_NVIC_SetPriorityGrouping
                0x000000000800695c       0x24 build/stm32f4xx_hal_cortex.o
                0x000000000800695c                HAL_NVIC_SetPriorityGrouping
 .text.HAL_NVIC_SetPriority
                0x0000000008006980       0x64 build/stm32f4xx_hal_cortex.o
                0x0000000008006980                HAL_NVIC_SetPriority
 .text.HAL_NVIC_EnableIRQ
                0x00000000080069e4       0x1c build/stm32f4xx_hal_cortex.o
                0x00000000080069e4                HAL_NVIC_EnableIRQ
 .text.HAL_SYSTICK_Config
                0x0000000008006a00       0x2c build/stm32f4xx_hal_cortex.o
                0x0000000008006a00                HAL_SYSTICK_Config
 .text.DMA_CalcBaseAndBitshift
                0x0000000008006a2c       0x3c build/stm32f4xx_hal_dma.o
 .text.DMA_CheckFifoParam
                0x0000000008006a68       0x8e build/stm32f4xx_hal_dma.o
 *fill*         0x0000000008006af6        0x2 
 .text.HAL_DMA_Init
                0x0000000008006af8       0xd0 build/stm32f4xx_hal_dma.o
                0x0000000008006af8                HAL_DMA_Init
 .text.HAL_DMA_Abort_IT
                0x0000000008006bc8       0x26 build/stm32f4xx_hal_dma.o
                0x0000000008006bc8                HAL_DMA_Abort_IT
 *fill*         0x0000000008006bee        0x2 
 .text.HAL_DMA_IRQHandler
                0x0000000008006bf0      0x1dc build/stm32f4xx_hal_dma.o
                0x0000000008006bf0                HAL_DMA_IRQHandler
 .text.HAL_GPIO_Init
                0x0000000008006dcc      0x1c4 build/stm32f4xx_hal_gpio.o
                0x0000000008006dcc                HAL_GPIO_Init
 .text.HAL_GPIO_WritePin
                0x0000000008006f90        0xc build/stm32f4xx_hal_gpio.o
                0x0000000008006f90                HAL_GPIO_WritePin
 .text.HAL_GPIO_TogglePin
                0x0000000008006f9c       0x12 build/stm32f4xx_hal_gpio.o
                0x0000000008006f9c                HAL_GPIO_TogglePin
 *fill*         0x0000000008006fae        0x2 
 .text.HAL_RCC_ClockConfig
                0x0000000008006fb0      0x158 build/stm32f4xx_hal_rcc.o
                0x0000000008006fb0                HAL_RCC_ClockConfig
 .text.HAL_RCC_GetHCLKFreq
                0x0000000008007108        0xc build/stm32f4xx_hal_rcc.o
                0x0000000008007108                HAL_RCC_GetHCLKFreq
 .text.HAL_RCC_GetPCLK1Freq
                0x0000000008007114       0x20 build/stm32f4xx_hal_rcc.o
                0x0000000008007114                HAL_RCC_GetPCLK1Freq
 .text.HAL_RCC_GetPCLK2Freq
                0x0000000008007134       0x20 build/stm32f4xx_hal_rcc.o
                0x0000000008007134                HAL_RCC_GetPCLK2Freq
 .text.HAL_RCCEx_PeriphCLKConfig
                0x0000000008007154      0x480 build/stm32f4xx_hal_rcc_ex.o
                0x0000000008007154                HAL_RCCEx_PeriphCLKConfig
 .text.HAL_RCC_GetSysClockFreq
                0x00000000080075d4      0x180 build/stm32f4xx_hal_rcc_ex.o
                0x00000000080075d4                HAL_RCC_GetSysClockFreq
 .text.HAL_RCC_OscConfig
                0x0000000008007754      0x3c4 build/stm32f4xx_hal_rcc_ex.o
                0x0000000008007754                HAL_RCC_OscConfig
 .text.SD_PowerON
                0x0000000008007b18       0xdc build/stm32f4xx_hal_sd.o
 .text.SD_Read_IT
                0x0000000008007bf4       0x24 build/stm32f4xx_hal_sd.o
 .text.SD_Write_IT
                0x0000000008007c18       0x24 build/stm32f4xx_hal_sd.o
 .text.SD_SendStatus
                0x0000000008007c3c       0x2a build/stm32f4xx_hal_sd.o
 .text.HAL_SD_TxCpltCallback
                0x0000000008007c66        0x2 build/stm32f4xx_hal_sd.o
                0x0000000008007c66                HAL_SD_TxCpltCallback
 .text.HAL_SD_RxCpltCallback
                0x0000000008007c68        0x2 build/stm32f4xx_hal_sd.o
                0x0000000008007c68                HAL_SD_RxCpltCallback
 .text.HAL_SD_ErrorCallback
                0x0000000008007c6a        0x2 build/stm32f4xx_hal_sd.o
                0x0000000008007c6a                HAL_SD_ErrorCallback
 .text.HAL_SD_AbortCallback
                0x0000000008007c6c        0x2 build/stm32f4xx_hal_sd.o
                0x0000000008007c6c                HAL_SD_AbortCallback
 .text.HAL_SD_GetCardCSD
                0x0000000008007c6e      0x1e4 build/stm32f4xx_hal_sd.o
                0x0000000008007c6e                HAL_SD_GetCardCSD
 .text.SD_InitCard
                0x0000000008007e52       0xf4 build/stm32f4xx_hal_sd.o
 *fill*         0x0000000008007f46        0x2 
 .text.HAL_SD_InitCard
                0x0000000008007f48       0x78 build/stm32f4xx_hal_sd.o
                0x0000000008007f48                HAL_SD_InitCard
 .text.HAL_SD_Init
                0x0000000008007fc0       0x32 build/stm32f4xx_hal_sd.o
                0x0000000008007fc0                HAL_SD_Init
 .text.HAL_SD_GetCardState
                0x0000000008007ff2       0x26 build/stm32f4xx_hal_sd.o
                0x0000000008007ff2                HAL_SD_GetCardState
 .text.SD_DMATxAbort
                0x0000000008008018       0x4a build/stm32f4xx_hal_sd.o
 .text.SD_DMARxAbort
                0x0000000008008062       0x4a build/stm32f4xx_hal_sd.o
 .text.HAL_SD_IRQHandler
                0x00000000080080ac      0x1c0 build/stm32f4xx_hal_sd.o
                0x00000000080080ac                HAL_SD_IRQHandler
 .text.HAL_TIM_Base_Start
                0x000000000800826c       0x24 build/stm32f4xx_hal_tim.o
                0x000000000800826c                HAL_TIM_Base_Start
 .text.HAL_TIM_Base_Start_IT
                0x0000000008008290       0x22 build/stm32f4xx_hal_tim.o
                0x0000000008008290                HAL_TIM_Base_Start_IT
 .text.HAL_TIM_OC_DelayElapsedCallback
                0x00000000080082b2        0x2 build/stm32f4xx_hal_tim.o
                0x00000000080082b2                HAL_TIM_OC_DelayElapsedCallback
 .text.HAL_TIM_IC_CaptureCallback
                0x00000000080082b4        0x2 build/stm32f4xx_hal_tim.o
                0x00000000080082b4                HAL_TIM_IC_CaptureCallback
 .text.HAL_TIM_PWM_PulseFinishedCallback
                0x00000000080082b6        0x2 build/stm32f4xx_hal_tim.o
                0x00000000080082b6                HAL_TIM_PWM_PulseFinishedCallback
 .text.HAL_TIM_TriggerCallback
                0x00000000080082b8        0x2 build/stm32f4xx_hal_tim.o
                0x00000000080082b8                HAL_TIM_TriggerCallback
 .text.HAL_TIM_IRQHandler
                0x00000000080082ba      0x17a build/stm32f4xx_hal_tim.o
                0x00000000080082ba                HAL_TIM_IRQHandler
 .text.TIM_Base_SetConfig
                0x0000000008008434       0xcc build/stm32f4xx_hal_tim.o
                0x0000000008008434                TIM_Base_SetConfig
 .text.HAL_TIM_Base_Init
                0x0000000008008500       0x32 build/stm32f4xx_hal_tim.o
                0x0000000008008500                HAL_TIM_Base_Init
 .text.HAL_TIMEx_MasterConfigSynchronization
                0x0000000008008532       0x46 build/stm32f4xx_hal_tim_ex.o
                0x0000000008008532                HAL_TIMEx_MasterConfigSynchronization
 .text.HAL_TIMEx_CommutCallback
                0x0000000008008578        0x2 build/stm32f4xx_hal_tim_ex.o
                0x0000000008008578                HAL_TIMEx_CommutCallback
 .text.HAL_TIMEx_BreakCallback
                0x000000000800857a        0x2 build/stm32f4xx_hal_tim_ex.o
                0x000000000800857a                HAL_TIMEx_BreakCallback
 .text.UART_EndRxTransfer
                0x000000000800857c       0x1c build/stm32f4xx_hal_uart.o
 .text.UART_Transmit_IT
                0x0000000008008598       0x6a build/stm32f4xx_hal_uart.o
 *fill*         0x0000000008008602        0x2 
 .text.UART_SetConfig
                0x0000000008008604      0x344 build/stm32f4xx_hal_uart.o
 .text.UART_WaitOnFlagUntilTimeout
                0x0000000008008948       0x64 build/stm32f4xx_hal_uart.o
 .text.HAL_UART_Init
                0x00000000080089ac       0x5e build/stm32f4xx_hal_uart.o
                0x00000000080089ac                HAL_UART_Init
 .text.HAL_UART_Transmit
                0x0000000008008a0a       0xe2 build/stm32f4xx_hal_uart.o
                0x0000000008008a0a                HAL_UART_Transmit
 .text.HAL_UART_Receive_IT
                0x0000000008008aec       0x5c build/stm32f4xx_hal_uart.o
                0x0000000008008aec                HAL_UART_Receive_IT
 .text.HAL_UART_TxCpltCallback
                0x0000000008008b48        0x2 build/stm32f4xx_hal_uart.o
                0x0000000008008b48                HAL_UART_TxCpltCallback
 .text.UART_EndTransmit_IT
                0x0000000008008b4a       0x1a build/stm32f4xx_hal_uart.o
 .text.UART_Receive_IT
                0x0000000008008b64       0x9e build/stm32f4xx_hal_uart.o
 .text.HAL_UART_ErrorCallback
                0x0000000008008c02        0x2 build/stm32f4xx_hal_uart.o
                0x0000000008008c02                HAL_UART_ErrorCallback
 .text.HAL_UART_IRQHandler
                0x0000000008008c04      0x120 build/stm32f4xx_hal_uart.o
                0x0000000008008c04                HAL_UART_IRQHandler
 .text.UART_DMAAbortOnError
                0x0000000008008d24       0x10 build/stm32f4xx_hal_uart.o
 .text.SDMMC_GetCmdError
                0x0000000008008d34       0x3c build/stm32f4xx_ll_sdmmc.o
 .text.SDMMC_GetCmdResp2
                0x0000000008008d70       0x5c build/stm32f4xx_ll_sdmmc.o
 .text.SDMMC_GetCmdResp3
                0x0000000008008dcc       0x4c build/stm32f4xx_ll_sdmmc.o
 .text.SDMMC_GetCmdResp7
                0x0000000008008e18       0x54 build/stm32f4xx_ll_sdmmc.o
 .text.SDIO_Init
                0x0000000008008e6c       0x38 build/stm32f4xx_ll_sdmmc.o
                0x0000000008008e6c                SDIO_Init
 .text.SDIO_ReadFIFO
                0x0000000008008ea4        0x6 build/stm32f4xx_ll_sdmmc.o
                0x0000000008008ea4                SDIO_ReadFIFO
 .text.SDIO_WriteFIFO
                0x0000000008008eaa        0xa build/stm32f4xx_ll_sdmmc.o
                0x0000000008008eaa                SDIO_WriteFIFO
 .text.SDIO_PowerState_ON
                0x0000000008008eb4        0x8 build/stm32f4xx_ll_sdmmc.o
                0x0000000008008eb4                SDIO_PowerState_ON
 .text.SDIO_GetPowerState
                0x0000000008008ebc        0x8 build/stm32f4xx_ll_sdmmc.o
                0x0000000008008ebc                SDIO_GetPowerState
 .text.SDIO_SendCommand
                0x0000000008008ec4       0x24 build/stm32f4xx_ll_sdmmc.o
                0x0000000008008ec4                SDIO_SendCommand
 .text.SDIO_GetCommandResponse
                0x0000000008008ee8        0x6 build/stm32f4xx_ll_sdmmc.o
                0x0000000008008ee8                SDIO_GetCommandResponse
 .text.SDIO_GetResponse
                0x0000000008008eee       0x14 build/stm32f4xx_ll_sdmmc.o
                0x0000000008008eee                SDIO_GetResponse
 *fill*         0x0000000008008f02        0x2 
 .text.SDMMC_GetCmdResp1
                0x0000000008008f04      0x158 build/stm32f4xx_ll_sdmmc.o
 .text.SDMMC_GetCmdResp6
                0x000000000800905c       0xa0 build/stm32f4xx_ll_sdmmc.o
 .text.SDMMC_CmdStopTransfer
                0x00000000080090fc       0x34 build/stm32f4xx_ll_sdmmc.o
                0x00000000080090fc                SDMMC_CmdStopTransfer
 .text.SDMMC_CmdSelDesel
                0x0000000008009130       0x30 build/stm32f4xx_ll_sdmmc.o
                0x0000000008009130                SDMMC_CmdSelDesel
 .text.SDMMC_CmdGoIdleState
                0x0000000008009160       0x26 build/stm32f4xx_ll_sdmmc.o
                0x0000000008009160                SDMMC_CmdGoIdleState
 .text.SDMMC_CmdOperCond
                0x0000000008009186       0x2e build/stm32f4xx_ll_sdmmc.o
                0x0000000008009186                SDMMC_CmdOperCond
 .text.SDMMC_CmdAppCommand
                0x00000000080091b4       0x30 build/stm32f4xx_ll_sdmmc.o
                0x00000000080091b4                SDMMC_CmdAppCommand
 .text.SDMMC_CmdAppOperCommand
                0x00000000080091e4       0x32 build/stm32f4xx_ll_sdmmc.o
                0x00000000080091e4                SDMMC_CmdAppOperCommand
 .text.SDMMC_CmdSendCID
                0x0000000008009216       0x2a build/stm32f4xx_ll_sdmmc.o
                0x0000000008009216                SDMMC_CmdSendCID
 .text.SDMMC_CmdSendCSD
                0x0000000008009240       0x2a build/stm32f4xx_ll_sdmmc.o
                0x0000000008009240                SDMMC_CmdSendCSD
 .text.SDMMC_CmdSetRelAdd
                0x000000000800926a       0x30 build/stm32f4xx_ll_sdmmc.o
                0x000000000800926a                SDMMC_CmdSetRelAdd
 .text.SDMMC_CmdSendStatus
                0x000000000800929a       0x30 build/stm32f4xx_ll_sdmmc.o
                0x000000000800929a                SDMMC_CmdSendStatus
 *fill*         0x00000000080092ca        0x2 
 .text.MX_GPIO_Init
                0x00000000080092cc       0xc4 build/main.o
 .text.MX_DMA_Init
                0x0000000008009390       0x44 build/main.o
 .text.MX_NVIC_Init
                0x00000000080093d4       0x64 build/main.o
 .text.MX_USART3_UART_Init
                0x0000000008009438       0x2c build/main.o
 .text.MX_USART2_UART_Init
                0x0000000008009464       0x30 build/main.o
 .text.MX_SDIO_SD_Init
                0x0000000008009494       0x24 build/main.o
 .text.MX_CAN1_Init
                0x00000000080094b8       0x38 build/main.o
 .text.MX_TIM6_Init
                0x00000000080094f0       0x3c build/main.o
 .text.MX_TIM7_Init
                0x000000000800952c       0x40 build/main.o
 .text.MX_ADC1_Init
                0x000000000800956c       0x58 build/main.o
 .text.SystemClock_Config
                0x00000000080095c4       0xb4 build/main.o
                0x00000000080095c4                SystemClock_Config
 .text.main     0x0000000008009678      0x2f4 build/main.o
                0x0000000008009678                main
 .text.CAN_Receive
                0x000000000800996c       0x2c build/main.o
                0x000000000800996c                CAN_Receive
 .text.HAL_CAN_RxFifo0FullCallback
                0x0000000008009998       0xf4 build/main.o
                0x0000000008009998                HAL_CAN_RxFifo0FullCallback
 .text.HAL_UART_RxCpltCallback
                0x0000000008009a8c       0x68 build/main.o
                0x0000000008009a8c                HAL_UART_RxCpltCallback
 .text.HAL_TIM_PeriodElapsedCallback
                0x0000000008009af4       0x18 build/main.o
                0x0000000008009af4                HAL_TIM_PeriodElapsedCallback
 .text.Error_Handler
                0x0000000008009b0c        0x2 build/main.o
                0x0000000008009b0c                Error_Handler
 *fill*         0x0000000008009b0e        0x2 
 .text.HAL_MspInit
                0x0000000008009b10       0x38 build/stm32f4xx_hal_msp.o
                0x0000000008009b10                HAL_MspInit
 .text.HAL_ADC_MspInit
                0x0000000008009b48       0x68 build/stm32f4xx_hal_msp.o
                0x0000000008009b48                HAL_ADC_MspInit
 .text.HAL_CAN_MspInit
                0x0000000008009bb0       0x70 build/stm32f4xx_hal_msp.o
                0x0000000008009bb0                HAL_CAN_MspInit
 .text.HAL_SD_MspInit
                0x0000000008009c20      0x198 build/stm32f4xx_hal_msp.o
                0x0000000008009c20                HAL_SD_MspInit
 .text.HAL_TIM_Base_MspInit
                0x0000000008009db8       0x54 build/stm32f4xx_hal_msp.o
                0x0000000008009db8                HAL_TIM_Base_MspInit
 .text.HAL_UART_MspInit
                0x0000000008009e0c       0xf8 build/stm32f4xx_hal_msp.o
                0x0000000008009e0c                HAL_UART_MspInit
 .text.NMI_Handler
                0x0000000008009f04        0x2 build/stm32f4xx_it.o
                0x0000000008009f04                NMI_Handler
 .text.HardFault_Handler
                0x0000000008009f06        0x2 build/stm32f4xx_it.o
                0x0000000008009f06                HardFault_Handler
 .text.MemManage_Handler
                0x0000000008009f08        0x2 build/stm32f4xx_it.o
                0x0000000008009f08                MemManage_Handler
 .text.BusFault_Handler
                0x0000000008009f0a        0x2 build/stm32f4xx_it.o
                0x0000000008009f0a                BusFault_Handler
 .text.UsageFault_Handler
                0x0000000008009f0c        0x2 build/stm32f4xx_it.o
                0x0000000008009f0c                UsageFault_Handler
 .text.SVC_Handler
                0x0000000008009f0e        0x2 build/stm32f4xx_it.o
                0x0000000008009f0e                SVC_Handler
 .text.DebugMon_Handler
                0x0000000008009f10        0x2 build/stm32f4xx_it.o
                0x0000000008009f10                DebugMon_Handler
 .text.PendSV_Handler
                0x0000000008009f12        0x2 build/stm32f4xx_it.o
                0x0000000008009f12                PendSV_Handler
 .text.SysTick_Handler
                0x0000000008009f14        0x8 build/stm32f4xx_it.o
                0x0000000008009f14                SysTick_Handler
 .text.CAN1_RX0_IRQHandler
                0x0000000008009f1c       0x10 build/stm32f4xx_it.o
                0x0000000008009f1c                CAN1_RX0_IRQHandler
 .text.CAN1_RX1_IRQHandler
                0x0000000008009f2c       0x10 build/stm32f4xx_it.o
                0x0000000008009f2c                CAN1_RX1_IRQHandler
 .text.CAN1_SCE_IRQHandler
                0x0000000008009f3c       0x10 build/stm32f4xx_it.o
                0x0000000008009f3c                CAN1_SCE_IRQHandler
 .text.USART2_IRQHandler
                0x0000000008009f4c       0x10 build/stm32f4xx_it.o
                0x0000000008009f4c                USART2_IRQHandler
 .text.SDIO_IRQHandler
                0x0000000008009f5c       0x10 build/stm32f4xx_it.o
                0x0000000008009f5c                SDIO_IRQHandler
 .text.TIM6_DAC_IRQHandler
                0x0000000008009f6c       0x10 build/stm32f4xx_it.o
                0x0000000008009f6c                TIM6_DAC_IRQHandler
 .text.TIM7_IRQHandler
                0x0000000008009f7c       0x10 build/stm32f4xx_it.o
                0x0000000008009f7c                TIM7_IRQHandler
 .text.DMA2_Stream3_IRQHandler
                0x0000000008009f8c       0x10 build/stm32f4xx_it.o
                0x0000000008009f8c                DMA2_Stream3_IRQHandler
 .text.DMA2_Stream6_IRQHandler
                0x0000000008009f9c       0x10 build/stm32f4xx_it.o
                0x0000000008009f9c                DMA2_Stream6_IRQHandler
 .text.SystemInit
                0x0000000008009fac       0x4c build/system_stm32f4xx.o
                0x0000000008009fac                SystemInit
 .text.Reset_Handler
                0x0000000008009ff8       0x50 build/startup_stm32f446xx.o
                0x0000000008009ff8                Reset_Handler
 .text.Default_Handler
                0x000000000800a048        0x2 build/startup_stm32f446xx.o
                0x000000000800a048                RTC_Alarm_IRQHandler
                0x000000000800a048                EXTI2_IRQHandler
                0x000000000800a048                TIM8_CC_IRQHandler
                0x000000000800a048                FMPI2C1_EV_IRQHandler
                0x000000000800a048                SPI4_IRQHandler
                0x000000000800a048                TIM1_CC_IRQHandler
                0x000000000800a048                DMA2_Stream5_IRQHandler
                0x000000000800a048                DMA1_Stream5_IRQHandler
                0x000000000800a048                PVD_IRQHandler
                0x000000000800a048                TAMP_STAMP_IRQHandler
                0x000000000800a048                CAN2_RX1_IRQHandler
                0x000000000800a048                EXTI3_IRQHandler
                0x000000000800a048                TIM8_TRG_COM_TIM14_IRQHandler
                0x000000000800a048                TIM1_UP_TIM10_IRQHandler
                0x000000000800a048                TIM8_UP_TIM13_IRQHandler
                0x000000000800a048                I2C3_ER_IRQHandler
                0x000000000800a048                EXTI0_IRQHandler
                0x000000000800a048                I2C2_EV_IRQHandler
                0x000000000800a048                DMA1_Stream2_IRQHandler
                0x000000000800a048                FPU_IRQHandler
                0x000000000800a048                OTG_HS_WKUP_IRQHandler
                0x000000000800a048                CAN2_SCE_IRQHandler
                0x000000000800a048                DMA2_Stream2_IRQHandler
                0x000000000800a048                SPI1_IRQHandler
                0x000000000800a048                TIM1_BRK_TIM9_IRQHandler
                0x000000000800a048                DCMI_IRQHandler
                0x000000000800a048                CAN2_RX0_IRQHandler
                0x000000000800a048                SAI2_IRQHandler
                0x000000000800a048                USART6_IRQHandler
                0x000000000800a048                USART3_IRQHandler
                0x000000000800a048                UART5_IRQHandler
                0x000000000800a048                DMA2_Stream0_IRQHandler
                0x000000000800a048                TIM4_IRQHandler
                0x000000000800a048                QUADSPI_IRQHandler
                0x000000000800a048                I2C1_EV_IRQHandler
                0x000000000800a048                DMA1_Stream6_IRQHandler
                0x000000000800a048                DMA1_Stream1_IRQHandler
                0x000000000800a048                UART4_IRQHandler
                0x000000000800a048                TIM3_IRQHandler
                0x000000000800a048                RCC_IRQHandler
                0x000000000800a048                TIM8_BRK_TIM12_IRQHandler
                0x000000000800a048                Default_Handler
                0x000000000800a048                CEC_IRQHandler
                0x000000000800a048                EXTI15_10_IRQHandler
                0x000000000800a048                ADC_IRQHandler
                0x000000000800a048                DMA1_Stream7_IRQHandler
                0x000000000800a048                CAN2_TX_IRQHandler
                0x000000000800a048                TIM5_IRQHandler
                0x000000000800a048                DMA2_Stream7_IRQHandler
                0x000000000800a048                I2C3_EV_IRQHandler
                0x000000000800a048                EXTI9_5_IRQHandler
                0x000000000800a048                RTC_WKUP_IRQHandler
                0x000000000800a048                SPDIF_RX_IRQHandler
                0x000000000800a048                SPI2_IRQHandler
                0x000000000800a048                OTG_HS_EP1_IN_IRQHandler
                0x000000000800a048                DMA1_Stream0_IRQHandler
                0x000000000800a048                CAN1_TX_IRQHandler
                0x000000000800a048                FMPI2C1_ER_IRQHandler
                0x000000000800a048                EXTI4_IRQHandler
                0x000000000800a048                OTG_HS_EP1_OUT_IRQHandler
                0x000000000800a048                WWDG_IRQHandler
                0x000000000800a048                TIM2_IRQHandler
                0x000000000800a048                OTG_FS_WKUP_IRQHandler
                0x000000000800a048                TIM1_TRG_COM_TIM11_IRQHandler
                0x000000000800a048                OTG_HS_IRQHandler
                0x000000000800a048                EXTI1_IRQHandler
                0x000000000800a048                I2C2_ER_IRQHandler
                0x000000000800a048                DMA2_Stream1_IRQHandler
                0x000000000800a048                FLASH_IRQHandler
                0x000000000800a048                DMA2_Stream4_IRQHandler
                0x000000000800a048                USART1_IRQHandler
                0x000000000800a048                OTG_FS_IRQHandler
                0x000000000800a048                SPI3_IRQHandler
                0x000000000800a048                DMA1_Stream4_IRQHandler
                0x000000000800a048                I2C1_ER_IRQHandler
                0x000000000800a048                FMC_IRQHandler
                0x000000000800a048                SAI1_IRQHandler
                0x000000000800a048                DMA1_Stream3_IRQHandler
 *fill*         0x000000000800a04a        0x2 
 .text.startup  0x000000000800a04c       0x14 /usr/lib/gcc/arm-none-eabi/6.3.1/../../../arm-none-eabi/lib/thumb/v7e-m/fpv4-sp/hard/libc.a(lib_a-__call_atexit.o)
 *(.glue_7)
 .glue_7        0x000000000800a060        0x0 linker stubs
 *(.glue_7t)
 .glue_7t       0x000000000800a060        0x0 linker stubs
 *(.eh_frame)
 .eh_frame      0x000000000800a060        0x0 /usr/lib/gcc/arm-none-eabi/6.3.1/thumb/v7e-m/fpv4-sp/hard/crtbegin.o
 *(.init)
 .init          0x000000000800a060        0x4 /usr/lib/gcc/arm-none-eabi/6.3.1/thumb/v7e-m/fpv4-sp/hard/crti.o
                0x000000000800a060                _init
 .init          0x000000000800a064        0x8 /usr/lib/gcc/arm-none-eabi/6.3.1/thumb/v7e-m/fpv4-sp/hard/crtn.o
 *(.fini)
 .fini          0x000000000800a06c        0x4 /usr/lib/gcc/arm-none-eabi/6.3.1/thumb/v7e-m/fpv4-sp/hard/crti.o
                0x000000000800a06c                _fini
 .fini          0x000000000800a070        0x8 /usr/lib/gcc/arm-none-eabi/6.3.1/thumb/v7e-m/fpv4-sp/hard/crtn.o
                0x000000000800a078                . = ALIGN (0x4)
                0x000000000800a078                _etext = .

.vfp11_veneer   0x000000000800a078        0x0
 .vfp11_veneer  0x000000000800a078        0x0 linker stubs

.v4_bx          0x000000000800a078        0x0
 .v4_bx         0x000000000800a078        0x0 linker stubs

.iplt           0x000000000800a078        0x0
 .iplt          0x000000000800a078        0x0 /usr/lib/gcc/arm-none-eabi/6.3.1/thumb/v7e-m/fpv4-sp/hard/crtbegin.o

.rodata         0x000000000800a078      0x354
                0x000000000800a078                . = ALIGN (0x4)
 *(.rodata)
 .rodata        0x000000000800a078        0x4 /usr/lib/gcc/arm-none-eabi/6.3.1/../../../arm-none-eabi/lib/thumb/v7e-m/fpv4-sp/hard/libc.a(lib_a-impure.o)
                0x000000000800a078                _global_impure_ptr
 .rodata        0x000000000800a07c       0x20 /usr/lib/gcc/arm-none-eabi/6.3.1/../../../arm-none-eabi/lib/thumb/v7e-m/fpv4-sp/hard/libc.a(lib_a-svfprintf.o)
 .rodata        0x000000000800a09c      0x101 /usr/lib/gcc/arm-none-eabi/6.3.1/../../../arm-none-eabi/lib/thumb/v7e-m/fpv4-sp/hard/libc.a(lib_a-ctype_.o)
                0x000000000800a09c                _ctype_
 *fill*         0x000000000800a19d        0x3 
 .rodata        0x000000000800a1a0      0x128 /usr/lib/gcc/arm-none-eabi/6.3.1/../../../arm-none-eabi/lib/thumb/v7e-m/fpv4-sp/hard/libc.a(lib_a-mprec.o)
                0x000000000800a1b0                __mprec_tens
                0x000000000800a278                __mprec_tinytens
                0x000000000800a2a0                __mprec_bigtens
 .rodata        0x000000000800a2c8       0x20 /usr/lib/gcc/arm-none-eabi/6.3.1/../../../arm-none-eabi/lib/thumb/v7e-m/fpv4-sp/hard/libc.a(lib_a-svfiprintf.o)
 *(.rodata*)
 .rodata.flagBitshiftOffset.8626
                0x000000000800a2e8        0x8 build/stm32f4xx_hal_dma.o
 .rodata.HAL_CAN_RxFifo0FullCallback.str1.4
                0x000000000800a2f0       0x21 build/main.o
 *fill*         0x000000000800a311        0x3 
 .rodata.main.str1.4
                0x000000000800a314       0x3b build/main.o
 *fill*         0x000000000800a34f        0x1 
 .rodata.AHBPrescTable
                0x000000000800a350       0x10 build/system_stm32f4xx.o
                0x000000000800a350                AHBPrescTable
 .rodata.APBPrescTable
                0x000000000800a360        0x8 build/system_stm32f4xx.o
                0x000000000800a360                APBPrescTable
 .rodata.str1.4
                0x000000000800a368        0x2 /usr/lib/gcc/arm-none-eabi/6.3.1/../../../arm-none-eabi/lib/thumb/v7e-m/fpv4-sp/hard/libc.a(lib_a-impure.o)
 *fill*         0x000000000800a36a        0x2 
 .rodata.str1.4
                0x000000000800a36c       0x42 /usr/lib/gcc/arm-none-eabi/6.3.1/../../../arm-none-eabi/lib/thumb/v7e-m/fpv4-sp/hard/libc.a(lib_a-svfprintf.o)
 *fill*         0x000000000800a3ae        0x2 
 .rodata.str1.4
                0x000000000800a3b0       0x10 /usr/lib/gcc/arm-none-eabi/6.3.1/../../../arm-none-eabi/lib/thumb/v7e-m/fpv4-sp/hard/libc.a(lib_a-dtoa.o)
                                         0x12 (size before relaxing)
 .rodata.str1.4
                0x000000000800a3c0        0xc /usr/lib/gcc/arm-none-eabi/6.3.1/../../../arm-none-eabi/lib/thumb/v7e-m/fpv4-sp/hard/libc.a(lib_a-locale.o)
                                         0x12 (size before relaxing)
 .rodata.str1.4
                0x000000000800a3cc       0x2f /usr/lib/gcc/arm-none-eabi/6.3.1/../../../arm-none-eabi/lib/thumb/v7e-m/fpv4-sp/hard/libc.a(lib_a-svfiprintf.o)
                0x000000000800a3fc                . = ALIGN (0x4)

.ARM.extab
 *(.ARM.extab* .gnu.linkonce.armextab.*)

.ARM            0x000000000800a3cc        0x8
                0x000000000800a3cc                __exidx_start = .
 *(.ARM.exidx*)
 .ARM.exidx     0x000000000800a3cc        0x8 /usr/lib/gcc/arm-none-eabi/6.3.1/thumb/v7e-m/fpv4-sp/hard/libgcc.a(_udivmoddi4.o)
                0x000000000800a3d4                __exidx_end = .

.rel.dyn        0x000000000800a3d4        0x0
 .rel.iplt      0x000000000800a3d4        0x0 /usr/lib/gcc/arm-none-eabi/6.3.1/thumb/v7e-m/fpv4-sp/hard/crtbegin.o

.preinit_array  0x000000000800a3d4        0x0
                0x000000000800a3d4                PROVIDE (__preinit_array_start, .)
 *(.preinit_array*)
                0x000000000800a3d4                PROVIDE (__preinit_array_end, .)

.init_array     0x000000000800a3d4        0x8
                0x000000000800a3d4                PROVIDE (__init_array_start, .)
 *(SORT(.init_array.*))
 .init_array.00000
                0x000000000800a3d4        0x4 /usr/lib/gcc/arm-none-eabi/6.3.1/../../../arm-none-eabi/lib/thumb/v7e-m/fpv4-sp/hard/libc.a(lib_a-__call_atexit.o)
 *(.init_array*)
 .init_array    0x000000000800a3d8        0x4 /usr/lib/gcc/arm-none-eabi/6.3.1/thumb/v7e-m/fpv4-sp/hard/crtbegin.o
                0x000000000800a3dc                PROVIDE (__init_array_end, .)

.fini_array     0x000000000800a3dc        0x4
                0x000000000800a3dc                PROVIDE (__fini_array_start, .)
 *(SORT(.fini_array.*))
 *(.fini_array*)
 .fini_array    0x000000000800a3dc        0x4 /usr/lib/gcc/arm-none-eabi/6.3.1/thumb/v7e-m/fpv4-sp/hard/crtbegin.o
                0x000000000800a3e0                PROVIDE (__fini_array_end, .)
                0x000000000800a3e0                _sidata = LOADADDR (.data)

.data           0x0000000020000000      0x8cc load address 0x000000000800a3e0
                0x0000000020000000                . = ALIGN (0x4)
                0x0000000020000000                _sdata = .
 *(.data)
 .data          0x0000000020000000      0x430 /usr/lib/gcc/arm-none-eabi/6.3.1/../../../arm-none-eabi/lib/thumb/v7e-m/fpv4-sp/hard/libc.a(lib_a-impure.o)
                0x0000000020000000                _impure_ptr
 .data          0x0000000020000430        0x4 /usr/lib/gcc/arm-none-eabi/6.3.1/../../../arm-none-eabi/lib/thumb/v7e-m/fpv4-sp/hard/libc.a(lib_a-ctype_.o)
                0x0000000020000430                __ctype_ptr__
 .data          0x0000000020000434       0x7c /usr/lib/gcc/arm-none-eabi/6.3.1/../../../arm-none-eabi/lib/thumb/v7e-m/fpv4-sp/hard/libc.a(lib_a-locale.o)
                0x0000000020000454                __mb_cur_max
 .data          0x00000000200004b0      0x410 /usr/lib/gcc/arm-none-eabi/6.3.1/../../../arm-none-eabi/lib/thumb/v7e-m/fpv4-sp/hard/libc.a(lib_a-mallocr.o)
                0x00000000200004b0                __malloc_av_
                0x00000000200008b8                __malloc_sbrk_base
                0x00000000200008bc                __malloc_trim_threshold
 *(.data*)
 .data.uwTickFreq
                0x00000000200008c0        0x1 build/stm32f4xx_hal.o
                0x00000000200008c0                uwTickFreq
 *fill*         0x00000000200008c1        0x3 
 .data.uwTickPrio
                0x00000000200008c4        0x4 build/stm32f4xx_hal.o
                0x00000000200008c4                uwTickPrio
 .data.SystemCoreClock
                0x00000000200008c8        0x4 build/system_stm32f4xx.o
                0x00000000200008c8                SystemCoreClock
                0x00000000200008cc                . = ALIGN (0x4)
                0x00000000200008cc                _edata = .

.jcr            0x00000000200008cc        0x0 load address 0x000000000800acac
 .jcr           0x00000000200008cc        0x0 /usr/lib/gcc/arm-none-eabi/6.3.1/thumb/v7e-m/fpv4-sp/hard/crtbegin.o

.tm_clone_table
                0x00000000200008cc        0x0 load address 0x000000000800acac
 .tm_clone_table
                0x00000000200008cc        0x0 /usr/lib/gcc/arm-none-eabi/6.3.1/thumb/v7e-m/fpv4-sp/hard/crtbegin.o
 .tm_clone_table
                0x00000000200008cc        0x0 /usr/lib/gcc/arm-none-eabi/6.3.1/thumb/v7e-m/fpv4-sp/hard/crtend.o

.igot.plt       0x00000000200008cc        0x0 load address 0x000000000800acac
 .igot.plt      0x00000000200008cc        0x0 /usr/lib/gcc/arm-none-eabi/6.3.1/thumb/v7e-m/fpv4-sp/hard/crtbegin.o
                0x00000000200008cc                . = ALIGN (0x4)

.bss            0x00000000200008cc     0xcbf0 load address 0x000000000800acac
                0x00000000200008cc                _sbss = .
                0x00000000200008cc                __bss_start__ = _sbss
 *(.bss)
 .bss           0x00000000200008cc       0x1c /usr/lib/gcc/arm-none-eabi/6.3.1/thumb/v7e-m/fpv4-sp/hard/crtbegin.o
 .bss           0x00000000200008e8       0x34 /usr/lib/gcc/arm-none-eabi/6.3.1/../../../arm-none-eabi/lib/thumb/v7e-m/fpv4-sp/hard/libc.a(lib_a-mallocr.o)
                0x00000000200008e8                __malloc_top_pad
                0x00000000200008ec                __malloc_current_mallinfo
                0x0000000020000914                __malloc_max_sbrked_mem
                0x0000000020000918                __malloc_max_total_mem
 .bss           0x000000002000091c        0x4 /usr/lib/gcc/arm-none-eabi/6.3.1/../../../arm-none-eabi/lib/thumb/v7e-m/fpv4-sp/hard/libnosys.a(sbrk.o)
 *(.bss*)
 .bss.a         0x0000000020000920        0x4 build/main.o
                0x0000000020000920                a
 .bss.cont_rx   0x0000000020000924        0x4 build/main.o
                0x0000000020000924                cont_rx
 .bss.flag_rx   0x0000000020000928        0x4 build/main.o
                0x0000000020000928                flag_rx
 .bss.interrupt_flag
                0x000000002000092c        0x4 build/main.o
                0x000000002000092c                interrupt_flag
 .bss.mount_ok  0x0000000020000930        0x4 build/main.o
                0x0000000020000930                mount_ok
 .bss.msg_counter
                0x0000000020000934        0x4 build/main.o
                0x0000000020000934                msg_counter
 .bss.msg_index
                0x0000000020000938        0x4 build/main.o
                0x0000000020000938                msg_index
 .bss.printable_time
                0x000000002000093c        0x4 build/main.o
                0x000000002000093c                printable_time
 .bss.time      0x0000000020000940        0x4 build/main.o
                0x0000000020000940                time
 *(COMMON)
 COMMON         0x0000000020000944        0x4 build/stm32f4xx_hal.o
                0x0000000020000944                uwTick
 COMMON         0x0000000020000948     0xcb6e build/main.o
                0x0000000020000948                hdma_sdio_rx
                0x00000000200009a8                huart3
                0x00000000200009e8                cont_huart_rx
                0x00000000200009ec                messagesToWrite
                0x000000002000d1ec                sFilter
                0x000000002000d214                hadc1
                0x000000002000d25c                cont_msg_can_to_send
                0x000000002000d260                hdma_sdio_tx
                0x000000002000d2c0                htim6
                0x000000002000d300                delta
                0x000000002000d304                hsd
                0x000000002000d388                cont_length_num
                0x000000002000d38c                huart2
                0x000000002000d3cc                hcan1
                0x000000002000d3f4                huart_rx
                0x000000002000d428                RxHeader
                0x000000002000d444                htim7
                0x000000002000d484                msg_can_to_send
 *fill*         0x000000002000d4b6        0x2 
 COMMON         0x000000002000d4b8        0x4 /usr/lib/gcc/arm-none-eabi/6.3.1/../../../arm-none-eabi/lib/thumb/v7e-m/fpv4-sp/hard/libc.a(lib_a-reent.o)
                0x000000002000d4b8                errno
                0x000000002000d4bc                . = ALIGN (0x4)
                0x000000002000d4bc                _ebss = .
                0x000000002000d4bc                __bss_end__ = _ebss

._user_heap_stack
                0x000000002000d4bc     0x6004 load address 0x000000000800acac
                0x000000002000d4c0                . = ALIGN (0x8)
 *fill*         0x000000002000d4bc        0x4 
                0x000000002000d4c0                PROVIDE (end, .)
                [!provide]                        PROVIDE (_end, .)
                0x000000002000f4c0                . = (. + _Min_Heap_Size)
 *fill*         0x000000002000d4c0     0x2000 
                0x00000000200134c0                . = (. + _Min_Stack_Size)
 *fill*         0x000000002000f4c0     0x4000 
                0x00000000200134c0                . = ALIGN (0x8)

/DISCARD/
 libc.a(*)
 libm.a(*)
 libgcc.a(*)

.ARM.attributes
                0x0000000000000000       0x30
 *(.ARM.attributes)
 .ARM.attributes
                0x0000000000000000       0x22 /usr/lib/gcc/arm-none-eabi/6.3.1/thumb/v7e-m/fpv4-sp/hard/crti.o
 .ARM.attributes
                0x0000000000000022       0x34 /usr/lib/gcc/arm-none-eabi/6.3.1/thumb/v7e-m/fpv4-sp/hard/crtbegin.o
 .ARM.attributes
                0x0000000000000056       0x39 build/stm32f4xx_hal.o
 .ARM.attributes
                0x000000000000008f       0x39 build/stm32f4xx_hal_adc.o
 .ARM.attributes
                0x00000000000000c8       0x39 build/stm32f4xx_hal_can.o
 .ARM.attributes
                0x0000000000000101       0x39 build/stm32f4xx_hal_cortex.o
 .ARM.attributes
                0x000000000000013a       0x39 build/stm32f4xx_hal_dma.o
 .ARM.attributes
                0x0000000000000173       0x39 build/stm32f4xx_hal_gpio.o
 .ARM.attributes
                0x00000000000001ac       0x39 build/stm32f4xx_hal_rcc.o
 .ARM.attributes
                0x00000000000001e5       0x39 build/stm32f4xx_hal_rcc_ex.o
 .ARM.attributes
                0x000000000000021e       0x39 build/stm32f4xx_hal_sd.o
 .ARM.attributes
                0x0000000000000257       0x39 build/stm32f4xx_hal_tim.o
 .ARM.attributes
                0x0000000000000290       0x39 build/stm32f4xx_hal_tim_ex.o
 .ARM.attributes
                0x00000000000002c9       0x39 build/stm32f4xx_hal_uart.o
 .ARM.attributes
                0x0000000000000302       0x39 build/stm32f4xx_ll_sdmmc.o
 .ARM.attributes
                0x000000000000033b       0x39 build/main.o
 .ARM.attributes
                0x0000000000000374       0x39 build/stm32f4xx_hal_msp.o
 .ARM.attributes
                0x00000000000003ad       0x39 build/stm32f4xx_it.o
 .ARM.attributes
                0x00000000000003e6       0x39 build/system_stm32f4xx.o
 .ARM.attributes
                0x000000000000041f       0x21 build/startup_stm32f446xx.o
 .ARM.attributes
                0x0000000000000440       0x34 /usr/lib/gcc/arm-none-eabi/6.3.1/../../../arm-none-eabi/lib/thumb/v7e-m/fpv4-sp/hard/libc.a(lib_a-atexit.o)
 .ARM.attributes
                0x0000000000000474       0x34 /usr/lib/gcc/arm-none-eabi/6.3.1/../../../arm-none-eabi/lib/thumb/v7e-m/fpv4-sp/hard/libc.a(lib_a-atoi.o)
 .ARM.attributes
                0x00000000000004a8       0x34 /usr/lib/gcc/arm-none-eabi/6.3.1/../../../arm-none-eabi/lib/thumb/v7e-m/fpv4-sp/hard/libc.a(lib_a-fini.o)
 .ARM.attributes
                0x00000000000004dc       0x34 /usr/lib/gcc/arm-none-eabi/6.3.1/../../../arm-none-eabi/lib/thumb/v7e-m/fpv4-sp/hard/libc.a(lib_a-impure.o)
 .ARM.attributes
                0x0000000000000510       0x34 /usr/lib/gcc/arm-none-eabi/6.3.1/../../../arm-none-eabi/lib/thumb/v7e-m/fpv4-sp/hard/libc.a(lib_a-init.o)
 .ARM.attributes
                0x0000000000000544       0x34 /usr/lib/gcc/arm-none-eabi/6.3.1/../../../arm-none-eabi/lib/thumb/v7e-m/fpv4-sp/hard/libc.a(lib_a-memset.o)
 .ARM.attributes
                0x0000000000000578       0x34 /usr/lib/gcc/arm-none-eabi/6.3.1/../../../arm-none-eabi/lib/thumb/v7e-m/fpv4-sp/hard/libc.a(lib_a-sprintf.o)
 .ARM.attributes
                0x00000000000005ac       0x20 /usr/lib/gcc/arm-none-eabi/6.3.1/../../../arm-none-eabi/lib/thumb/v7e-m/fpv4-sp/hard/libc.a(lib_a-strlen.o)
 .ARM.attributes
                0x00000000000005cc       0x34 /usr/lib/gcc/arm-none-eabi/6.3.1/../../../arm-none-eabi/lib/thumb/v7e-m/fpv4-sp/hard/libc.a(lib_a-strtol.o)
 .ARM.attributes
                0x0000000000000600       0x34 /usr/lib/gcc/arm-none-eabi/6.3.1/../../../arm-none-eabi/lib/thumb/v7e-m/fpv4-sp/hard/libc.a(lib_a-svfprintf.o)
 .ARM.attributes
                0x0000000000000634       0x34 /usr/lib/gcc/arm-none-eabi/6.3.1/../../../arm-none-eabi/lib/thumb/v7e-m/fpv4-sp/hard/libc.a(lib_a-__atexit.o)
 .ARM.attributes
                0x0000000000000668       0x34 /usr/lib/gcc/arm-none-eabi/6.3.1/../../../arm-none-eabi/lib/thumb/v7e-m/fpv4-sp/hard/libc.a(lib_a-__call_atexit.o)
 .ARM.attributes
                0x000000000000069c       0x34 /usr/lib/gcc/arm-none-eabi/6.3.1/../../../arm-none-eabi/lib/thumb/v7e-m/fpv4-sp/hard/libc.a(lib_a-ctype_.o)
 .ARM.attributes
                0x00000000000006d0       0x34 /usr/lib/gcc/arm-none-eabi/6.3.1/../../../arm-none-eabi/lib/thumb/v7e-m/fpv4-sp/hard/libc.a(lib_a-dtoa.o)
 .ARM.attributes
                0x0000000000000704       0x34 /usr/lib/gcc/arm-none-eabi/6.3.1/../../../arm-none-eabi/lib/thumb/v7e-m/fpv4-sp/hard/libc.a(lib_a-locale.o)
 .ARM.attributes
                0x0000000000000738       0x34 /usr/lib/gcc/arm-none-eabi/6.3.1/../../../arm-none-eabi/lib/thumb/v7e-m/fpv4-sp/hard/libc.a(lib_a-mallocr.o)
 .ARM.attributes
                0x000000000000076c       0x20 /usr/lib/gcc/arm-none-eabi/6.3.1/../../../arm-none-eabi/lib/thumb/v7e-m/fpv4-sp/hard/libc.a(lib_a-memchr.o)
 .ARM.attributes
                0x000000000000078c       0x20 /usr/lib/gcc/arm-none-eabi/6.3.1/../../../arm-none-eabi/lib/thumb/v7e-m/fpv4-sp/hard/libc.a(lib_a-memcpy.o)
 .ARM.attributes
                0x00000000000007ac       0x34 /usr/lib/gcc/arm-none-eabi/6.3.1/../../../arm-none-eabi/lib/thumb/v7e-m/fpv4-sp/hard/libc.a(lib_a-mlock.o)
 .ARM.attributes
                0x00000000000007e0       0x34 /usr/lib/gcc/arm-none-eabi/6.3.1/../../../arm-none-eabi/lib/thumb/v7e-m/fpv4-sp/hard/libc.a(lib_a-mprec.o)
 .ARM.attributes
                0x0000000000000814       0x34 /usr/lib/gcc/arm-none-eabi/6.3.1/../../../arm-none-eabi/lib/thumb/v7e-m/fpv4-sp/hard/libc.a(lib_a-sbrkr.o)
 .ARM.attributes
                0x0000000000000848       0x20 /usr/lib/gcc/arm-none-eabi/6.3.1/../../../arm-none-eabi/lib/thumb/v7e-m/fpv4-sp/hard/libc.a(lib_a-strcmp.o)
 .ARM.attributes
                0x0000000000000868       0x34 /usr/lib/gcc/arm-none-eabi/6.3.1/../../../arm-none-eabi/lib/thumb/v7e-m/fpv4-sp/hard/libc.a(lib_a-svfiprintf.o)
 .ARM.attributes
                0x000000000000089c       0x34 /usr/lib/gcc/arm-none-eabi/6.3.1/../../../arm-none-eabi/lib/thumb/v7e-m/fpv4-sp/hard/libc.a(lib_a-callocr.o)
 .ARM.attributes
                0x00000000000008d0       0x34 /usr/lib/gcc/arm-none-eabi/6.3.1/../../../arm-none-eabi/lib/thumb/v7e-m/fpv4-sp/hard/libc.a(lib_a-freer.o)
 .ARM.attributes
                0x0000000000000904       0x34 /usr/lib/gcc/arm-none-eabi/6.3.1/../../../arm-none-eabi/lib/thumb/v7e-m/fpv4-sp/hard/libc.a(lib_a-memmove.o)
 .ARM.attributes
                0x0000000000000938       0x34 /usr/lib/gcc/arm-none-eabi/6.3.1/../../../arm-none-eabi/lib/thumb/v7e-m/fpv4-sp/hard/libc.a(lib_a-reallocr.o)
 .ARM.attributes
                0x000000000000096c       0x34 /usr/lib/gcc/arm-none-eabi/6.3.1/../../../arm-none-eabi/lib/thumb/v7e-m/fpv4-sp/hard/libc.a(lib_a-reent.o)
 .ARM.attributes
                0x00000000000009a0       0x34 /usr/lib/gcc/arm-none-eabi/6.3.1/../../../arm-none-eabi/lib/thumb/v7e-m/fpv4-sp/hard/libnosys.a(sbrk.o)
 .ARM.attributes
                0x00000000000009d4       0x22 /usr/lib/gcc/arm-none-eabi/6.3.1/thumb/v7e-m/fpv4-sp/hard/libgcc.a(_arm_addsubdf3.o)
 .ARM.attributes
                0x00000000000009f6       0x22 /usr/lib/gcc/arm-none-eabi/6.3.1/thumb/v7e-m/fpv4-sp/hard/libgcc.a(_arm_muldivdf3.o)
 .ARM.attributes
                0x0000000000000a18       0x22 /usr/lib/gcc/arm-none-eabi/6.3.1/thumb/v7e-m/fpv4-sp/hard/libgcc.a(_arm_cmpdf2.o)
 .ARM.attributes
                0x0000000000000a3a       0x22 /usr/lib/gcc/arm-none-eabi/6.3.1/thumb/v7e-m/fpv4-sp/hard/libgcc.a(_arm_unorddf2.o)
 .ARM.attributes
                0x0000000000000a5c       0x22 /usr/lib/gcc/arm-none-eabi/6.3.1/thumb/v7e-m/fpv4-sp/hard/libgcc.a(_arm_fixdfsi.o)
 .ARM.attributes
                0x0000000000000a7e       0x22 /usr/lib/gcc/arm-none-eabi/6.3.1/thumb/v7e-m/fpv4-sp/hard/libgcc.a(_aeabi_uldivmod.o)
 .ARM.attributes
                0x0000000000000aa0       0x34 /usr/lib/gcc/arm-none-eabi/6.3.1/thumb/v7e-m/fpv4-sp/hard/libgcc.a(_udivmoddi4.o)
 .ARM.attributes
                0x0000000000000ad4       0x22 /usr/lib/gcc/arm-none-eabi/6.3.1/thumb/v7e-m/fpv4-sp/hard/libgcc.a(_dvmd_tls.o)
 .ARM.attributes
                0x0000000000000af6       0x34 /usr/lib/gcc/arm-none-eabi/6.3.1/thumb/v7e-m/fpv4-sp/hard/crtend.o
 .ARM.attributes
                0x0000000000000b2a       0x22 /usr/lib/gcc/arm-none-eabi/6.3.1/thumb/v7e-m/fpv4-sp/hard/crtn.o
OUTPUT(build/CAN_UART.elf elf32-littlearm)

.comment        0x0000000000000000       0x31
 .comment       0x0000000000000000       0x31 /usr/lib/gcc/arm-none-eabi/6.3.1/thumb/v7e-m/fpv4-sp/hard/crtbegin.o
                                         0x32 (size before relaxing)
 .comment       0x0000000000000031       0x32 build/stm32f4xx_hal.o
 .comment       0x0000000000000031       0x32 build/stm32f4xx_hal_adc.o
 .comment       0x0000000000000031       0x32 build/stm32f4xx_hal_can.o
 .comment       0x0000000000000031       0x32 build/stm32f4xx_hal_cortex.o
 .comment       0x0000000000000031       0x32 build/stm32f4xx_hal_dma.o
 .comment       0x0000000000000031       0x32 build/stm32f4xx_hal_gpio.o
 .comment       0x0000000000000031       0x32 build/stm32f4xx_hal_rcc.o
 .comment       0x0000000000000031       0x32 build/stm32f4xx_hal_rcc_ex.o
 .comment       0x0000000000000031       0x32 build/stm32f4xx_hal_sd.o
 .comment       0x0000000000000031       0x32 build/stm32f4xx_hal_tim.o
 .comment       0x0000000000000031       0x32 build/stm32f4xx_hal_tim_ex.o
 .comment       0x0000000000000031       0x32 build/stm32f4xx_hal_uart.o
 .comment       0x0000000000000031       0x32 build/stm32f4xx_ll_sdmmc.o
 .comment       0x0000000000000031       0x32 build/main.o
 .comment       0x0000000000000031       0x32 build/stm32f4xx_hal_msp.o
 .comment       0x0000000000000031       0x32 build/stm32f4xx_it.o
 .comment       0x0000000000000031       0x32 build/system_stm32f4xx.o
 .comment       0x0000000000000031       0x32 /usr/lib/gcc/arm-none-eabi/6.3.1/../../../arm-none-eabi/lib/thumb/v7e-m/fpv4-sp/hard/libc.a(lib_a-atexit.o)
 .comment       0x0000000000000031       0x32 /usr/lib/gcc/arm-none-eabi/6.3.1/../../../arm-none-eabi/lib/thumb/v7e-m/fpv4-sp/hard/libc.a(lib_a-atoi.o)
 .comment       0x0000000000000031       0x32 /usr/lib/gcc/arm-none-eabi/6.3.1/../../../arm-none-eabi/lib/thumb/v7e-m/fpv4-sp/hard/libc.a(lib_a-fini.o)
 .comment       0x0000000000000031       0x32 /usr/lib/gcc/arm-none-eabi/6.3.1/../../../arm-none-eabi/lib/thumb/v7e-m/fpv4-sp/hard/libc.a(lib_a-impure.o)
 .comment       0x0000000000000031       0x32 /usr/lib/gcc/arm-none-eabi/6.3.1/../../../arm-none-eabi/lib/thumb/v7e-m/fpv4-sp/hard/libc.a(lib_a-init.o)
 .comment       0x0000000000000031       0x32 /usr/lib/gcc/arm-none-eabi/6.3.1/../../../arm-none-eabi/lib/thumb/v7e-m/fpv4-sp/hard/libc.a(lib_a-memset.o)
 .comment       0x0000000000000031       0x32 /usr/lib/gcc/arm-none-eabi/6.3.1/../../../arm-none-eabi/lib/thumb/v7e-m/fpv4-sp/hard/libc.a(lib_a-sprintf.o)
 .comment       0x0000000000000031       0x32 /usr/lib/gcc/arm-none-eabi/6.3.1/../../../arm-none-eabi/lib/thumb/v7e-m/fpv4-sp/hard/libc.a(lib_a-strtol.o)
 .comment       0x0000000000000031       0x32 /usr/lib/gcc/arm-none-eabi/6.3.1/../../../arm-none-eabi/lib/thumb/v7e-m/fpv4-sp/hard/libc.a(lib_a-svfprintf.o)
 .comment       0x0000000000000031       0x32 /usr/lib/gcc/arm-none-eabi/6.3.1/../../../arm-none-eabi/lib/thumb/v7e-m/fpv4-sp/hard/libc.a(lib_a-__atexit.o)
 .comment       0x0000000000000031       0x32 /usr/lib/gcc/arm-none-eabi/6.3.1/../../../arm-none-eabi/lib/thumb/v7e-m/fpv4-sp/hard/libc.a(lib_a-__call_atexit.o)
 .comment       0x0000000000000031       0x32 /usr/lib/gcc/arm-none-eabi/6.3.1/../../../arm-none-eabi/lib/thumb/v7e-m/fpv4-sp/hard/libc.a(lib_a-ctype_.o)
 .comment       0x0000000000000031       0x32 /usr/lib/gcc/arm-none-eabi/6.3.1/../../../arm-none-eabi/lib/thumb/v7e-m/fpv4-sp/hard/libc.a(lib_a-dtoa.o)
 .comment       0x0000000000000031       0x32 /usr/lib/gcc/arm-none-eabi/6.3.1/../../../arm-none-eabi/lib/thumb/v7e-m/fpv4-sp/hard/libc.a(lib_a-locale.o)
 .comment       0x0000000000000031       0x32 /usr/lib/gcc/arm-none-eabi/6.3.1/../../../arm-none-eabi/lib/thumb/v7e-m/fpv4-sp/hard/libc.a(lib_a-mallocr.o)
 .comment       0x0000000000000031       0x32 /usr/lib/gcc/arm-none-eabi/6.3.1/../../../arm-none-eabi/lib/thumb/v7e-m/fpv4-sp/hard/libc.a(lib_a-mlock.o)
 .comment       0x0000000000000031       0x32 /usr/lib/gcc/arm-none-eabi/6.3.1/../../../arm-none-eabi/lib/thumb/v7e-m/fpv4-sp/hard/libc.a(lib_a-mprec.o)
 .comment       0x0000000000000031       0x32 /usr/lib/gcc/arm-none-eabi/6.3.1/../../../arm-none-eabi/lib/thumb/v7e-m/fpv4-sp/hard/libc.a(lib_a-sbrkr.o)
 .comment       0x0000000000000031       0x32 /usr/lib/gcc/arm-none-eabi/6.3.1/../../../arm-none-eabi/lib/thumb/v7e-m/fpv4-sp/hard/libc.a(lib_a-svfiprintf.o)
 .comment       0x0000000000000031       0x32 /usr/lib/gcc/arm-none-eabi/6.3.1/../../../arm-none-eabi/lib/thumb/v7e-m/fpv4-sp/hard/libc.a(lib_a-callocr.o)
 .comment       0x0000000000000031       0x32 /usr/lib/gcc/arm-none-eabi/6.3.1/../../../arm-none-eabi/lib/thumb/v7e-m/fpv4-sp/hard/libc.a(lib_a-freer.o)
 .comment       0x0000000000000031       0x32 /usr/lib/gcc/arm-none-eabi/6.3.1/../../../arm-none-eabi/lib/thumb/v7e-m/fpv4-sp/hard/libc.a(lib_a-memmove.o)
 .comment       0x0000000000000031       0x32 /usr/lib/gcc/arm-none-eabi/6.3.1/../../../arm-none-eabi/lib/thumb/v7e-m/fpv4-sp/hard/libc.a(lib_a-reallocr.o)
 .comment       0x0000000000000031       0x32 /usr/lib/gcc/arm-none-eabi/6.3.1/../../../arm-none-eabi/lib/thumb/v7e-m/fpv4-sp/hard/libc.a(lib_a-reent.o)
 .comment       0x0000000000000031       0x32 /usr/lib/gcc/arm-none-eabi/6.3.1/../../../arm-none-eabi/lib/thumb/v7e-m/fpv4-sp/hard/libnosys.a(sbrk.o)
 .comment       0x0000000000000031       0x32 /usr/lib/gcc/arm-none-eabi/6.3.1/thumb/v7e-m/fpv4-sp/hard/libgcc.a(_udivmoddi4.o)
 .comment       0x0000000000000031       0x32 /usr/lib/gcc/arm-none-eabi/6.3.1/thumb/v7e-m/fpv4-sp/hard/crtend.o

.debug_info     0x0000000000000000    0x299e2
 .debug_info    0x0000000000000000      0xb0b build/stm32f4xx_hal.o
 .debug_info    0x0000000000000b0b      0xeee build/stm32f4xx_hal_adc.o
 .debug_info    0x00000000000019f9     0x1225 build/stm32f4xx_hal_can.o
 .debug_info    0x0000000000002c1e     0x103d build/stm32f4xx_hal_cortex.o
 .debug_info    0x0000000000003c5b      0xaef build/stm32f4xx_hal_dma.o
 .debug_info    0x000000000000474a      0x86e build/stm32f4xx_hal_gpio.o
 .debug_info    0x0000000000004fb8      0xb68 build/stm32f4xx_hal_rcc.o
 .debug_info    0x0000000000005b20      0xcd2 build/stm32f4xx_hal_rcc_ex.o
 .debug_info    0x00000000000067f2     0x2471 build/stm32f4xx_hal_sd.o
 .debug_info    0x0000000000008c63     0x3478 build/stm32f4xx_hal_tim.o
 .debug_info    0x000000000000c0db     0x1615 build/stm32f4xx_hal_tim_ex.o
 .debug_info    0x000000000000d6f0     0x18ad build/stm32f4xx_hal_uart.o
 .debug_info    0x000000000000ef9d     0x1759 build/stm32f4xx_ll_sdmmc.o
 .debug_info    0x00000000000106f6     0x3897 build/main.o
 .debug_info    0x0000000000013f8d     0x1f6f build/stm32f4xx_hal_msp.o
 .debug_info    0x0000000000015efc     0x1322 build/stm32f4xx_it.o
 .debug_info    0x000000000001721e      0x5c7 build/system_stm32f4xx.o
 .debug_info    0x00000000000177e5       0x7b build/startup_stm32f446xx.o
 .debug_info    0x0000000000017860      0x907 /usr/lib/gcc/arm-none-eabi/6.3.1/../../../arm-none-eabi/lib/thumb/v7e-m/fpv4-sp/hard/libc.a(lib_a-atexit.o)
 .debug_info    0x0000000000018167      0x941 /usr/lib/gcc/arm-none-eabi/6.3.1/../../../arm-none-eabi/lib/thumb/v7e-m/fpv4-sp/hard/libc.a(lib_a-atoi.o)
 .debug_info    0x0000000000018aa8       0xfa /usr/lib/gcc/arm-none-eabi/6.3.1/../../../arm-none-eabi/lib/thumb/v7e-m/fpv4-sp/hard/libc.a(lib_a-fini.o)
 .debug_info    0x0000000000018ba2      0x8a5 /usr/lib/gcc/arm-none-eabi/6.3.1/../../../arm-none-eabi/lib/thumb/v7e-m/fpv4-sp/hard/libc.a(lib_a-impure.o)
 .debug_info    0x0000000000019447      0x110 /usr/lib/gcc/arm-none-eabi/6.3.1/../../../arm-none-eabi/lib/thumb/v7e-m/fpv4-sp/hard/libc.a(lib_a-init.o)
 .debug_info    0x0000000000019557      0x91b /usr/lib/gcc/arm-none-eabi/6.3.1/../../../arm-none-eabi/lib/thumb/v7e-m/fpv4-sp/hard/libc.a(lib_a-memset.o)
 .debug_info    0x0000000000019e72      0xbd0 /usr/lib/gcc/arm-none-eabi/6.3.1/../../../arm-none-eabi/lib/thumb/v7e-m/fpv4-sp/hard/libc.a(lib_a-sprintf.o)
 .debug_info    0x000000000001aa42       0xdb /usr/lib/gcc/arm-none-eabi/6.3.1/../../../arm-none-eabi/lib/thumb/v7e-m/fpv4-sp/hard/libc.a(lib_a-strlen.o)
 .debug_info    0x000000000001ab1d      0xa19 /usr/lib/gcc/arm-none-eabi/6.3.1/../../../arm-none-eabi/lib/thumb/v7e-m/fpv4-sp/hard/libc.a(lib_a-strtol.o)
 .debug_info    0x000000000001b536     0x1857 /usr/lib/gcc/arm-none-eabi/6.3.1/../../../arm-none-eabi/lib/thumb/v7e-m/fpv4-sp/hard/libc.a(lib_a-svfprintf.o)
 .debug_info    0x000000000001cd8d      0x950 /usr/lib/gcc/arm-none-eabi/6.3.1/../../../arm-none-eabi/lib/thumb/v7e-m/fpv4-sp/hard/libc.a(lib_a-__atexit.o)
 .debug_info    0x000000000001d6dd      0x9bc /usr/lib/gcc/arm-none-eabi/6.3.1/../../../arm-none-eabi/lib/thumb/v7e-m/fpv4-sp/hard/libc.a(lib_a-__call_atexit.o)
 .debug_info    0x000000000001e099       0xc0 /usr/lib/gcc/arm-none-eabi/6.3.1/../../../arm-none-eabi/lib/thumb/v7e-m/fpv4-sp/hard/libc.a(lib_a-ctype_.o)
 .debug_info    0x000000000001e159     0x1318 /usr/lib/gcc/arm-none-eabi/6.3.1/../../../arm-none-eabi/lib/thumb/v7e-m/fpv4-sp/hard/libc.a(lib_a-dtoa.o)
 .debug_info    0x000000000001f471      0xd35 /usr/lib/gcc/arm-none-eabi/6.3.1/../../../arm-none-eabi/lib/thumb/v7e-m/fpv4-sp/hard/libc.a(lib_a-locale.o)
 .debug_info    0x00000000000201a6      0xdf1 /usr/lib/gcc/arm-none-eabi/6.3.1/../../../arm-none-eabi/lib/thumb/v7e-m/fpv4-sp/hard/libc.a(lib_a-mallocr.o)
 .debug_info    0x0000000000020f97       0xd5 /usr/lib/gcc/arm-none-eabi/6.3.1/../../../arm-none-eabi/lib/thumb/v7e-m/fpv4-sp/hard/libc.a(lib_a-memchr.o)
 .debug_info    0x000000000002106c       0xdc /usr/lib/gcc/arm-none-eabi/6.3.1/../../../arm-none-eabi/lib/thumb/v7e-m/fpv4-sp/hard/libc.a(lib_a-memcpy.o)
 .debug_info    0x0000000000021148      0x8d8 /usr/lib/gcc/arm-none-eabi/6.3.1/../../../arm-none-eabi/lib/thumb/v7e-m/fpv4-sp/hard/libc.a(lib_a-mlock.o)
 .debug_info    0x0000000000021a20     0x1744 /usr/lib/gcc/arm-none-eabi/6.3.1/../../../arm-none-eabi/lib/thumb/v7e-m/fpv4-sp/hard/libc.a(lib_a-mprec.o)
 .debug_info    0x0000000000023164      0x95a /usr/lib/gcc/arm-none-eabi/6.3.1/../../../arm-none-eabi/lib/thumb/v7e-m/fpv4-sp/hard/libc.a(lib_a-sbrkr.o)
 .debug_info    0x0000000000023abe       0xdb /usr/lib/gcc/arm-none-eabi/6.3.1/../../../arm-none-eabi/lib/thumb/v7e-m/fpv4-sp/hard/libc.a(lib_a-strcmp.o)
 .debug_info    0x0000000000023b99     0x12df /usr/lib/gcc/arm-none-eabi/6.3.1/../../../arm-none-eabi/lib/thumb/v7e-m/fpv4-sp/hard/libc.a(lib_a-svfiprintf.o)
 .debug_info    0x0000000000024e78      0xb59 /usr/lib/gcc/arm-none-eabi/6.3.1/../../../arm-none-eabi/lib/thumb/v7e-m/fpv4-sp/hard/libc.a(lib_a-callocr.o)
 .debug_info    0x00000000000259d1      0xca9 /usr/lib/gcc/arm-none-eabi/6.3.1/../../../arm-none-eabi/lib/thumb/v7e-m/fpv4-sp/hard/libc.a(lib_a-freer.o)
 .debug_info    0x000000000002667a      0x92a /usr/lib/gcc/arm-none-eabi/6.3.1/../../../arm-none-eabi/lib/thumb/v7e-m/fpv4-sp/hard/libc.a(lib_a-memmove.o)
 .debug_info    0x0000000000026fa4      0xdac /usr/lib/gcc/arm-none-eabi/6.3.1/../../../arm-none-eabi/lib/thumb/v7e-m/fpv4-sp/hard/libc.a(lib_a-reallocr.o)
 .debug_info    0x0000000000027d50      0xa18 /usr/lib/gcc/arm-none-eabi/6.3.1/../../../arm-none-eabi/lib/thumb/v7e-m/fpv4-sp/hard/libc.a(lib_a-reent.o)
 .debug_info    0x0000000000028768       0x90 /usr/lib/gcc/arm-none-eabi/6.3.1/../../../arm-none-eabi/lib/thumb/v7e-m/fpv4-sp/hard/libnosys.a(sbrk.o)
 .debug_info    0x00000000000287f8       0xd4 /usr/lib/gcc/arm-none-eabi/6.3.1/thumb/v7e-m/fpv4-sp/hard/libgcc.a(_arm_addsubdf3.o)
 .debug_info    0x00000000000288cc       0xd4 /usr/lib/gcc/arm-none-eabi/6.3.1/thumb/v7e-m/fpv4-sp/hard/libgcc.a(_arm_muldivdf3.o)
 .debug_info    0x00000000000289a0       0xd4 /usr/lib/gcc/arm-none-eabi/6.3.1/thumb/v7e-m/fpv4-sp/hard/libgcc.a(_arm_cmpdf2.o)
 .debug_info    0x0000000000028a74       0xd4 /usr/lib/gcc/arm-none-eabi/6.3.1/thumb/v7e-m/fpv4-sp/hard/libgcc.a(_arm_unorddf2.o)
 .debug_info    0x0000000000028b48       0xd4 /usr/lib/gcc/arm-none-eabi/6.3.1/thumb/v7e-m/fpv4-sp/hard/libgcc.a(_arm_fixdfsi.o)
 .debug_info    0x0000000000028c1c       0xcf /usr/lib/gcc/arm-none-eabi/6.3.1/thumb/v7e-m/fpv4-sp/hard/libgcc.a(_aeabi_uldivmod.o)
 .debug_info    0x0000000000028ceb      0xc24 /usr/lib/gcc/arm-none-eabi/6.3.1/thumb/v7e-m/fpv4-sp/hard/libgcc.a(_udivmoddi4.o)
 .debug_info    0x000000000002990f       0xd3 /usr/lib/gcc/arm-none-eabi/6.3.1/thumb/v7e-m/fpv4-sp/hard/libgcc.a(_dvmd_tls.o)

.debug_abbrev   0x0000000000000000     0x6002
 .debug_abbrev  0x0000000000000000      0x1ef build/stm32f4xx_hal.o
 .debug_abbrev  0x00000000000001ef      0x28f build/stm32f4xx_hal_adc.o
 .debug_abbrev  0x000000000000047e      0x277 build/stm32f4xx_hal_can.o
 .debug_abbrev  0x00000000000006f5      0x33b build/stm32f4xx_hal_cortex.o
 .debug_abbrev  0x0000000000000a30      0x2aa build/stm32f4xx_hal_dma.o
 .debug_abbrev  0x0000000000000cda      0x21a build/stm32f4xx_hal_gpio.o
 .debug_abbrev  0x0000000000000ef4      0x28b build/stm32f4xx_hal_rcc.o
 .debug_abbrev  0x000000000000117f      0x243 build/stm32f4xx_hal_rcc_ex.o
 .debug_abbrev  0x00000000000013c2      0x2af build/stm32f4xx_hal_sd.o
 .debug_abbrev  0x0000000000001671      0x270 build/stm32f4xx_hal_tim.o
 .debug_abbrev  0x00000000000018e1      0x269 build/stm32f4xx_hal_tim_ex.o
 .debug_abbrev  0x0000000000001b4a      0x2bd build/stm32f4xx_hal_uart.o
 .debug_abbrev  0x0000000000001e07      0x21b build/stm32f4xx_ll_sdmmc.o
 .debug_abbrev  0x0000000000002022      0x3e3 build/main.o
 .debug_abbrev  0x0000000000002405      0x24e build/stm32f4xx_hal_msp.o
 .debug_abbrev  0x0000000000002653      0x1cd build/stm32f4xx_it.o
 .debug_abbrev  0x0000000000002820      0x110 build/system_stm32f4xx.o
 .debug_abbrev  0x0000000000002930       0x12 build/startup_stm32f446xx.o
 .debug_abbrev  0x0000000000002942      0x1f6 /usr/lib/gcc/arm-none-eabi/6.3.1/../../../arm-none-eabi/lib/thumb/v7e-m/fpv4-sp/hard/libc.a(lib_a-atexit.o)
 .debug_abbrev  0x0000000000002b38      0x1dc /usr/lib/gcc/arm-none-eabi/6.3.1/../../../arm-none-eabi/lib/thumb/v7e-m/fpv4-sp/hard/libc.a(lib_a-atoi.o)
 .debug_abbrev  0x0000000000002d14       0xbd /usr/lib/gcc/arm-none-eabi/6.3.1/../../../arm-none-eabi/lib/thumb/v7e-m/fpv4-sp/hard/libc.a(lib_a-fini.o)
 .debug_abbrev  0x0000000000002dd1      0x189 /usr/lib/gcc/arm-none-eabi/6.3.1/../../../arm-none-eabi/lib/thumb/v7e-m/fpv4-sp/hard/libc.a(lib_a-impure.o)
 .debug_abbrev  0x0000000000002f5a       0xba /usr/lib/gcc/arm-none-eabi/6.3.1/../../../arm-none-eabi/lib/thumb/v7e-m/fpv4-sp/hard/libc.a(lib_a-init.o)
 .debug_abbrev  0x0000000000003014      0x1cd /usr/lib/gcc/arm-none-eabi/6.3.1/../../../arm-none-eabi/lib/thumb/v7e-m/fpv4-sp/hard/libc.a(lib_a-memset.o)
 .debug_abbrev  0x00000000000031e1      0x24d /usr/lib/gcc/arm-none-eabi/6.3.1/../../../arm-none-eabi/lib/thumb/v7e-m/fpv4-sp/hard/libc.a(lib_a-sprintf.o)
 .debug_abbrev  0x000000000000342e       0x14 /usr/lib/gcc/arm-none-eabi/6.3.1/../../../arm-none-eabi/lib/thumb/v7e-m/fpv4-sp/hard/libc.a(lib_a-strlen.o)
 .debug_abbrev  0x0000000000003442      0x213 /usr/lib/gcc/arm-none-eabi/6.3.1/../../../arm-none-eabi/lib/thumb/v7e-m/fpv4-sp/hard/libc.a(lib_a-strtol.o)
 .debug_abbrev  0x0000000000003655      0x395 /usr/lib/gcc/arm-none-eabi/6.3.1/../../../arm-none-eabi/lib/thumb/v7e-m/fpv4-sp/hard/libc.a(lib_a-svfprintf.o)
 .debug_abbrev  0x00000000000039ea      0x220 /usr/lib/gcc/arm-none-eabi/6.3.1/../../../arm-none-eabi/lib/thumb/v7e-m/fpv4-sp/hard/libc.a(lib_a-__atexit.o)
 .debug_abbrev  0x0000000000003c0a      0x270 /usr/lib/gcc/arm-none-eabi/6.3.1/../../../arm-none-eabi/lib/thumb/v7e-m/fpv4-sp/hard/libc.a(lib_a-__call_atexit.o)
 .debug_abbrev  0x0000000000003e7a       0x5e /usr/lib/gcc/arm-none-eabi/6.3.1/../../../arm-none-eabi/lib/thumb/v7e-m/fpv4-sp/hard/libc.a(lib_a-ctype_.o)
 .debug_abbrev  0x0000000000003ed8      0x2dd /usr/lib/gcc/arm-none-eabi/6.3.1/../../../arm-none-eabi/lib/thumb/v7e-m/fpv4-sp/hard/libc.a(lib_a-dtoa.o)
 .debug_abbrev  0x00000000000041b5      0x2bc /usr/lib/gcc/arm-none-eabi/6.3.1/../../../arm-none-eabi/lib/thumb/v7e-m/fpv4-sp/hard/libc.a(lib_a-locale.o)
 .debug_abbrev  0x0000000000004471      0x2c4 /usr/lib/gcc/arm-none-eabi/6.3.1/../../../arm-none-eabi/lib/thumb/v7e-m/fpv4-sp/hard/libc.a(lib_a-mallocr.o)
 .debug_abbrev  0x0000000000004735       0x14 /usr/lib/gcc/arm-none-eabi/6.3.1/../../../arm-none-eabi/lib/thumb/v7e-m/fpv4-sp/hard/libc.a(lib_a-memchr.o)
 .debug_abbrev  0x0000000000004749       0x14 /usr/lib/gcc/arm-none-eabi/6.3.1/../../../arm-none-eabi/lib/thumb/v7e-m/fpv4-sp/hard/libc.a(lib_a-memcpy.o)
 .debug_abbrev  0x000000000000475d      0x1ca /usr/lib/gcc/arm-none-eabi/6.3.1/../../../arm-none-eabi/lib/thumb/v7e-m/fpv4-sp/hard/libc.a(lib_a-mlock.o)
 .debug_abbrev  0x0000000000004927      0x3df /usr/lib/gcc/arm-none-eabi/6.3.1/../../../arm-none-eabi/lib/thumb/v7e-m/fpv4-sp/hard/libc.a(lib_a-mprec.o)
 .debug_abbrev  0x0000000000004d06      0x20c /usr/lib/gcc/arm-none-eabi/6.3.1/../../../arm-none-eabi/lib/thumb/v7e-m/fpv4-sp/hard/libc.a(lib_a-sbrkr.o)
 .debug_abbrev  0x0000000000004f12       0x14 /usr/lib/gcc/arm-none-eabi/6.3.1/../../../arm-none-eabi/lib/thumb/v7e-m/fpv4-sp/hard/libc.a(lib_a-strcmp.o)
 .debug_abbrev  0x0000000000004f26      0x2ed /usr/lib/gcc/arm-none-eabi/6.3.1/../../../arm-none-eabi/lib/thumb/v7e-m/fpv4-sp/hard/libc.a(lib_a-svfiprintf.o)
 .debug_abbrev  0x0000000000005213      0x22c /usr/lib/gcc/arm-none-eabi/6.3.1/../../../arm-none-eabi/lib/thumb/v7e-m/fpv4-sp/hard/libc.a(lib_a-callocr.o)
 .debug_abbrev  0x000000000000543f      0x27a /usr/lib/gcc/arm-none-eabi/6.3.1/../../../arm-none-eabi/lib/thumb/v7e-m/fpv4-sp/hard/libc.a(lib_a-freer.o)
 .debug_abbrev  0x00000000000056b9      0x1d2 /usr/lib/gcc/arm-none-eabi/6.3.1/../../../arm-none-eabi/lib/thumb/v7e-m/fpv4-sp/hard/libc.a(lib_a-memmove.o)
 .debug_abbrev  0x000000000000588b      0x260 /usr/lib/gcc/arm-none-eabi/6.3.1/../../../arm-none-eabi/lib/thumb/v7e-m/fpv4-sp/hard/libc.a(lib_a-reallocr.o)
 .debug_abbrev  0x0000000000005aeb      0x26d /usr/lib/gcc/arm-none-eabi/6.3.1/../../../arm-none-eabi/lib/thumb/v7e-m/fpv4-sp/hard/libc.a(lib_a-reent.o)
 .debug_abbrev  0x0000000000005d58       0x92 /usr/lib/gcc/arm-none-eabi/6.3.1/../../../arm-none-eabi/lib/thumb/v7e-m/fpv4-sp/hard/libnosys.a(sbrk.o)
 .debug_abbrev  0x0000000000005dea       0x14 /usr/lib/gcc/arm-none-eabi/6.3.1/thumb/v7e-m/fpv4-sp/hard/libgcc.a(_arm_addsubdf3.o)
 .debug_abbrev  0x0000000000005dfe       0x14 /usr/lib/gcc/arm-none-eabi/6.3.1/thumb/v7e-m/fpv4-sp/hard/libgcc.a(_arm_muldivdf3.o)
 .debug_abbrev  0x0000000000005e12       0x14 /usr/lib/gcc/arm-none-eabi/6.3.1/thumb/v7e-m/fpv4-sp/hard/libgcc.a(_arm_cmpdf2.o)
 .debug_abbrev  0x0000000000005e26       0x14 /usr/lib/gcc/arm-none-eabi/6.3.1/thumb/v7e-m/fpv4-sp/hard/libgcc.a(_arm_unorddf2.o)
 .debug_abbrev  0x0000000000005e3a       0x14 /usr/lib/gcc/arm-none-eabi/6.3.1/thumb/v7e-m/fpv4-sp/hard/libgcc.a(_arm_fixdfsi.o)
 .debug_abbrev  0x0000000000005e4e       0x14 /usr/lib/gcc/arm-none-eabi/6.3.1/thumb/v7e-m/fpv4-sp/hard/libgcc.a(_aeabi_uldivmod.o)
 .debug_abbrev  0x0000000000005e62      0x18c /usr/lib/gcc/arm-none-eabi/6.3.1/thumb/v7e-m/fpv4-sp/hard/libgcc.a(_udivmoddi4.o)
 .debug_abbrev  0x0000000000005fee       0x14 /usr/lib/gcc/arm-none-eabi/6.3.1/thumb/v7e-m/fpv4-sp/hard/libgcc.a(_dvmd_tls.o)

.debug_loc      0x0000000000000000    0x1be93
 .debug_loc     0x0000000000000000      0x1a8 build/stm32f4xx_hal.o
 .debug_loc     0x00000000000001a8      0xc8a build/stm32f4xx_hal_adc.o
 .debug_loc     0x0000000000000e32      0xddf build/stm32f4xx_hal_can.o
 .debug_loc     0x0000000000001c11      0x6a6 build/stm32f4xx_hal_cortex.o
 .debug_loc     0x00000000000022b7      0xc1d build/stm32f4xx_hal_dma.o
 .debug_loc     0x0000000000002ed4      0x4a8 build/stm32f4xx_hal_gpio.o
 .debug_loc     0x000000000000337c      0x53e build/stm32f4xx_hal_rcc.o
 .debug_loc     0x00000000000038ba      0xccb build/stm32f4xx_hal_rcc_ex.o
 .debug_loc     0x0000000000004585     0x23c2 build/stm32f4xx_hal_sd.o
 .debug_loc     0x0000000000006947     0x4343 build/stm32f4xx_hal_tim.o
 .debug_loc     0x000000000000ac8a     0x1648 build/stm32f4xx_hal_tim_ex.o
 .debug_loc     0x000000000000c2d2     0x19fb build/stm32f4xx_hal_uart.o
 .debug_loc     0x000000000000dccd     0x1731 build/stm32f4xx_ll_sdmmc.o
 .debug_loc     0x000000000000f3fe      0x47f build/main.o
 .debug_loc     0x000000000000f87d      0x45c build/stm32f4xx_hal_msp.o
 .debug_loc     0x000000000000fcd9      0x140 build/stm32f4xx_it.o
 .debug_loc     0x000000000000fe19      0x13e build/system_stm32f4xx.o
 .debug_loc     0x000000000000ff57       0x2c /usr/lib/gcc/arm-none-eabi/6.3.1/../../../arm-none-eabi/lib/thumb/v7e-m/fpv4-sp/hard/libc.a(lib_a-atexit.o)
 .debug_loc     0x000000000000ff83       0x63 /usr/lib/gcc/arm-none-eabi/6.3.1/../../../arm-none-eabi/lib/thumb/v7e-m/fpv4-sp/hard/libc.a(lib_a-atoi.o)
 .debug_loc     0x000000000000ffe6       0x5c /usr/lib/gcc/arm-none-eabi/6.3.1/../../../arm-none-eabi/lib/thumb/v7e-m/fpv4-sp/hard/libc.a(lib_a-fini.o)
 .debug_loc     0x0000000000010042       0xae /usr/lib/gcc/arm-none-eabi/6.3.1/../../../arm-none-eabi/lib/thumb/v7e-m/fpv4-sp/hard/libc.a(lib_a-init.o)
 .debug_loc     0x00000000000100f0      0x1bd /usr/lib/gcc/arm-none-eabi/6.3.1/../../../arm-none-eabi/lib/thumb/v7e-m/fpv4-sp/hard/libc.a(lib_a-memset.o)
 .debug_loc     0x00000000000102ad       0x7a /usr/lib/gcc/arm-none-eabi/6.3.1/../../../arm-none-eabi/lib/thumb/v7e-m/fpv4-sp/hard/libc.a(lib_a-sprintf.o)
 .debug_loc     0x0000000000010327      0x30f /usr/lib/gcc/arm-none-eabi/6.3.1/../../../arm-none-eabi/lib/thumb/v7e-m/fpv4-sp/hard/libc.a(lib_a-strtol.o)
 .debug_loc     0x0000000000010636     0x2655 /usr/lib/gcc/arm-none-eabi/6.3.1/../../../arm-none-eabi/lib/thumb/v7e-m/fpv4-sp/hard/libc.a(lib_a-svfprintf.o)
 .debug_loc     0x0000000000012c8b      0x197 /usr/lib/gcc/arm-none-eabi/6.3.1/../../../arm-none-eabi/lib/thumb/v7e-m/fpv4-sp/hard/libc.a(lib_a-__atexit.o)
 .debug_loc     0x0000000000012e22      0x199 /usr/lib/gcc/arm-none-eabi/6.3.1/../../../arm-none-eabi/lib/thumb/v7e-m/fpv4-sp/hard/libc.a(lib_a-__call_atexit.o)
 .debug_loc     0x0000000000012fbb     0x268b /usr/lib/gcc/arm-none-eabi/6.3.1/../../../arm-none-eabi/lib/thumb/v7e-m/fpv4-sp/hard/libc.a(lib_a-dtoa.o)
 .debug_loc     0x0000000000015646      0x147 /usr/lib/gcc/arm-none-eabi/6.3.1/../../../arm-none-eabi/lib/thumb/v7e-m/fpv4-sp/hard/libc.a(lib_a-locale.o)
 .debug_loc     0x000000000001578d      0xcf4 /usr/lib/gcc/arm-none-eabi/6.3.1/../../../arm-none-eabi/lib/thumb/v7e-m/fpv4-sp/hard/libc.a(lib_a-mallocr.o)
 .debug_loc     0x0000000000016481     0x1d38 /usr/lib/gcc/arm-none-eabi/6.3.1/../../../arm-none-eabi/lib/thumb/v7e-m/fpv4-sp/hard/libc.a(lib_a-mprec.o)
 .debug_loc     0x00000000000181b9       0x4d /usr/lib/gcc/arm-none-eabi/6.3.1/../../../arm-none-eabi/lib/thumb/v7e-m/fpv4-sp/hard/libc.a(lib_a-sbrkr.o)
 .debug_loc     0x0000000000018206     0x14af /usr/lib/gcc/arm-none-eabi/6.3.1/../../../arm-none-eabi/lib/thumb/v7e-m/fpv4-sp/hard/libc.a(lib_a-svfiprintf.o)
 .debug_loc     0x00000000000196b5      0x291 /usr/lib/gcc/arm-none-eabi/6.3.1/../../../arm-none-eabi/lib/thumb/v7e-m/fpv4-sp/hard/libc.a(lib_a-callocr.o)
 .debug_loc     0x0000000000019946      0x568 /usr/lib/gcc/arm-none-eabi/6.3.1/../../../arm-none-eabi/lib/thumb/v7e-m/fpv4-sp/hard/libc.a(lib_a-freer.o)
 .debug_loc     0x0000000000019eae      0x269 /usr/lib/gcc/arm-none-eabi/6.3.1/../../../arm-none-eabi/lib/thumb/v7e-m/fpv4-sp/hard/libc.a(lib_a-memmove.o)
 .debug_loc     0x000000000001a117      0xeb0 /usr/lib/gcc/arm-none-eabi/6.3.1/../../../arm-none-eabi/lib/thumb/v7e-m/fpv4-sp/hard/libc.a(lib_a-reallocr.o)
 .debug_loc     0x000000000001afc7      0x11d /usr/lib/gcc/arm-none-eabi/6.3.1/../../../arm-none-eabi/lib/thumb/v7e-m/fpv4-sp/hard/libc.a(lib_a-reent.o)
 .debug_loc     0x000000000001b0e4       0x38 /usr/lib/gcc/arm-none-eabi/6.3.1/../../../arm-none-eabi/lib/thumb/v7e-m/fpv4-sp/hard/libnosys.a(sbrk.o)
 .debug_loc     0x000000000001b11c      0xd77 /usr/lib/gcc/arm-none-eabi/6.3.1/thumb/v7e-m/fpv4-sp/hard/libgcc.a(_udivmoddi4.o)

.debug_aranges  0x0000000000000000     0x15f0
 .debug_aranges
                0x0000000000000000       0xf0 build/stm32f4xx_hal.o
 .debug_aranges
                0x00000000000000f0       0xe8 build/stm32f4xx_hal_adc.o
 .debug_aranges
                0x00000000000001d8      0x138 build/stm32f4xx_hal_can.o
 .debug_aranges
                0x0000000000000310       0xa8 build/stm32f4xx_hal_cortex.o
 .debug_aranges
                0x00000000000003b8       0x90 build/stm32f4xx_hal_dma.o
 .debug_aranges
                0x0000000000000448       0x58 build/stm32f4xx_hal_gpio.o
 .debug_aranges
                0x00000000000004a0       0x88 build/stm32f4xx_hal_rcc.o
 .debug_aranges
                0x0000000000000528       0x78 build/stm32f4xx_hal_rcc_ex.o
 .debug_aranges
                0x00000000000005a0      0x168 build/stm32f4xx_hal_sd.o
 .debug_aranges
                0x0000000000000708      0x3a8 build/stm32f4xx_hal_tim.o
 .debug_aranges
                0x0000000000000ab0      0x150 build/stm32f4xx_hal_tim_ex.o
 .debug_aranges
                0x0000000000000c00      0x1d0 build/stm32f4xx_hal_uart.o
 .debug_aranges
                0x0000000000000dd0      0x178 build/stm32f4xx_ll_sdmmc.o
 .debug_aranges
                0x0000000000000f48       0xa8 build/main.o
 .debug_aranges
                0x0000000000000ff0       0x70 build/stm32f4xx_hal_msp.o
 .debug_aranges
                0x0000000000001060       0xa8 build/stm32f4xx_it.o
 .debug_aranges
                0x0000000000001108       0x28 build/system_stm32f4xx.o
 .debug_aranges
                0x0000000000001130       0x28 build/startup_stm32f446xx.o
 .debug_aranges
                0x0000000000001158       0x20 /usr/lib/gcc/arm-none-eabi/6.3.1/../../../arm-none-eabi/lib/thumb/v7e-m/fpv4-sp/hard/libc.a(lib_a-atexit.o)
 .debug_aranges
                0x0000000000001178       0x20 /usr/lib/gcc/arm-none-eabi/6.3.1/../../../arm-none-eabi/lib/thumb/v7e-m/fpv4-sp/hard/libc.a(lib_a-atoi.o)
 .debug_aranges
                0x0000000000001198       0x20 /usr/lib/gcc/arm-none-eabi/6.3.1/../../../arm-none-eabi/lib/thumb/v7e-m/fpv4-sp/hard/libc.a(lib_a-fini.o)
 .debug_aranges
                0x00000000000011b8       0x18 /usr/lib/gcc/arm-none-eabi/6.3.1/../../../arm-none-eabi/lib/thumb/v7e-m/fpv4-sp/hard/libc.a(lib_a-impure.o)
 .debug_aranges
                0x00000000000011d0       0x20 /usr/lib/gcc/arm-none-eabi/6.3.1/../../../arm-none-eabi/lib/thumb/v7e-m/fpv4-sp/hard/libc.a(lib_a-init.o)
 .debug_aranges
                0x00000000000011f0       0x20 /usr/lib/gcc/arm-none-eabi/6.3.1/../../../arm-none-eabi/lib/thumb/v7e-m/fpv4-sp/hard/libc.a(lib_a-memset.o)
 .debug_aranges
                0x0000000000001210       0x20 /usr/lib/gcc/arm-none-eabi/6.3.1/../../../arm-none-eabi/lib/thumb/v7e-m/fpv4-sp/hard/libc.a(lib_a-sprintf.o)
 .debug_aranges
                0x0000000000001230       0x20 /usr/lib/gcc/arm-none-eabi/6.3.1/../../../arm-none-eabi/lib/thumb/v7e-m/fpv4-sp/hard/libc.a(lib_a-strlen.o)
 .debug_aranges
                0x0000000000001250       0x20 /usr/lib/gcc/arm-none-eabi/6.3.1/../../../arm-none-eabi/lib/thumb/v7e-m/fpv4-sp/hard/libc.a(lib_a-strtol.o)
 .debug_aranges
                0x0000000000001270       0x20 /usr/lib/gcc/arm-none-eabi/6.3.1/../../../arm-none-eabi/lib/thumb/v7e-m/fpv4-sp/hard/libc.a(lib_a-svfprintf.o)
 .debug_aranges
                0x0000000000001290       0x20 /usr/lib/gcc/arm-none-eabi/6.3.1/../../../arm-none-eabi/lib/thumb/v7e-m/fpv4-sp/hard/libc.a(lib_a-__atexit.o)
 .debug_aranges
                0x00000000000012b0       0x28 /usr/lib/gcc/arm-none-eabi/6.3.1/../../../arm-none-eabi/lib/thumb/v7e-m/fpv4-sp/hard/libc.a(lib_a-__call_atexit.o)
 .debug_aranges
                0x00000000000012d8       0x18 /usr/lib/gcc/arm-none-eabi/6.3.1/../../../arm-none-eabi/lib/thumb/v7e-m/fpv4-sp/hard/libc.a(lib_a-ctype_.o)
 .debug_aranges
                0x00000000000012f0       0x20 /usr/lib/gcc/arm-none-eabi/6.3.1/../../../arm-none-eabi/lib/thumb/v7e-m/fpv4-sp/hard/libc.a(lib_a-dtoa.o)
 .debug_aranges
                0x0000000000001310       0x20 /usr/lib/gcc/arm-none-eabi/6.3.1/../../../arm-none-eabi/lib/thumb/v7e-m/fpv4-sp/hard/libc.a(lib_a-locale.o)
 .debug_aranges
                0x0000000000001330       0x20 /usr/lib/gcc/arm-none-eabi/6.3.1/../../../arm-none-eabi/lib/thumb/v7e-m/fpv4-sp/hard/libc.a(lib_a-mallocr.o)
 .debug_aranges
                0x0000000000001350       0x20 /usr/lib/gcc/arm-none-eabi/6.3.1/../../../arm-none-eabi/lib/thumb/v7e-m/fpv4-sp/hard/libc.a(lib_a-memchr.o)
 .debug_aranges
                0x0000000000001370       0x20 /usr/lib/gcc/arm-none-eabi/6.3.1/../../../arm-none-eabi/lib/thumb/v7e-m/fpv4-sp/hard/libc.a(lib_a-memcpy.o)
 .debug_aranges
                0x0000000000001390       0x20 /usr/lib/gcc/arm-none-eabi/6.3.1/../../../arm-none-eabi/lib/thumb/v7e-m/fpv4-sp/hard/libc.a(lib_a-mlock.o)
 .debug_aranges