Archive member included to satisfy reference by file (symbol)

/media/usr/label/Programmi/Ac6/SystemWorkbench/plugins/fr.ac6.mcu.externaltools.arm-none.linux64_1.16.0.201807130628/tools/compiler/bin/../lib/gcc/arm-none-eabi/7.2.1/thumb/v7e-m/fpv4-sp/hard/libgcc.a(_aeabi_ldivmod.o)
                              Drivers/STM32F4xx_HAL_Driver/Src/stm32f4xx_hal_rcc.o (__aeabi_ldivmod)
/media/usr/label/Programmi/Ac6/SystemWorkbench/plugins/fr.ac6.mcu.externaltools.arm-none.linux64_1.16.0.201807130628/tools/compiler/bin/../lib/gcc/arm-none-eabi/7.2.1/thumb/v7e-m/fpv4-sp/hard/libgcc.a(_aeabi_uldivmod.o)
                              Drivers/STM32F4xx_HAL_Driver/Src/stm32f4xx_hal_rcc.o (__aeabi_uldivmod)
/media/usr/label/Programmi/Ac6/SystemWorkbench/plugins/fr.ac6.mcu.externaltools.arm-none.linux64_1.16.0.201807130628/tools/compiler/bin/../lib/gcc/arm-none-eabi/7.2.1/thumb/v7e-m/fpv4-sp/hard/libgcc.a(_udivmoddi4.o)
                              /media/usr/label/Programmi/Ac6/SystemWorkbench/plugins/fr.ac6.mcu.externaltools.arm-none.linux64_1.16.0.201807130628/tools/compiler/bin/../lib/gcc/arm-none-eabi/7.2.1/thumb/v7e-m/fpv4-sp/hard/libgcc.a(_aeabi_ldivmod.o) (__udivmoddi4)
/media/usr/label/Programmi/Ac6/SystemWorkbench/plugins/fr.ac6.mcu.externaltools.arm-none.linux64_1.16.0.201807130628/tools/compiler/bin/../lib/gcc/arm-none-eabi/7.2.1/thumb/v7e-m/fpv4-sp/hard/libgcc.a(_dvmd_tls.o)
                              /media/usr/label/Programmi/Ac6/SystemWorkbench/plugins/fr.ac6.mcu.externaltools.arm-none.linux64_1.16.0.201807130628/tools/compiler/bin/../lib/gcc/arm-none-eabi/7.2.1/thumb/v7e-m/fpv4-sp/hard/libgcc.a(_aeabi_ldivmod.o) (__aeabi_ldiv0)
/media/usr/label/Programmi/Ac6/SystemWorkbench/plugins/fr.ac6.mcu.externaltools.arm-none.linux64_1.16.0.201807130628/tools/compiler/bin/../lib/gcc/arm-none-eabi/7.2.1/../../../../arm-none-eabi/lib/thumb/v7e-m/fpv4-sp/hard/libc_nano.a(lib_a-exit.o)
                              /media/usr/label/Programmi/Ac6/SystemWorkbench/plugins/fr.ac6.mcu.externaltools.arm-none.linux64_1.16.0.201807130628/tools/compiler/bin/../lib/gcc/arm-none-eabi/7.2.1/../../../../arm-none-eabi/lib/thumb/v7e-m/fpv4-sp/hard/crt0.o (exit)
/media/usr/label/Programmi/Ac6/SystemWorkbench/plugins/fr.ac6.mcu.externaltools.arm-none.linux64_1.16.0.201807130628/tools/compiler/bin/../lib/gcc/arm-none-eabi/7.2.1/../../../../arm-none-eabi/lib/thumb/v7e-m/fpv4-sp/hard/libc_nano.a(lib_a-impure.o)
                              /media/usr/label/Programmi/Ac6/SystemWorkbench/plugins/fr.ac6.mcu.externaltools.arm-none.linux64_1.16.0.201807130628/tools/compiler/bin/../lib/gcc/arm-none-eabi/7.2.1/../../../../arm-none-eabi/lib/thumb/v7e-m/fpv4-sp/hard/libc_nano.a(lib_a-exit.o) (_global_impure_ptr)
/media/usr/label/Programmi/Ac6/SystemWorkbench/plugins/fr.ac6.mcu.externaltools.arm-none.linux64_1.16.0.201807130628/tools/compiler/bin/../lib/gcc/arm-none-eabi/7.2.1/../../../../arm-none-eabi/lib/thumb/v7e-m/fpv4-sp/hard/libc_nano.a(lib_a-init.o)
                              /media/usr/label/Programmi/Ac6/SystemWorkbench/plugins/fr.ac6.mcu.externaltools.arm-none.linux64_1.16.0.201807130628/tools/compiler/bin/../lib/gcc/arm-none-eabi/7.2.1/../../../../arm-none-eabi/lib/thumb/v7e-m/fpv4-sp/hard/crt0.o (__libc_init_array)
/media/usr/label/Programmi/Ac6/SystemWorkbench/plugins/fr.ac6.mcu.externaltools.arm-none.linux64_1.16.0.201807130628/tools/compiler/bin/../lib/gcc/arm-none-eabi/7.2.1/../../../../arm-none-eabi/lib/thumb/v7e-m/fpv4-sp/hard/libc_nano.a(lib_a-memset.o)
                              /media/usr/label/Programmi/Ac6/SystemWorkbench/plugins/fr.ac6.mcu.externaltools.arm-none.linux64_1.16.0.201807130628/tools/compiler/bin/../lib/gcc/arm-none-eabi/7.2.1/../../../../arm-none-eabi/lib/thumb/v7e-m/fpv4-sp/hard/crt0.o (memset)
/media/usr/label/Programmi/Ac6/SystemWorkbench/plugins/fr.ac6.mcu.externaltools.arm-none.linux64_1.16.0.201807130628/tools/compiler/bin/../lib/gcc/arm-none-eabi/7.2.1/../../../../arm-none-eabi/lib/thumb/v7e-m/fpv4-sp/hard/libc_nano.a(lib_a-sprintf.o)
                              Src/main.o (sprintf)
/media/usr/label/Programmi/Ac6/SystemWorkbench/plugins/fr.ac6.mcu.externaltools.arm-none.linux64_1.16.0.201807130628/tools/compiler/bin/../lib/gcc/arm-none-eabi/7.2.1/../../../../arm-none-eabi/lib/thumb/v7e-m/fpv4-sp/hard/libc_nano.a(lib_a-strlen.o)
                              Src/main.o (strlen)
/media/usr/label/Programmi/Ac6/SystemWorkbench/plugins/fr.ac6.mcu.externaltools.arm-none.linux64_1.16.0.201807130628/tools/compiler/bin/../lib/gcc/arm-none-eabi/7.2.1/../../../../arm-none-eabi/lib/thumb/v7e-m/fpv4-sp/hard/libc_nano.a(lib_a-strstr.o)
                              Src/main.o (strstr)
/media/usr/label/Programmi/Ac6/SystemWorkbench/plugins/fr.ac6.mcu.externaltools.arm-none.linux64_1.16.0.201807130628/tools/compiler/bin/../lib/gcc/arm-none-eabi/7.2.1/../../../../arm-none-eabi/lib/thumb/v7e-m/fpv4-sp/hard/libc_nano.a(lib_a-nano-svfprintf.o)
[...]
Memory Configuration

Name             Origin             Length             Attributes
RAM              0x0000000020000000 0x0000000000020000 xrw
FLASH            0x0000000008000000 0x0000000000080000 xr
*default*        0x0000000000000000 0xffffffffffffffff

Linker script and memory map

LOAD /media/usr/label/Programmi/Ac6/SystemWorkbench/plugins/fr.ac6.mcu.externaltools.arm-none.linux64_1.16.0.201807130628/tools/compiler/bin/../lib/gcc/arm-none-eabi/7.2.1/thumb/v7e-m/fpv4-sp/hard/crti.o
LOAD /media/usr/label/Programmi/Ac6/SystemWorkbench/plugins/fr.ac6.mcu.externaltools.arm-none.linux64_1.16.0.201807130628/tools/compiler/bin/../lib/gcc/arm-none-eabi/7.2.1/thumb/v7e-m/fpv4-sp/hard/crtbegin.o
LOAD /media/usr/label/Programmi/Ac6/SystemWorkbench/plugins/fr.ac6.mcu.externaltools.arm-none.linux64_1.16.0.201807130628/tools/compiler/bin/../lib/gcc/arm-none-eabi/7.2.1/../../../../arm-none-eabi/lib/thumb/v7e-m/fpv4-sp/hard/crt0.o
LOAD Drivers/STM32F4xx_HAL_Driver/Src/stm32f4xx_hal.o
LOAD Drivers/STM32F4xx_HAL_Driver/Src/stm32f4xx_hal_can.o
LOAD Drivers/STM32F4xx_HAL_Driver/Src/stm32f4xx_hal_cortex.o
LOAD Drivers/STM32F4xx_HAL_Driver/Src/stm32f4xx_hal_dma.o
LOAD Drivers/STM32F4xx_HAL_Driver/Src/stm32f4xx_hal_dma_ex.o
LOAD Drivers/STM32F4xx_HAL_Driver/Src/stm32f4xx_hal_flash.o
LOAD Drivers/STM32F4xx_HAL_Driver/Src/stm32f4xx_hal_flash_ex.o
LOAD Drivers/STM32F4xx_HAL_Driver/Src/stm32f4xx_hal_flash_ramfunc.o
LOAD Drivers/STM32F4xx_HAL_Driver/Src/stm32f4xx_hal_gpio.o
LOAD Drivers/STM32F4xx_HAL_Driver/Src/stm32f4xx_hal_pwr.o
LOAD Drivers/STM32F4xx_HAL_Driver/Src/stm32f4xx_hal_pwr_ex.o
LOAD Drivers/STM32F4xx_HAL_Driver/Src/stm32f4xx_hal_rcc.o
LOAD Drivers/STM32F4xx_HAL_Driver/Src/stm32f4xx_hal_rcc_ex.o
LOAD Drivers/STM32F4xx_HAL_Driver/Src/stm32f4xx_hal_sd.o
LOAD Drivers/STM32F4xx_HAL_Driver/Src/stm32f4xx_hal_tim.o
LOAD Drivers/STM32F4xx_HAL_Driver/Src/stm32f4xx_hal_tim_ex.o
LOAD Drivers/STM32F4xx_HAL_Driver/Src/stm32f4xx_hal_uart.o
LOAD Drivers/STM32F4xx_HAL_Driver/Src/stm32f4xx_ll_sdmmc.o
LOAD Middlewares/Third_Party/FatFs/src/diskio.o
LOAD Middlewares/Third_Party/FatFs/src/ff.o
LOAD Middlewares/Third_Party/FatFs/src/ff_gen_drv.o
LOAD Middlewares/Third_Party/FatFs/src/option/syscall.o
LOAD Src/bsp_driver_sd.o
LOAD Src/fatfs.o
LOAD Src/main.o
LOAD Src/sd_diskio.o
LOAD Src/stm32f4xx_hal_msp.o
LOAD Src/stm32f4xx_it.o
LOAD Src/system_stm32f4xx.o
LOAD startup/startup_stm32f446xx.o
LOAD /media/usr/label/Programmi/Ac6/SystemWorkbench/plugins/fr.ac6.mcu.externaltools.arm-none.linux64_1.16.0.201807130628/tools/compiler/bin/../lib/gcc/arm-none-eabi/7.2.1/../../../../arm-none-eabi/lib/thumb/v7e-m/fpv4-sp/hard/libm.a
START GROUP
LOAD /media/usr/label/Programmi/Ac6/SystemWorkbench/plugins/fr.ac6.mcu.externaltools.arm-none.linux64_1.16.0.201807130628/tools/compiler/bin/../lib/gcc/arm-none-eabi/7.2.1/thumb/v7e-m/fpv4-sp/hard/libgcc.a
LOAD /media/usr/label/Programmi/Ac6/SystemWorkbench/plugins/fr.ac6.mcu.externaltools.arm-none.linux64_1.16.0.201807130628/tools/compiler/bin/../lib/gcc/arm-none-eabi/7.2.1/../../../../arm-none-eabi/lib/thumb/v7e-m/fpv4-sp/hard/libc_nano.a
END GROUP
START GROUP
LOAD /media/usr/label/Programmi/Ac6/SystemWorkbench/plugins/fr.ac6.mcu.externaltools.arm-none.linux64_1.16.0.201807130628/tools/compiler/bin/../lib/gcc/arm-none-eabi/7.2.1/thumb/v7e-m/fpv4-sp/hard/libgcc.a
LOAD /media/usr/label/Programmi/Ac6/SystemWorkbench/plugins/fr.ac6.mcu.externaltools.arm-none.linux64_1.16.0.201807130628/tools/compiler/bin/../lib/gcc/arm-none-eabi/7.2.1/../../../../arm-none-eabi/lib/thumb/v7e-m/fpv4-sp/hard/libc_nano.a
LOAD /media/usr/label/Programmi/Ac6/SystemWorkbench/plugins/fr.ac6.mcu.externaltools.arm-none.linux64_1.16.0.201807130628/tools/compiler/bin/../lib/gcc/arm-none-eabi/7.2.1/../../../../arm-none-eabi/lib/thumb/v7e-m/fpv4-sp/hard/libnosys.a
END GROUP
START GROUP
LOAD /media/usr/label/Programmi/Ac6/SystemWorkbench/plugins/fr.ac6.mcu.externaltools.arm-none.linux64_1.16.0.201807130628/tools/compiler/bin/../lib/gcc/arm-none-eabi/7.2.1/thumb/v7e-m/fpv4-sp/hard/libgcc.a
LOAD /media/usr/label/Programmi/Ac6/SystemWorkbench/plugins/fr.ac6.mcu.externaltools.arm-none.linux64_1.16.0.201807130628/tools/compiler/bin/../lib/gcc/arm-none-eabi/7.2.1/../../../../arm-none-eabi/lib/thumb/v7e-m/fpv4-sp/hard/libc_nano.a
LOAD /media/usr/label/Programmi/Ac6/SystemWorkbench/plugins/fr.ac6.mcu.externaltools.arm-none.linux64_1.16.0.201807130628/tools/compiler/bin/../lib/gcc/arm-none-eabi/7.2.1/../../../../arm-none-eabi/lib/thumb/v7e-m/fpv4-sp/hard/libnosys.a
END GROUP
LOAD /media/usr/label/Programmi/Ac6/SystemWorkbench/plugins/fr.ac6.mcu.externaltools.arm-none.linux64_1.16.0.201807130628/tools/compiler/bin/../lib/gcc/arm-none-eabi/7.2.1/thumb/v7e-m/fpv4-sp/hard/crtend.o
LOAD /media/usr/label/Programmi/Ac6/SystemWorkbench/plugins/fr.ac6.mcu.externaltools.arm-none.linux64_1.16.0.201807130628/tools/compiler/bin/../lib/gcc/arm-none-eabi/7.2.1/thumb/v7e-m/fpv4-sp/hard/crtn.o
                0x0000000020020000                _estack = 0x20020000
                0x0000000000002000                _Min_Heap_Size = 0x2000
                0x0000000000004000                _Min_Stack_Size = 0x4000

.isr_vector     0x0000000008000000      0x1c4
                0x0000000008000000                . = ALIGN (0x4)
 *(.isr_vector)
 .isr_vector    0x0000000008000000      0x1c4 startup/startup_stm32f446xx.o
                0x0000000008000000                g_pfnVectors
                0x00000000080001c4                . = ALIGN (0x4)

.text           0x00000000080001d0     0x7adc
                0x00000000080001d0                . = ALIGN (0x4)
 *(.text)
 .text          0x00000000080001d0       0x40 /media/usr/label/Programmi/Ac6/SystemWorkbench/plugins/fr.ac6.mcu.externaltools.arm-none.linux64_1.16.0.201807130628/tools/compiler/bin/../lib/gcc/arm-none-eabi/7.2.1/thumb/v7e-m/fpv4-sp/hard/crtbegin.o
 .text          0x0000000008000210       0x30 /media/usr/label/Programmi/Ac6/SystemWorkbench/plugins/fr.ac6.mcu.externaltools.arm-none.linux64_1.16.0.201807130628/tools/compiler/bin/../lib/gcc/arm-none-eabi/7.2.1/thumb/v7e-m/fpv4-sp/hard/libgcc.a(_aeabi_uldivmod.o)
                0x0000000008000210                __aeabi_uldivmod
 .text          0x0000000008000240      0x2cc /media/usr/label/Programmi/Ac6/SystemWorkbench/plugins/fr.ac6.mcu.externaltools.arm-none.linux64_1.16.0.201807130628/tools/compiler/bin/../lib/gcc/arm-none-eabi/7.2.1/thumb/v7e-m/fpv4-sp/hard/libgcc.a(_udivmoddi4.o)
                0x0000000008000240                __udivmoddi4
 .text          0x000000000800050c        0x4 /media/usr/label/Programmi/Ac6/SystemWorkbench/plugins/fr.ac6.mcu.externaltools.arm-none.linux64_1.16.0.201807130628/tools/compiler/bin/../lib/gcc/arm-none-eabi/7.2.1/thumb/v7e-m/fpv4-sp/hard/libgcc.a(_dvmd_tls.o)
                0x000000000800050c                __aeabi_ldiv0
                0x000000000800050c                __aeabi_idiv0
 .text          0x0000000008000510       0x10 /media/usr/label/Programmi/Ac6/SystemWorkbench/plugins/fr.ac6.mcu.externaltools.arm-none.linux64_1.16.0.201807130628/tools/compiler/bin/../lib/gcc/arm-none-eabi/7.2.1/../../../../arm-none-eabi/lib/thumb/v7e-m/fpv4-sp/hard/libc_nano.a(lib_a-strlen.o)
                0x0000000008000510                strlen
 .text          0x0000000008000520       0xa0 /media/usr/label/Programmi/Ac6/SystemWorkbench/plugins/fr.ac6.mcu.externaltools.arm-none.linux64_1.16.0.201807130628/tools/compiler/bin/../lib/gcc/arm-none-eabi/7.2.1/../../../../arm-none-eabi/lib/thumb/v7e-m/fpv4-sp/hard/libc_nano.a(lib_a-memchr.o)
                0x0000000008000520                memchr
 *(.text*)
 .text.HAL_InitTick
                0x00000000080005c0       0x44 Drivers/STM32F4xx_HAL_Driver/Src/stm32f4xx_hal.o
                0x00000000080005c0                HAL_InitTick
 .text.HAL_Init
                0x0000000008000604       0x34 Drivers/STM32F4xx_HAL_Driver/Src/stm32f4xx_hal.o
                0x0000000008000604                HAL_Init
 .text.HAL_IncTick
                0x0000000008000638       0x18 Drivers/STM32F4xx_HAL_Driver/Src/stm32f4xx_hal.o
                0x0000000008000638                HAL_IncTick
 .text.HAL_GetTick
                0x0000000008000650        0xc Drivers/STM32F4xx_HAL_Driver/Src/stm32f4xx_hal.o
                0x0000000008000650                HAL_GetTick
 .text.HAL_Delay
                0x000000000800065c       0x24 Drivers/STM32F4xx_HAL_Driver/Src/stm32f4xx_hal.o
                0x000000000800065c                HAL_Delay
 .text.HAL_CAN_Init
                0x0000000008000680      0x104 Drivers/STM32F4xx_HAL_Driver/Src/stm32f4xx_hal_can.o
                0x0000000008000680                HAL_CAN_Init
 .text.HAL_CAN_ConfigFilter
                0x0000000008000784      0x110 Drivers/STM32F4xx_HAL_Driver/Src/stm32f4xx_hal_can.o
                0x0000000008000784                HAL_CAN_ConfigFilter
 .text.HAL_CAN_Start
                0x0000000008000894       0x5c Drivers/STM32F4xx_HAL_Driver/Src/stm32f4xx_hal_can.o
                0x0000000008000894                HAL_CAN_Start
 .text.HAL_CAN_GetRxMessage
                0x00000000080008f0      0x124 Drivers/STM32F4xx_HAL_Driver/Src/stm32f4xx_hal_can.o
                0x00000000080008f0                HAL_CAN_GetRxMessage
 .text.HAL_CAN_GetRxFifoFillLevel
                0x0000000008000a14       0x28 Drivers/STM32F4xx_HAL_Driver/Src/stm32f4xx_hal_can.o
                0x0000000008000a14                HAL_CAN_GetRxFifoFillLevel
 .text.HAL_CAN_ActivateNotification
                0x0000000008000a3c       0x28 Drivers/STM32F4xx_HAL_Driver/Src/stm32f4xx_hal_can.o
                0x0000000008000a3c                HAL_CAN_ActivateNotification
 .text.HAL_CAN_DeactivateNotification
                0x0000000008000a64       0x2c Drivers/STM32F4xx_HAL_Driver/Src/stm32f4xx_hal_can.o
                0x0000000008000a64                HAL_CAN_DeactivateNotification
 .text.HAL_CAN_TxMailbox0CompleteCallback
                0x0000000008000a90        0x4 Drivers/STM32F4xx_HAL_Driver/Src/stm32f4xx_hal_can.o
                0x0000000008000a90                HAL_CAN_TxMailbox0CompleteCallback
 .text.HAL_CAN_TxMailbox1CompleteCallback
                0x0000000008000a94        0x4 Drivers/STM32F4xx_HAL_Driver/Src/stm32f4xx_hal_can.o
                0x0000000008000a94                HAL_CAN_TxMailbox1CompleteCallback
 .text.HAL_CAN_TxMailbox2CompleteCallback
                0x0000000008000a98        0x4 Drivers/STM32F4xx_HAL_Driver/Src/stm32f4xx_hal_can.o
                0x0000000008000a98                HAL_CAN_TxMailbox2CompleteCallback
 .text.HAL_CAN_TxMailbox0AbortCallback
                0x0000000008000a9c        0x4 Drivers/STM32F4xx_HAL_Driver/Src/stm32f4xx_hal_can.o
                0x0000000008000a9c                HAL_CAN_TxMailbox0AbortCallback
 .text.HAL_CAN_TxMailbox1AbortCallback
                0x0000000008000aa0        0x4 Drivers/STM32F4xx_HAL_Driver/Src/stm32f4xx_hal_can.o
                0x0000000008000aa0                HAL_CAN_TxMailbox1AbortCallback
 .text.HAL_CAN_TxMailbox2AbortCallback
                0x0000000008000aa4        0x4 Drivers/STM32F4xx_HAL_Driver/Src/stm32f4xx_hal_can.o
                0x0000000008000aa4                HAL_CAN_TxMailbox2AbortCallback
 .text.HAL_CAN_RxFifo0MsgPendingCallback
                0x0000000008000aa8        0x4 Drivers/STM32F4xx_HAL_Driver/Src/stm32f4xx_hal_can.o
                0x0000000008000aa8                HAL_CAN_RxFifo0MsgPendingCallback
 .text.HAL_CAN_RxFifo1MsgPendingCallback
                0x0000000008000aac        0x4 Drivers/STM32F4xx_HAL_Driver/Src/stm32f4xx_hal_can.o
                0x0000000008000aac                HAL_CAN_RxFifo1MsgPendingCallback
 .text.HAL_CAN_RxFifo1FullCallback
                0x0000000008000ab0        0x4 Drivers/STM32F4xx_HAL_Driver/Src/stm32f4xx_hal_can.o
                0x0000000008000ab0                HAL_CAN_RxFifo1FullCallback
 .text.HAL_CAN_SleepCallback
                0x0000000008000ab4        0x4 Drivers/STM32F4xx_HAL_Driver/Src/stm32f4xx_hal_can.o
                0x0000000008000ab4                HAL_CAN_SleepCallback
 .text.HAL_CAN_WakeUpFromRxMsgCallback
                0x0000000008000ab8        0x4 Drivers/STM32F4xx_HAL_Driver/Src/stm32f4xx_hal_can.o
                0x0000000008000ab8                HAL_CAN_WakeUpFromRxMsgCallback
 .text.HAL_CAN_ErrorCallback
                0x0000000008000abc        0x4 Drivers/STM32F4xx_HAL_Driver/Src/stm32f4xx_hal_can.o
                0x0000000008000abc                HAL_CAN_ErrorCallback
 .text.HAL_CAN_IRQHandler
                0x0000000008000ac0      0x250 Drivers/STM32F4xx_HAL_Driver/Src/stm32f4xx_hal_can.o
                0x0000000008000ac0                HAL_CAN_IRQHandler
 .text.HAL_NVIC_SetPriorityGrouping
                0x0000000008000d10       0x24 Drivers/STM32F4xx_HAL_Driver/Src/stm32f4xx_hal_cortex.o
                0x0000000008000d10                HAL_NVIC_SetPriorityGrouping
 .text.HAL_NVIC_SetPriority
                0x0000000008000d34       0x6c Drivers/STM32F4xx_HAL_Driver/Src/stm32f4xx_hal_cortex.o
                0x0000000008000d34                HAL_NVIC_SetPriority
 .text.HAL_NVIC_EnableIRQ
                0x0000000008000da0       0x18 Drivers/STM32F4xx_HAL_Driver/Src/stm32f4xx_hal_cortex.o
                0x0000000008000da0                HAL_NVIC_EnableIRQ
 .text.HAL_SYSTICK_Config
                0x0000000008000db8       0x34 Drivers/STM32F4xx_HAL_Driver/Src/stm32f4xx_hal_cortex.o
                0x0000000008000db8                HAL_SYSTICK_Config
 .text.HAL_SYSTICK_CLKSourceConfig
                0x0000000008000dec       0x18 Drivers/STM32F4xx_HAL_Driver/Src/stm32f4xx_hal_cortex.o
                0x0000000008000dec                HAL_SYSTICK_CLKSourceConfig
 .text.HAL_SYSTICK_Callback
                0x0000000008000e04        0x4 Drivers/STM32F4xx_HAL_Driver/Src/stm32f4xx_hal_cortex.o
                0x0000000008000e04                HAL_SYSTICK_Callback
 .text.HAL_SYSTICK_IRQHandler
                0x0000000008000e08        0x8 Drivers/STM32F4xx_HAL_Driver/Src/stm32f4xx_hal_cortex.o
                0x0000000008000e08                HAL_SYSTICK_IRQHandler
 .text.HAL_DMA_Init
                0x0000000008000e10      0x134 Drivers/STM32F4xx_HAL_Driver/Src/stm32f4xx_hal_dma.o
                0x0000000008000e10                HAL_DMA_Init
 .text.HAL_DMA_Start_IT
                0x0000000008000f44       0x84 Drivers/STM32F4xx_HAL_Driver/Src/stm32f4xx_hal_dma.o
                0x0000000008000f44                HAL_DMA_Start_IT
 .text.HAL_DMA_Abort_IT
                0x0000000008000fc8       0x24 Drivers/STM32F4xx_HAL_Driver/Src/stm32f4xx_hal_dma.o
                0x0000000008000fc8                HAL_DMA_Abort_IT
 .text.HAL_DMA_IRQHandler
                0x0000000008000fec      0x1ac Drivers/STM32F4xx_HAL_Driver/Src/stm32f4xx_hal_dma.o
                0x0000000008000fec                HAL_DMA_IRQHandler
 .text.HAL_GPIO_Init
                0x0000000008001198      0x224 Drivers/STM32F4xx_HAL_Driver/Src/stm32f4xx_hal_gpio.o
                0x0000000008001198                HAL_GPIO_Init
 .text.HAL_GPIO_WritePin
                0x00000000080013bc        0x8 Drivers/STM32F4xx_HAL_Driver/Src/stm32f4xx_hal_gpio.o
                0x00000000080013bc                HAL_GPIO_WritePin
 .text.HAL_GPIO_TogglePin
                0x00000000080013c4        0x8 Drivers/STM32F4xx_HAL_Driver/Src/stm32f4xx_hal_gpio.o
                0x00000000080013c4                HAL_GPIO_TogglePin
 .text.HAL_RCC_ClockConfig
                0x00000000080013cc      0x134 Drivers/STM32F4xx_HAL_Driver/Src/stm32f4xx_hal_rcc.o
                0x00000000080013cc                HAL_RCC_ClockConfig
 .text.HAL_RCC_GetHCLKFreq
                0x0000000008001500        0xc Drivers/STM32F4xx_HAL_Driver/Src/stm32f4xx_hal_rcc.o
                0x0000000008001500                HAL_RCC_GetHCLKFreq
 .text.HAL_RCC_GetPCLK1Freq
                0x000000000800150c       0x20 Drivers/STM32F4xx_HAL_Driver/Src/stm32f4xx_hal_rcc.o
                0x000000000800150c                HAL_RCC_GetPCLK1Freq
 .text.HAL_RCC_GetPCLK2Freq
                0x000000000800152c       0x20 Drivers/STM32F4xx_HAL_Driver/Src/stm32f4xx_hal_rcc.o
                0x000000000800152c                HAL_RCC_GetPCLK2Freq
 .text.HAL_RCCEx_PeriphCLKConfig
                0x000000000800154c      0x428 Drivers/STM32F4xx_HAL_Driver/Src/stm32f4xx_hal_rcc_ex.o
                0x000000000800154c                HAL_RCCEx_PeriphCLKConfig
 .text.HAL_RCC_GetSysClockFreq
                0x0000000008001974       0xb0 Drivers/STM32F4xx_HAL_Driver/Src/stm32f4xx_hal_rcc_ex.o
                0x0000000008001974                HAL_RCC_GetSysClockFreq
 .text.HAL_RCC_OscConfig
                0x0000000008001a24      0x3a8 Drivers/STM32F4xx_HAL_Driver/Src/stm32f4xx_hal_rcc_ex.o
                0x0000000008001a24                HAL_RCC_OscConfig
 .text.SD_DMATransmitCplt
                0x0000000008001dcc       0x10 Drivers/STM32F4xx_HAL_Driver/Src/stm32f4xx_hal_sd.o
 .text.HAL_SD_ReadBlocks_DMA
                0x0000000008001ddc      0x128 Drivers/STM32F4xx_HAL_Driver/Src/stm32f4xx_hal_sd.o
                0x0000000008001ddc                HAL_SD_ReadBlocks_DMA
 .text.HAL_SD_WriteBlocks_DMA
                0x0000000008001f04      0x11c Drivers/STM32F4xx_HAL_Driver/Src/stm32f4xx_hal_sd.o
                0x0000000008001f04                HAL_SD_WriteBlocks_DMA
 .text.HAL_SD_ErrorCallback
                0x0000000008002020        0x4 Drivers/STM32F4xx_HAL_Driver/Src/stm32f4xx_hal_sd.o
                0x0000000008002020                HAL_SD_ErrorCallback
 .text.SD_DMAReceiveCplt
                0x0000000008002024       0x44 Drivers/STM32F4xx_HAL_Driver/Src/stm32f4xx_hal_sd.o
 .text.SD_DMAError
                0x0000000008002068       0x74 Drivers/STM32F4xx_HAL_Driver/Src/stm32f4xx_hal_sd.o
 .text.SD_DMATxAbort
                0x00000000080020dc       0x68 Drivers/STM32F4xx_HAL_Driver/Src/stm32f4xx_hal_sd.o
 .text.SD_DMARxAbort
                0x0000000008002144       0x68 Drivers/STM32F4xx_HAL_Driver/Src/stm32f4xx_hal_sd.o
 .text.HAL_SD_IRQHandler
                0x00000000080021ac      0x1b8 Drivers/STM32F4xx_HAL_Driver/Src/stm32f4xx_hal_sd.o
                0x00000000080021ac                HAL_SD_IRQHandler
 .text.HAL_SD_GetCardCSD
                0x0000000008002364      0x1c4 Drivers/STM32F4xx_HAL_Driver/Src/stm32f4xx_hal_sd.o
                0x0000000008002364                HAL_SD_GetCardCSD
 .text.HAL_SD_InitCard
                0x0000000008002528      0x1f8 Drivers/STM32F4xx_HAL_Driver/Src/stm32f4xx_hal_sd.o
                0x0000000008002528                HAL_SD_InitCard
 .text.HAL_SD_Init
                0x0000000008002720       0x38 Drivers/STM32F4xx_HAL_Driver/Src/stm32f4xx_hal_sd.o
                0x0000000008002720                HAL_SD_Init
 .text.HAL_SD_GetCardInfo
                0x0000000008002758       0x28 Drivers/STM32F4xx_HAL_Driver/Src/stm32f4xx_hal_sd.o
                0x0000000008002758                HAL_SD_GetCardInfo
 .text.HAL_SD_GetCardState
                0x0000000008002780       0x28 Drivers/STM32F4xx_HAL_Driver/Src/stm32f4xx_hal_sd.o
                0x0000000008002780                HAL_SD_GetCardState
 .text.HAL_TIM_Base_Init
                0x00000000080027a8       0xf4 Drivers/STM32F4xx_HAL_Driver/Src/stm32f4xx_hal_tim.o
                0x00000000080027a8                HAL_TIM_Base_Init
 .text.HAL_TIM_Base_Start
                0x000000000800289c       0x20 Drivers/STM32F4xx_HAL_Driver/Src/stm32f4xx_hal_tim.o
                0x000000000800289c                HAL_TIM_Base_Start
 .text.HAL_TIM_Base_Start_IT
                0x00000000080028bc       0x18 Drivers/STM32F4xx_HAL_Driver/Src/stm32f4xx_hal_tim.o
                0x00000000080028bc                HAL_TIM_Base_Start_IT
 .text.HAL_TIM_Base_Stop_IT
                0x00000000080028d4       0x2c Drivers/STM32F4xx_HAL_Driver/Src/stm32f4xx_hal_tim.o
                0x00000000080028d4                HAL_TIM_Base_Stop_IT
 .text.HAL_TIM_OC_DelayElapsedCallback
                0x0000000008002900        0x4 Drivers/STM32F4xx_HAL_Driver/Src/stm32f4xx_hal_tim.o
                0x0000000008002900                HAL_TIM_OC_DelayElapsedCallback
 .text.HAL_TIM_IC_CaptureCallback
                0x0000000008002904        0x4 Drivers/STM32F4xx_HAL_Driver/Src/stm32f4xx_hal_tim.o
                0x0000000008002904                HAL_TIM_IC_CaptureCallback
 .text.HAL_TIM_PWM_PulseFinishedCallback
                0x0000000008002908        0x4 Drivers/STM32F4xx_HAL_Driver/Src/stm32f4xx_hal_tim.o
                0x0000000008002908                HAL_TIM_PWM_PulseFinishedCallback
 .text.HAL_TIM_TriggerCallback
                0x000000000800290c        0x4 Drivers/STM32F4xx_HAL_Driver/Src/stm32f4xx_hal_tim.o
                0x000000000800290c                HAL_TIM_TriggerCallback
 .text.HAL_TIM_IRQHandler
                0x0000000008002910      0x154 Drivers/STM32F4xx_HAL_Driver/Src/stm32f4xx_hal_tim.o
                0x0000000008002910                HAL_TIM_IRQHandler
 .text.HAL_TIMEx_MasterConfigSynchronization
                0x0000000008002a64       0x4c Drivers/STM32F4xx_HAL_Driver/Src/stm32f4xx_hal_tim_ex.o
                0x0000000008002a64                HAL_TIMEx_MasterConfigSynchronization
 .text.HAL_TIMEx_CommutationCallback
                0x0000000008002ab0        0x4 Drivers/STM32F4xx_HAL_Driver/Src/stm32f4xx_hal_tim_ex.o
                0x0000000008002ab0                HAL_TIMEx_CommutationCallback
 .text.HAL_TIMEx_BreakCallback
                0x0000000008002ab4        0x4 Drivers/STM32F4xx_HAL_Driver/Src/stm32f4xx_hal_tim_ex.o
                0x0000000008002ab4                HAL_TIMEx_BreakCallback
 .text.HAL_UART_Init
                0x0000000008002ab8      0x314 Drivers/STM32F4xx_HAL_Driver/Src/stm32f4xx_hal_uart.o
                0x0000000008002ab8                HAL_UART_Init
 .text.HAL_UART_Transmit
                0x0000000008002dcc      0x110 Drivers/STM32F4xx_HAL_Driver/Src/stm32f4xx_hal_uart.o
                0x0000000008002dcc                HAL_UART_Transmit
 .text.SDMMC_GetCmdResp1.part.2
                0x0000000008002edc       0xdc Drivers/STM32F4xx_HAL_Driver/Src/stm32f4xx_ll_sdmmc.o
 .text.SDIO_Init
                0x0000000008002fb8       0x38 Drivers/STM32F4xx_HAL_Driver/Src/stm32f4xx_ll_sdmmc.o
                0x0000000008002fb8                SDIO_Init
 .text.SDIO_ReadFIFO
                0x0000000008002ff0        0x8 Drivers/STM32F4xx_HAL_Driver/Src/stm32f4xx_ll_sdmmc.o
                0x0000000008002ff0                SDIO_ReadFIFO
 .text.SDIO_WriteFIFO
                0x0000000008002ff8        0xc Drivers/STM32F4xx_HAL_Driver/Src/stm32f4xx_ll_sdmmc.o
                0x0000000008002ff8                SDIO_WriteFIFO
 .text.SDIO_PowerState_ON
                0x0000000008003004        0x8 Drivers/STM32F4xx_HAL_Driver/Src/stm32f4xx_ll_sdmmc.o
                0x0000000008003004                SDIO_PowerState_ON
 .text.SDIO_GetPowerState
                0x000000000800300c        0x8 Drivers/STM32F4xx_HAL_Driver/Src/stm32f4xx_ll_sdmmc.o
                0x000000000800300c                SDIO_GetPowerState
 .text.SDIO_GetResponse
                0x0000000008003014       0x14 Drivers/STM32F4xx_HAL_Driver/Src/stm32f4xx_ll_sdmmc.o
                0x0000000008003014                SDIO_GetResponse
 .text.SDIO_ConfigData
                0x0000000008003028       0x28 Drivers/STM32F4xx_HAL_Driver/Src/stm32f4xx_ll_sdmmc.o
                0x0000000008003028                SDIO_ConfigData
 .text.SDMMC_CmdBlockLength
                0x0000000008003050       0x70 Drivers/STM32F4xx_HAL_Driver/Src/stm32f4xx_ll_sdmmc.o
                0x0000000008003050                SDMMC_CmdBlockLength
 .text.SDMMC_CmdReadSingleBlock
                0x00000000080030c0       0x74 Drivers/STM32F4xx_HAL_Driver/Src/stm32f4xx_ll_sdmmc.o
                0x00000000080030c0                SDMMC_CmdReadSingleBlock
 .text.SDMMC_CmdReadMultiBlock
                0x0000000008003134       0x74 Drivers/STM32F4xx_HAL_Driver/Src/stm32f4xx_ll_sdmmc.o
                0x0000000008003134                SDMMC_CmdReadMultiBlock
 .text.SDMMC_CmdWriteSingleBlock
                0x00000000080031a8       0x70 Drivers/STM32F4xx_HAL_Driver/Src/stm32f4xx_ll_sdmmc.o
                0x00000000080031a8                SDMMC_CmdWriteSingleBlock
 .text.SDMMC_CmdWriteMultiBlock
                0x0000000008003218       0x74 Drivers/STM32F4xx_HAL_Driver/Src/stm32f4xx_ll_sdmmc.o
                0x0000000008003218                SDMMC_CmdWriteMultiBlock
 .text.SDMMC_CmdStopTransfer
                0x000000000800328c       0x8c Drivers/STM32F4xx_HAL_Driver/Src/stm32f4xx_ll_sdmmc.o
                0x000000000800328c                SDMMC_CmdStopTransfer
 .text.SDMMC_CmdSelDesel
                0x0000000008003318       0x74 Drivers/STM32F4xx_HAL_Driver/Src/stm32f4xx_ll_sdmmc.o
                0x0000000008003318                SDMMC_CmdSelDesel
 .text.SDMMC_CmdGoIdleState
                0x000000000800338c       0x50 Drivers/STM32F4xx_HAL_Driver/Src/stm32f4xx_ll_sdmmc.o
                0x000000000800338c                SDMMC_CmdGoIdleState
 .text.SDMMC_CmdOperCond
                0x00000000080033dc       0x6c Drivers/STM32F4xx_HAL_Driver/Src/stm32f4xx_ll_sdmmc.o
                0x00000000080033dc                SDMMC_CmdOperCond
 .text.SDMMC_CmdAppCommand
                0x0000000008003448       0x74 Drivers/STM32F4xx_HAL_Driver/Src/stm32f4xx_ll_sdmmc.o
                0x0000000008003448                SDMMC_CmdAppCommand
 .text.SDMMC_CmdAppOperCommand
                0x00000000080034bc       0x70 Drivers/STM32F4xx_HAL_Driver/Src/stm32f4xx_ll_sdmmc.o
                0x00000000080034bc                SDMMC_CmdAppOperCommand
 .text.SDMMC_CmdSendCID
                0x000000000800352c       0x6c Drivers/STM32F4xx_HAL_Driver/Src/stm32f4xx_ll_sdmmc.o
                0x000000000800352c                SDMMC_CmdSendCID
 .text.SDMMC_CmdSendCSD
                0x0000000008003598       0x78 Drivers/STM32F4xx_HAL_Driver/Src/stm32f4xx_ll_sdmmc.o
                0x0000000008003598                SDMMC_CmdSendCSD
 .text.SDMMC_CmdSetRelAdd
                0x0000000008003610       0xc8 Drivers/STM32F4xx_HAL_Driver/Src/stm32f4xx_ll_sdmmc.o
                0x0000000008003610                SDMMC_CmdSetRelAdd
 .text.SDMMC_CmdSendStatus
                0x00000000080036d8       0x74 Drivers/STM32F4xx_HAL_Driver/Src/stm32f4xx_ll_sdmmc.o
                0x00000000080036d8                SDMMC_CmdSendStatus
 .text.disk_status
                0x000000000800374c       0x14 Middlewares/Third_Party/FatFs/src/diskio.o
                0x000000000800374c                disk_status
 .text.disk_initialize
                0x0000000008003760       0x20 Middlewares/Third_Party/FatFs/src/diskio.o
                0x0000000008003760                disk_initialize
 .text.disk_read
                0x0000000008003780       0x1c Middlewares/Third_Party/FatFs/src/diskio.o
                0x0000000008003780                disk_read
 .text.disk_write
                0x000000000800379c       0x1c Middlewares/Third_Party/FatFs/src/diskio.o
                0x000000000800379c                disk_write
 .text.disk_ioctl
                0x00000000080037b8       0x1c Middlewares/Third_Party/FatFs/src/diskio.o
                0x00000000080037b8                disk_ioctl
 .text.unlikely.move_window.part.7
                0x00000000080037d4       0x72 Middlewares/Third_Party/FatFs/src/ff.o
 *fill*         0x0000000008003846        0x2 
 .text.sync_fs  0x0000000008003848       0xf0 Middlewares/Third_Party/FatFs/src/ff.o
 .text.put_fat.part.9
                0x0000000008003938      0x2bc Middlewares/Third_Party/FatFs/src/ff.o
 .text.remove_chain
                0x0000000008003bf4      0x574 Middlewares/Third_Party/FatFs/src/ff.o
 .text.dir_sdi.constprop.14
                0x0000000008004168      0x2ec Middlewares/Third_Party/FatFs/src/ff.o
 .text.get_fat.isra.10
                0x0000000008004454      0x24c Middlewares/Third_Party/FatFs/src/ff.o
 .text.create_chain
                0x00000000080046a0      0x36c Middlewares/Third_Party/FatFs/src/ff.o
 .text.dir_register
                0x0000000008004a0c      0x364 Middlewares/Third_Party/FatFs/src/ff.o
 .text.follow_path
                0x0000000008004d70      0x31c Middlewares/Third_Party/FatFs/src/ff.o
 .text.find_volume
                0x000000000800508c      0x6d0 Middlewares/Third_Party/FatFs/src/ff.o
 .text.f_mount  0x000000000800575c       0x8c Middlewares/Third_Party/FatFs/src/ff.o
                0x000000000800575c                f_mount
 .text.f_open   0x00000000080057e8      0x3e8 Middlewares/Third_Party/FatFs/src/ff.o
                0x00000000080057e8                f_open
 .text.f_read   0x0000000008005bd0      0x3a4 Middlewares/Third_Party/FatFs/src/ff.o
                0x0000000008005bd0                f_read
 .text.f_write  0x0000000008005f74      0x3f4 Middlewares/Third_Party/FatFs/src/ff.o
                0x0000000008005f74                f_write
 .text.f_close  0x0000000008006368      0x194 Middlewares/Third_Party/FatFs/src/ff.o
                0x0000000008006368                f_close
 .text.FATFS_LinkDriver
                0x00000000080064fc       0x48 Middlewares/Third_Party/FatFs/src/ff_gen_drv.o
                0x00000000080064fc                FATFS_LinkDriver
 .text.BSP_SD_Init
                0x0000000008006544       0x20 Src/bsp_driver_sd.o
                0x0000000008006544                BSP_SD_Init
 .text.BSP_SD_ReadBlocks_DMA
                0x0000000008006564       0x1c Src/bsp_driver_sd.o
                0x0000000008006564                BSP_SD_ReadBlocks_DMA
 .text.BSP_SD_WriteBlocks_DMA
                0x0000000008006580       0x1c Src/bsp_driver_sd.o
                0x0000000008006580                BSP_SD_WriteBlocks_DMA
 .text.BSP_SD_GetCardState
                0x000000000800659c       0x14 Src/bsp_driver_sd.o
                0x000000000800659c                BSP_SD_GetCardState
 .text.BSP_SD_GetCardInfo
                0x00000000080065b0        0xc Src/bsp_driver_sd.o
                0x00000000080065b0                BSP_SD_GetCardInfo
 .text.BSP_SD_AbortCallback
                0x00000000080065bc        0x4 Src/bsp_driver_sd.o
                0x00000000080065bc                BSP_SD_AbortCallback
 .text.HAL_SD_AbortCallback
                0x00000000080065c0        0x8 Src/bsp_driver_sd.o
                0x00000000080065c0                HAL_SD_AbortCallback
 .text.HAL_SD_TxCpltCallback
                0x00000000080065c8        0x8 Src/bsp_driver_sd.o
                0x00000000080065c8                HAL_SD_TxCpltCallback
 .text.HAL_SD_RxCpltCallback
                0x00000000080065d0        0x8 Src/bsp_driver_sd.o
                0x00000000080065d0                HAL_SD_RxCpltCallback
 .text.MX_FATFS_Init
                0x00000000080065d8       0x1c Src/fatfs.o
                0x00000000080065d8                MX_FATFS_Init
 .text.get_fattime
                0x00000000080065f4        0x4 Src/fatfs.o
                0x00000000080065f4                get_fattime
 .text._Error_Handler.constprop.0
                0x00000000080065f8       0x2c Src/main.o
 .text.print.constprop.1
                0x0000000008006624       0x1c Src/main.o
 .text.SystemClock_Config
                0x0000000008006640       0xcc Src/main.o
                0x0000000008006640                SystemClock_Config
 .text.startup.main
                0x000000000800670c      0x5a8 Src/main.o
                0x000000000800670c                main
 .text.HAL_CAN_RxFifo0FullCallback
                0x0000000008006cb4       0x54 Src/main.o
                0x0000000008006cb4                HAL_CAN_RxFifo0FullCallback
 .text.HAL_TIM_PeriodElapsedCallback
                0x0000000008006d08       0x8c Src/main.o
                0x0000000008006d08                HAL_TIM_PeriodElapsedCallback
 .text._Error_Handler
                0x0000000008006d94       0x2c Src/main.o
                0x0000000008006d94                _Error_Handler
 .text.SD_initialize
                0x0000000008006dc0       0x30 Src/sd_diskio.o
                0x0000000008006dc0                SD_initialize
 .text.SD_status
                0x0000000008006df0       0x20 Src/sd_diskio.o
                0x0000000008006df0                SD_status
 .text.SD_read  0x0000000008006e10       0x60 Src/sd_diskio.o
                0x0000000008006e10                SD_read
 .text.SD_write
                0x0000000008006e70       0x60 Src/sd_diskio.o
                0x0000000008006e70                SD_write
 .text.SD_ioctl
                0x0000000008006ed0       0x60 Src/sd_diskio.o
                0x0000000008006ed0                SD_ioctl
 .text.BSP_SD_WriteCpltCallback
                0x0000000008006f30        0xc Src/sd_diskio.o
                0x0000000008006f30                BSP_SD_WriteCpltCallback
 .text.BSP_SD_ReadCpltCallback
                0x0000000008006f3c        0xc Src/sd_diskio.o
                0x0000000008006f3c                BSP_SD_ReadCpltCallback
 .text.HAL_MspInit
                0x0000000008006f48       0x94 Src/stm32f4xx_hal_msp.o
                0x0000000008006f48                HAL_MspInit
 .text.HAL_CAN_MspInit
                0x0000000008006fdc       0x50 Src/stm32f4xx_hal_msp.o
                0x0000000008006fdc                HAL_CAN_MspInit
 .text.HAL_SD_MspInit
                0x000000000800702c      0x160 Src/stm32f4xx_hal_msp.o
                0x000000000800702c                HAL_SD_MspInit
 .text.HAL_TIM_Base_MspInit
                0x000000000800718c       0x58 Src/stm32f4xx_hal_msp.o
                0x000000000800718c                HAL_TIM_Base_MspInit
 .text.HAL_UART_MspInit
                0x00000000080071e4       0xb4 Src/stm32f4xx_hal_msp.o
                0x00000000080071e4                HAL_UART_MspInit
 .text.NMI_Handler
                0x0000000008007298        0x4 Src/stm32f4xx_it.o
                0x0000000008007298                NMI_Handler
 .text.HardFault_Handler
                0x000000000800729c        0x4 Src/stm32f4xx_it.o
                0x000000000800729c                HardFault_Handler
 .text.MemManage_Handler
                0x00000000080072a0        0x4 Src/stm32f4xx_it.o
                0x00000000080072a0                MemManage_Handler
 .text.BusFault_Handler
                0x00000000080072a4        0x4 Src/stm32f4xx_it.o
                0x00000000080072a4                BusFault_Handler
 .text.UsageFault_Handler
                0x00000000080072a8        0x4 Src/stm32f4xx_it.o
                0x00000000080072a8                UsageFault_Handler
 .text.SVC_Handler
                0x00000000080072ac        0x4 Src/stm32f4xx_it.o
                0x00000000080072ac                SVC_Handler
 .text.DebugMon_Handler
                0x00000000080072b0        0x4 Src/stm32f4xx_it.o
                0x00000000080072b0                DebugMon_Handler
 .text.PendSV_Handler
                0x00000000080072b4        0x4 Src/stm32f4xx_it.o
                0x00000000080072b4                PendSV_Handler
 .text.SysTick_Handler
                0x00000000080072b8       0x10 Src/stm32f4xx_it.o
                0x00000000080072b8                SysTick_Handler
 .text.CAN1_RX0_IRQHandler
                0x00000000080072c8        0xc Src/stm32f4xx_it.o
                0x00000000080072c8                CAN1_RX0_IRQHandler
 .text.CAN1_RX1_IRQHandler
                0x00000000080072d4        0xc Src/stm32f4xx_it.o
                0x00000000080072d4                CAN1_RX1_IRQHandler
 .text.CAN1_SCE_IRQHandler
                0x00000000080072e0        0xc Src/stm32f4xx_it.o
                0x00000000080072e0                CAN1_SCE_IRQHandler
 .text.SDIO_IRQHandler
                0x00000000080072ec        0xc Src/stm32f4xx_it.o
                0x00000000080072ec                SDIO_IRQHandler
 .text.TIM6_DAC_IRQHandler
                0x00000000080072f8       0x18 Src/stm32f4xx_it.o
                0x00000000080072f8                TIM6_DAC_IRQHandler
 .text.TIM7_IRQHandler
                0x0000000008007310       0x18 Src/stm32f4xx_it.o
                0x0000000008007310                TIM7_IRQHandler
 .text.DMA2_Stream3_IRQHandler
                0x0000000008007328        0xc Src/stm32f4xx_it.o
                0x0000000008007328                DMA2_Stream3_IRQHandler
 .text.DMA2_Stream6_IRQHandler
                0x0000000008007334        0xc Src/stm32f4xx_it.o
                0x0000000008007334                DMA2_Stream6_IRQHandler
 .text.SystemInit
                0x0000000008007340       0x50 Src/system_stm32f4xx.o
                0x0000000008007340                SystemInit
 .text.Reset_Handler
                0x0000000008007390       0x50 startup/startup_stm32f446xx.o
                0x0000000008007390                Reset_Handler
 .text.Default_Handler
                0x00000000080073e0        0x2 startup/startup_stm32f446xx.o
                0x00000000080073e0                RTC_Alarm_IRQHandler
                0x00000000080073e0                EXTI2_IRQHandler
                0x00000000080073e0                TIM8_CC_IRQHandler
                0x00000000080073e0                SPI4_IRQHandler
                0x00000000080073e0                TIM1_CC_IRQHandler
                0x00000000080073e0                DMA2_Stream5_IRQHandler
                0x00000000080073e0                DMA1_Stream5_IRQHandler
                0x00000000080073e0                PVD_IRQHandler
                0x00000000080073e0                TAMP_STAMP_IRQHandler
                0x00000000080073e0                CAN2_RX1_IRQHandler
                0x00000000080073e0                EXTI3_IRQHandler
                0x00000000080073e0                TIM8_TRG_COM_TIM14_IRQHandler
                0x00000000080073e0                TIM1_UP_TIM10_IRQHandler
                0x00000000080073e0                TIM8_UP_TIM13_IRQHandler
                0x00000000080073e0                I2C3_ER_IRQHandler
                0x00000000080073e0                FMPI2C1_Event_IRQHandler
                0x00000000080073e0                EXTI0_IRQHandler
                0x00000000080073e0                I2C2_EV_IRQHandler
                0x00000000080073e0                DMA1_Stream2_IRQHandler
                0x00000000080073e0                FPU_IRQHandler
                0x00000000080073e0                OTG_HS_WKUP_IRQHandler
                0x00000000080073e0                CAN2_SCE_IRQHandler
                0x00000000080073e0                DMA2_Stream2_IRQHandler
                0x00000000080073e0                SPI1_IRQHandler
                0x00000000080073e0                TIM1_BRK_TIM9_IRQHandler
                0x00000000080073e0                DCMI_IRQHandler
                0x00000000080073e0                CAN2_RX0_IRQHandler
                0x00000000080073e0                SAI2_IRQHandler
                0x00000000080073e0                USART6_IRQHandler
                0x00000000080073e0                USART3_IRQHandler
                0x00000000080073e0                UART5_IRQHandler
                0x00000000080073e0                DMA2_Stream0_IRQHandler
                0x00000000080073e0                TIM4_IRQHandler
                0x00000000080073e0                QUADSPI_IRQHandler
                0x00000000080073e0                I2C1_EV_IRQHandler
                0x00000000080073e0                DMA1_Stream6_IRQHandler
                0x00000000080073e0                DMA1_Stream1_IRQHandler
                0x00000000080073e0                UART4_IRQHandler
                0x00000000080073e0                TIM3_IRQHandler
                0x00000000080073e0                RCC_IRQHandler
                0x00000000080073e0                TIM8_BRK_TIM12_IRQHandler
                0x00000000080073e0                Default_Handler
                0x00000000080073e0                CEC_IRQHandler
                0x00000000080073e0                EXTI15_10_IRQHandler
                0x00000000080073e0                ADC_IRQHandler
                0x00000000080073e0                DMA1_Stream7_IRQHandler
                0x00000000080073e0                CAN2_TX_IRQHandler
                0x00000000080073e0                TIM5_IRQHandler
                0x00000000080073e0                DMA2_Stream7_IRQHandler
                0x00000000080073e0                I2C3_EV_IRQHandler
                0x00000000080073e0                EXTI9_5_IRQHandler
                0x00000000080073e0                RTC_WKUP_IRQHandler
                0x00000000080073e0                SPDIF_RX_IRQHandler
                0x00000000080073e0                SPI2_IRQHandler
                0x00000000080073e0                OTG_HS_EP1_IN_IRQHandler
                0x00000000080073e0                DMA1_Stream0_IRQHandler
                0x00000000080073e0                CAN1_TX_IRQHandler
                0x00000000080073e0                EXTI4_IRQHandler
                0x00000000080073e0                OTG_HS_EP1_OUT_IRQHandler
                0x00000000080073e0                WWDG_IRQHandler
                0x00000000080073e0                TIM2_IRQHandler
                0x00000000080073e0                OTG_FS_WKUP_IRQHandler
                0x00000000080073e0                TIM1_TRG_COM_TIM11_IRQHandler
                0x00000000080073e0                OTG_HS_IRQHandler
                0x00000000080073e0                EXTI1_IRQHandler
                0x00000000080073e0                USART2_IRQHandler
                0x00000000080073e0                I2C2_ER_IRQHandler
                0x00000000080073e0                DMA2_Stream1_IRQHandler
                0x00000000080073e0                FLASH_IRQHandler
                0x00000000080073e0                DMA2_Stream4_IRQHandler
                0x00000000080073e0                USART1_IRQHandler
                0x00000000080073e0                OTG_FS_IRQHandler
                0x00000000080073e0                SPI3_IRQHandler
                0x00000000080073e0                DMA1_Stream4_IRQHandler
                0x00000000080073e0                I2C1_ER_IRQHandler
                0x00000000080073e0                FMC_IRQHandler
                0x00000000080073e0                SAI1_IRQHandler
                0x00000000080073e0                DMA1_Stream3_IRQHandler
                0x00000000080073e0                FMPI2C1_Error_IRQHandler
 *fill*         0x00000000080073e2        0x2 
 .text.__libc_init_array
                0x00000000080073e4       0x48 /media/usr/label/Programmi/Ac6/SystemWorkbench/plugins/fr.ac6.mcu.externaltools.arm-none.linux64_1.16.0.201807130628/tools/compiler/bin/../lib/gcc/arm-none-eabi/7.2.1/../../../../arm-none-eabi/lib/thumb/v7e-m/fpv4-sp/hard/libc_nano.a(lib_a-init.o)
                0x00000000080073e4                __libc_init_array
 .text.memset   0x000000000800742c       0x10 /media/usr/label/Programmi/Ac6/SystemWorkbench/plugins/fr.ac6.mcu.externaltools.arm-none.linux64_1.16.0.201807130628/tools/compiler/bin/../lib/gcc/arm-none-eabi/7.2.1/../../../../arm-none-eabi/lib/thumb/v7e-m/fpv4-sp/hard/libc_nano.a(lib_a-memset.o)
                0x000000000800742c                memset
 .text.sprintf  0x000000000800743c       0x40 /media/usr/label/Programmi/Ac6/SystemWorkbench/plugins/fr.ac6.mcu.externaltools.arm-none.linux64_1.16.0.201807130628/tools/compiler/bin/../lib/gcc/arm-none-eabi/7.2.1/../../../../arm-none-eabi/lib/thumb/v7e-m/fpv4-sp/hard/libc_nano.a(lib_a-sprintf.o)
                0x000000000800743c                sprintf
                0x000000000800743c                siprintf
 .text.strstr   0x000000000800747c       0x34 /media/usr/label/Programmi/Ac6/SystemWorkbench/plugins/fr.ac6.mcu.externaltools.arm-none.linux64_1.16.0.201807130628/tools/compiler/bin/../lib/gcc/arm-none-eabi/7.2.1/../../../../arm-none-eabi/lib/thumb/v7e-m/fpv4-sp/hard/libc_nano.a(lib_a-strstr.o)
                0x000000000800747c                strstr
 .text.__ssputs_r
                0x00000000080074b0       0xb4 /media/usr/label/Programmi/Ac6/SystemWorkbench/plugins/fr.ac6.mcu.externaltools.arm-none.linux64_1.16.0.201807130628/tools/compiler/bin/../lib/gcc/arm-none-eabi/7.2.1/../../../../arm-none-eabi/lib/thumb/v7e-m/fpv4-sp/hard/libc_nano.a(lib_a-nano-svfprintf.o)
                0x00000000080074b0                __ssputs_r
 .text._svfprintf_r
                0x0000000008007564      0x1ec /media/usr/label/Programmi/Ac6/SystemWorkbench/plugins/fr.ac6.mcu.externaltools.arm-none.linux64_1.16.0.201807130628/tools/compiler/bin/../lib/gcc/arm-none-eabi/7.2.1/../../../../arm-none-eabi/lib/thumb/v7e-m/fpv4-sp/hard/libc_nano.a(lib_a-nano-svfprintf.o)
                0x0000000008007564                _svfprintf_r
                0x0000000008007564                _svfiprintf_r
 .text._printf_common
                0x0000000008007750       0xea /media/usr/label/Programmi/Ac6/SystemWorkbench/plugins/fr.ac6.mcu.externaltools.arm-none.linux64_1.16.0.201807130628/tools/compiler/bin/../lib/gcc/arm-none-eabi/7.2.1/../../../../arm-none-eabi/lib/thumb/v7e-m/fpv4-sp/hard/libc_nano.a(lib_a-nano-vfprintf_i.o)
                0x0000000008007750                _printf_common
 *fill*         0x000000000800783a        0x2 
 .text._printf_i
                0x000000000800783c      0x224 /media/usr/label/Programmi/Ac6/SystemWorkbench/plugins/fr.ac6.mcu.externaltools.arm-none.linux64_1.16.0.201807130628/tools/compiler/bin/../lib/gcc/arm-none-eabi/7.2.1/../../../../arm-none-eabi/lib/thumb/v7e-m/fpv4-sp/hard/libc_nano.a(lib_a-nano-vfprintf_i.o)
                0x000000000800783c                _printf_i
 .text.memcpy   0x0000000008007a60       0x16 /media/usr/label/Programmi/Ac6/SystemWorkbench/plugins/fr.ac6.mcu.externaltools.arm-none.linux64_1.16.0.201807130628/tools/compiler/bin/../lib/gcc/arm-none-eabi/7.2.1/../../../../arm-none-eabi/lib/thumb/v7e-m/fpv4-sp/hard/libc_nano.a(lib_a-memcpy-stub.o)
                0x0000000008007a60                memcpy
 .text.memmove  0x0000000008007a76       0x32 /media/usr/label/Programmi/Ac6/SystemWorkbench/plugins/fr.ac6.mcu.externaltools.arm-none.linux64_1.16.0.201807130628/tools/compiler/bin/../lib/gcc/arm-none-eabi/7.2.1/../../../../arm-none-eabi/lib/thumb/v7e-m/fpv4-sp/hard/libc_nano.a(lib_a-memmove.o)
                0x0000000008007a76                memmove
 .text._free_r  0x0000000008007aa8       0x9c /media/usr/label/Programmi/Ac6/SystemWorkbench/plugins/fr.ac6.mcu.externaltools.arm-none.linux64_1.16.0.201807130628/tools/compiler/bin/../lib/gcc/arm-none-eabi/7.2.1/../../../../arm-none-eabi/lib/thumb/v7e-m/fpv4-sp/hard/libc_nano.a(lib_a-nano-freer.o)
                0x0000000008007aa8                _free_r
 .text._malloc_r
                0x0000000008007b44       0xb4 /media/usr/label/Programmi/Ac6/SystemWorkbench/plugins/fr.ac6.mcu.externaltools.arm-none.linux64_1.16.0.201807130628/tools/compiler/bin/../lib/gcc/arm-none-eabi/7.2.1/../../../../arm-none-eabi/lib/thumb/v7e-m/fpv4-sp/hard/libc_nano.a(lib_a-nano-mallocr.o)
                0x0000000008007b44                _malloc_r
 .text._realloc_r
                0x0000000008007bf8       0x4c /media/usr/label/Programmi/Ac6/SystemWorkbench/plugins/fr.ac6.mcu.externaltools.arm-none.linux64_1.16.0.201807130628/tools/compiler/bin/../lib/gcc/arm-none-eabi/7.2.1/../../../../arm-none-eabi/lib/thumb/v7e-m/fpv4-sp/hard/libc_nano.a(lib_a-nano-reallocr.o)
                0x0000000008007bf8                _realloc_r
 .text._sbrk_r  0x0000000008007c44       0x20 /media/usr/label/Programmi/Ac6/SystemWorkbench/plugins/fr.ac6.mcu.externaltools.arm-none.linux64_1.16.0.201807130628/tools/compiler/bin/../lib/gcc/arm-none-eabi/7.2.1/../../../../arm-none-eabi/lib/thumb/v7e-m/fpv4-sp/hard/libc_nano.a(lib_a-sbrkr.o)
                0x0000000008007c44                _sbrk_r
 .text.__malloc_lock
                0x0000000008007c64        0x2 /media/usr/label/Programmi/Ac6/SystemWorkbench/plugins/fr.ac6.mcu.externaltools.arm-none.linux64_1.16.0.201807130628/tools/compiler/bin/../lib/gcc/arm-none-eabi/7.2.1/../../../../arm-none-eabi/lib/thumb/v7e-m/fpv4-sp/hard/libc_nano.a(lib_a-mlock.o)
                0x0000000008007c64                __malloc_lock
 .text.__malloc_unlock
                0x0000000008007c66        0x2 /media/usr/label/Programmi/Ac6/SystemWorkbench/plugins/fr.ac6.mcu.externaltools.arm-none.linux64_1.16.0.201807130628/tools/compiler/bin/../lib/gcc/arm-none-eabi/7.2.1/../../../../arm-none-eabi/lib/thumb/v7e-m/fpv4-sp/hard/libc_nano.a(lib_a-mlock.o)
                0x0000000008007c66                __malloc_unlock
 .text._malloc_usable_size_r
                0x0000000008007c68       0x10 /media/usr/label/Programmi/Ac6/SystemWorkbench/plugins/fr.ac6.mcu.externaltools.arm-none.linux64_1.16.0.201807130628/tools/compiler/bin/../lib/gcc/arm-none-eabi/7.2.1/../../../../arm-none-eabi/lib/thumb/v7e-m/fpv4-sp/hard/libc_nano.a(lib_a-nano-msizer.o)
                0x0000000008007c68                _malloc_usable_size_r
 .text._sbrk    0x0000000008007c78       0x1c /media/usr/label/Programmi/Ac6/SystemWorkbench/plugins/fr.ac6.mcu.externaltools.arm-none.linux64_1.16.0.201807130628/tools/compiler/bin/../lib/gcc/arm-none-eabi/7.2.1/../../../../arm-none-eabi/lib/thumb/v7e-m/fpv4-sp/hard/libnosys.a(sbrk.o)
                0x0000000008007c78                _sbrk
 *(.glue_7)
 .glue_7        0x0000000008007c94        0x0 linker stubs
 *(.glue_7t)
 .glue_7t       0x0000000008007c94        0x0 linker stubs
 *(.eh_frame)
 .eh_frame      0x0000000008007c94        0x0 /media/usr/label/Programmi/Ac6/SystemWorkbench/plugins/fr.ac6.mcu.externaltools.arm-none.linux64_1.16.0.201807130628/tools/compiler/bin/../lib/gcc/arm-none-eabi/7.2.1/thumb/v7e-m/fpv4-sp/hard/crtbegin.o
 *(.init)
 .init          0x0000000008007c94        0x4 /media/usr/label/Programmi/Ac6/SystemWorkbench/plugins/fr.ac6.mcu.externaltools.arm-none.linux64_1.16.0.201807130628/tools/compiler/bin/../lib/gcc/arm-none-eabi/7.2.1/thumb/v7e-m/fpv4-sp/hard/crti.o
                0x0000000008007c94                _init
 .init          0x0000000008007c98        0x8 /media/usr/label/Programmi/Ac6/SystemWorkbench/plugins/fr.ac6.mcu.externaltools.arm-none.linux64_1.16.0.201807130628/tools/compiler/bin/../lib/gcc/arm-none-eabi/7.2.1/thumb/v7e-m/fpv4-sp/hard/crtn.o
 *(.fini)
 .fini          0x0000000008007ca0        0x4 /media/usr/label/Programmi/Ac6/SystemWorkbench/plugins/fr.ac6.mcu.externaltools.arm-none.linux64_1.16.0.201807130628/tools/compiler/bin/../lib/gcc/arm-none-eabi/7.2.1/thumb/v7e-m/fpv4-sp/hard/crti.o
                0x0000000008007ca0                _fini
 .fini          0x0000000008007ca4        0x8 /media/usr/label/Programmi/Ac6/SystemWorkbench/plugins/fr.ac6.mcu.externaltools.arm-none.linux64_1.16.0.201807130628/tools/compiler/bin/../lib/gcc/arm-none-eabi/7.2.1/thumb/v7e-m/fpv4-sp/hard/crtn.o
                0x0000000008007cac                . = ALIGN (0x4)
                0x0000000008007cac                _etext = .

.vfp11_veneer   0x0000000008007cac        0x0
 .vfp11_veneer  0x0000000008007cac        0x0 linker stubs

.v4_bx          0x0000000008007cac        0x0
 .v4_bx         0x0000000008007cac        0x0 linker stubs

.iplt           0x0000000008007cac        0x0
 .iplt          0x0000000008007cac        0x0 /media/usr/label/Programmi/Ac6/SystemWorkbench/plugins/fr.ac6.mcu.externaltools.arm-none.linux64_1.16.0.201807130628/tools/compiler/bin/../lib/gcc/arm-none-eabi/7.2.1/thumb/v7e-m/fpv4-sp/hard/crtbegin.o

.rodata         0x0000000008007cac      0x31c
                0x0000000008007cac                . = ALIGN (0x4)
 *(.rodata)
 .rodata        0x0000000008007cac        0x8 Drivers/STM32F4xx_HAL_Driver/Src/stm32f4xx_hal_dma.o
 .rodata        0x0000000008007cb4       0x80 Middlewares/Third_Party/FatFs/src/ff.o
 .rodata        0x0000000008007d34      0x100 Src/main.o
 .rodata        0x0000000008007e34       0x14 Src/sd_diskio.o
                0x0000000008007e34                SD_Driver
 .rodata        0x0000000008007e48       0x18 Src/system_stm32f4xx.o
                0x0000000008007e48                AHBPrescTable
                0x0000000008007e58                APBPrescTable
 *(.rodata*)
 .rodata.str1.4
                0x0000000008007e60       0x44 Middlewares/Third_Party/FatFs/src/ff.o
 .rodata.str1.4
                0x0000000008007ea4       0xd1 Src/main.o
                                         0xd5 (size before relaxing)
 *fill*         0x0000000008007f75        0x3 
 .rodata.str1.4
                0x0000000008007f78       0x1c Src/stm32f4xx_hal_msp.o
                                         0x1b (size before relaxing)
 .rodata._svfprintf_r.str1.1
                0x0000000008007f94       0x11 /media/usr/label/Programmi/Ac6/SystemWorkbench/plugins/fr.ac6.mcu.externaltools.arm-none.linux64_1.16.0.201807130628/tools/compiler/bin/../lib/gcc/arm-none-eabi/7.2.1/../../../../arm-none-eabi/lib/thumb/v7e-m/fpv4-sp/hard/libc_nano.a(lib_a-nano-svfprintf.o)
 .rodata._printf_i.str1.1
                0x0000000008007fa5       0x22 /media/usr/label/Programmi/Ac6/SystemWorkbench/plugins/fr.ac6.mcu.externaltools.arm-none.linux64_1.16.0.201807130628/tools/compiler/bin/../lib/gcc/arm-none-eabi/7.2.1/../../../../arm-none-eabi/lib/thumb/v7e-m/fpv4-sp/hard/libc_nano.a(lib_a-nano-vfprintf_i.o)
                0x0000000008007fc8                . = ALIGN (0x4)
 *fill*         0x0000000008007fc7        0x1 

.ARM.extab
 *(.ARM.extab* .gnu.linkonce.armextab.*)

.ARM            0x0000000008007fc8        0x8
                0x0000000008007fc8                __exidx_start = .
 *(.ARM.exidx*)
 .ARM.exidx     0x0000000008007fc8        0x8 /media/usr/label/Programmi/Ac6/SystemWorkbench/plugins/fr.ac6.mcu.externaltools.arm-none.linux64_1.16.0.201807130628/tools/compiler/bin/../lib/gcc/arm-none-eabi/7.2.1/thumb/v7e-m/fpv4-sp/hard/libgcc.a(_udivmoddi4.o)
                0x0000000008007fd0                __exidx_end = .

.rel.dyn        0x0000000008007fd0        0x0
 .rel.iplt      0x0000000008007fd0        0x0 /media/usr/label/Programmi/Ac6/SystemWorkbench/plugins/fr.ac6.mcu.externaltools.arm-none.linux64_1.16.0.201807130628/tools/compiler/bin/../lib/gcc/arm-none-eabi/7.2.1/thumb/v7e-m/fpv4-sp/hard/crtbegin.o

.preinit_array  0x0000000008007fd0        0x0
                0x0000000008007fd0                PROVIDE (__preinit_array_start, .)
 *(.preinit_array*)
                0x0000000008007fd0                PROVIDE (__preinit_array_end, .)

.init_array     0x0000000008007fd0        0x4
                0x0000000008007fd0                PROVIDE (__init_array_start, .)
 *(SORT_BY_NAME(.init_array.*))
 *(.init_array*)
 .init_array    0x0000000008007fd0        0x4 /media/usr/label/Programmi/Ac6/SystemWorkbench/plugins/fr.ac6.mcu.externaltools.arm-none.linux64_1.16.0.201807130628/tools/compiler/bin/../lib/gcc/arm-none-eabi/7.2.1/thumb/v7e-m/fpv4-sp/hard/crtbegin.o
                0x0000000008007fd4                PROVIDE (__init_array_end, .)

.fini_array     0x0000000008007fd4        0x4
                [!provide]                        PROVIDE (__fini_array_start, .)
 *(SORT_BY_NAME(.fini_array.*))
 *(.fini_array*)
 .fini_array    0x0000000008007fd4        0x4 /media/usr/label/Programmi/Ac6/SystemWorkbench/plugins/fr.ac6.mcu.externaltools.arm-none.linux64_1.16.0.201807130628/tools/compiler/bin/../lib/gcc/arm-none-eabi/7.2.1/thumb/v7e-m/fpv4-sp/hard/crtbegin.o
                [!provide]                        PROVIDE (__fini_array_end, .)
                0x0000000008007fd8                _sidata = LOADADDR (.data)

.data           0x0000000020000000      0x274 load address 0x0000000008007fd8
                0x0000000020000000                . = ALIGN (0x4)
                0x0000000020000000                _sdata = .
 *(.data)
 .data          0x0000000020000000        0x8 Drivers/STM32F4xx_HAL_Driver/Src/stm32f4xx_hal.o
                0x0000000020000000                uwTickFreq
                0x0000000020000004                uwTickPrio
 .data          0x0000000020000008      0x200 Src/main.o
                0x0000000020000008                filename_1
                0x0000000020000108                filename
 .data          0x0000000020000208        0x1 Src/sd_diskio.o
 *fill*         0x0000000020000209        0x3 
 .data          0x000000002000020c        0x4 Src/system_stm32f4xx.o
                0x000000002000020c                SystemCoreClock
 *(.data*)
 .data._impure_ptr
                0x0000000020000210        0x4 /media/usr/label/Programmi/Ac6/SystemWorkbench/plugins/fr.ac6.mcu.externaltools.arm-none.linux64_1.16.0.201807130628/tools/compiler/bin/../lib/gcc/arm-none-eabi/7.2.1/../../../../arm-none-eabi/lib/thumb/v7e-m/fpv4-sp/hard/libc_nano.a(lib_a-impure.o)
                0x0000000020000210                _impure_ptr
 .data.impure_data
                0x0000000020000214       0x60 /media/usr/label/Programmi/Ac6/SystemWorkbench/plugins/fr.ac6.mcu.externaltools.arm-none.linux64_1.16.0.201807130628/tools/compiler/bin/../lib/gcc/arm-none-eabi/7.2.1/../../../../arm-none-eabi/lib/thumb/v7e-m/fpv4-sp/hard/libc_nano.a(lib_a-impure.o)
                0x0000000020000274                . = ALIGN (0x4)
                0x0000000020000274                _edata = .

.igot.plt       0x0000000020000274        0x0 load address 0x000000000800824c
 .igot.plt      0x0000000020000274        0x0 /media/usr/label/Programmi/Ac6/SystemWorkbench/plugins/fr.ac6.mcu.externaltools.arm-none.linux64_1.16.0.201807130628/tools/compiler/bin/../lib/gcc/arm-none-eabi/7.2.1/thumb/v7e-m/fpv4-sp/hard/crtbegin.o
                0x0000000020000274                . = ALIGN (0x4)

.bss            0x0000000020000274     0x7164 load address 0x000000000800824c
                0x0000000020000274                _sbss = .
                0x0000000020000274                __bss_start__ = _sbss
 *(.bss)
 .bss           0x0000000020000274       0x1c /media/usr/label/Programmi/Ac6/SystemWorkbench/plugins/fr.ac6.mcu.externaltools.arm-none.linux64_1.16.0.201807130628/tools/compiler/bin/../lib/gcc/arm-none-eabi/7.2.1/thumb/v7e-m/fpv4-sp/hard/crtbegin.o
 .bss           0x0000000020000290       0x28 Middlewares/Third_Party/FatFs/src/ff.o
 .bss           0x00000000200002b8        0xc Middlewares/Third_Party/FatFs/src/ff_gen_drv.o
                0x00000000200002b8                disk
 .bss           0x00000000200002c4       0x1c Src/main.o
                0x00000000200002c4                mount_ok
                0x00000000200002c8                msg_counter
                0x00000000200002cc                msg_index
                0x00000000200002d0                cont_rx
                0x00000000200002d4                printable_time
                0x00000000200002d8                time
                0x00000000200002dc                secondsElapsed
 .bss           0x00000000200002e0        0x8 Src/sd_diskio.o
 *(.bss*)
 .bss.__malloc_free_list
                0x00000000200002e8        0x4 /media/usr/label/Programmi/Ac6/SystemWorkbench/plugins/fr.ac6.mcu.externaltools.arm-none.linux64_1.16.0.201807130628/tools/compiler/bin/../lib/gcc/arm-none-eabi/7.2.1/../../../../arm-none-eabi/lib/thumb/v7e-m/fpv4-sp/hard/libc_nano.a(lib_a-nano-mallocr.o)
                0x00000000200002e8                __malloc_free_list
 .bss.__malloc_sbrk_start
                0x00000000200002ec        0x4 /media/usr/label/Programmi/Ac6/SystemWorkbench/plugins/fr.ac6.mcu.externaltools.arm-none.linux64_1.16.0.201807130628/tools/compiler/bin/../lib/gcc/arm-none-eabi/7.2.1/../../../../arm-none-eabi/lib/thumb/v7e-m/fpv4-sp/hard/libc_nano.a(lib_a-nano-mallocr.o)
                0x00000000200002ec                __malloc_sbrk_start
 .bss.heap_end.5377
                0x00000000200002f0        0x4 /media/usr/label/Programmi/Ac6/SystemWorkbench/plugins/fr.ac6.mcu.externaltools.arm-none.linux64_1.16.0.201807130628/tools/compiler/bin/../lib/gcc/arm-none-eabi/7.2.1/../../../../arm-none-eabi/lib/thumb/v7e-m/fpv4-sp/hard/libnosys.a(sbrk.o)
 *(COMMON)
 COMMON         0x00000000200002f4        0x4 Drivers/STM32F4xx_HAL_Driver/Src/stm32f4xx_hal.o
                0x00000000200002f4                uwTick
 COMMON         0x00000000200002f8      0x468 Src/fatfs.o
                0x00000000200002f8                retSD
                0x00000000200002fc                SDPath
                0x0000000020000300                SDFile
                0x0000000020000530                SDFatFS
 COMMON         0x0000000020000760     0x6c74 Src/main.o
                0x0000000020000760                hdma_sdio_rx
                0x00000000200007c0                txt
                0x0000000020000824                huart3
                0x0000000020000864                byteswritten
                0x0000000020000868                message
                0x0000000020000968                messagesToWrite
                0x0000000020006d68                sFilter
                0x0000000020006d90                loggingFile
                0x0000000020006fc0                log_names_f
                0x00000000200071f0                hdma_sdio_tx
                0x0000000020007250                htim6
                0x000000002000728c                delta
                0x0000000020007290                hsd
                0x0000000020007314                huart2
                0x0000000020007354                hcan1
                0x000000002000737c                RxHeader
                0x0000000020007398                htim7
 COMMON         0x00000000200073d4        0x4 /media/usr/label/Programmi/Ac6/SystemWorkbench/plugins/fr.ac6.mcu.externaltools.arm-none.linux64_1.16.0.201807130628/tools/compiler/bin/../lib/gcc/arm-none-eabi/7.2.1/../../../../arm-none-eabi/lib/thumb/v7e-m/fpv4-sp/hard/libc_nano.a(lib_a-reent.o)
                0x00000000200073d4                errno
                0x00000000200073d8                . = ALIGN (0x4)
                0x00000000200073d8                _ebss = .
                0x00000000200073d8                __bss_end__ = _ebss

._user_heap_stack
                0x00000000200073d8     0x6000 load address 0x000000000800824c
                0x00000000200073d8                . = ALIGN (0x8)
                0x00000000200073d8                PROVIDE (end, .)
                [!provide]                        PROVIDE (_end, .)
                0x00000000200093d8                . = (. + _Min_Heap_Size)
 *fill*         0x00000000200073d8     0x2000 
                0x000000002000d3d8                . = (. + _Min_Stack_Size)
 *fill*         0x00000000200093d8     0x4000 
                0x000000002000d3d8                . = ALIGN (0x8)

/DISCARD/
 libc.a(*)
 libm.a(*)
 libgcc.a(*)

.ARM.attributes
                0x0000000000000000       0x30
 *(.ARM.attributes)
 .ARM.attributes
                0x0000000000000000       0x22 /media/usr/label/Programmi/Ac6/SystemWorkbench/plugins/fr.ac6.mcu.externaltools.arm-none.linux64_1.16.0.201807130628/tools/compiler/bin/../lib/gcc/arm-none-eabi/7.2.1/thumb/v7e-m/fpv4-sp/hard/crti.o
 .ARM.attributes
                0x0000000000000022       0x34 /media/usr/label/Programmi/Ac6/SystemWorkbench/plugins/fr.ac6.mcu.externaltools.arm-none.linux64_1.16.0.201807130628/tools/compiler/bin/../lib/gcc/arm-none-eabi/7.2.1/thumb/v7e-m/fpv4-sp/hard/crtbegin.o
 .ARM.attributes
                0x0000000000000056       0x39 Drivers/STM32F4xx_HAL_Driver/Src/stm32f4xx_hal.o
 .ARM.attributes
                0x000000000000008f       0x39 Drivers/STM32F4xx_HAL_Driver/Src/stm32f4xx_hal_can.o
 .ARM.attributes
                0x00000000000000c8       0x39 Drivers/STM32F4xx_HAL_Driver/Src/stm32f4xx_hal_cortex.o
 .ARM.attributes
                0x0000000000000101       0x39 Drivers/STM32F4xx_HAL_Driver/Src/stm32f4xx_hal_dma.o
 .ARM.attributes
                0x000000000000013a       0x39 Drivers/STM32F4xx_HAL_Driver/Src/stm32f4xx_hal_gpio.o
 .ARM.attributes
                0x0000000000000173       0x39 Drivers/STM32F4xx_HAL_Driver/Src/stm32f4xx_hal_rcc.o
 .ARM.attributes
                0x00000000000001ac       0x39 Drivers/STM32F4xx_HAL_Driver/Src/stm32f4xx_hal_rcc_ex.o
 .ARM.attributes
                0x00000000000001e5       0x39 Drivers/STM32F4xx_HAL_Driver/Src/stm32f4xx_hal_sd.o
 .ARM.attributes
                0x000000000000021e       0x39 Drivers/STM32F4xx_HAL_Driver/Src/stm32f4xx_hal_tim.o
 .ARM.attributes
                0x0000000000000257       0x39 Drivers/STM32F4xx_HAL_Driver/Src/stm32f4xx_hal_tim_ex.o
 .ARM.attributes
                0x0000000000000290       0x39 Drivers/STM32F4xx_HAL_Driver/Src/stm32f4xx_hal_uart.o
 .ARM.attributes
                0x00000000000002c9       0x39 Drivers/STM32F4xx_HAL_Driver/Src/stm32f4xx_ll_sdmmc.o
 .ARM.attributes
                0x0000000000000302       0x39 Middlewares/Third_Party/FatFs/src/diskio.o
 .ARM.attributes
                0x000000000000033b       0x39 Middlewares/Third_Party/FatFs/src/ff.o
 .ARM.attributes
                0x0000000000000374       0x39 Middlewares/Third_Party/FatFs/src/ff_gen_drv.o
 .ARM.attributes
                0x00000000000003ad       0x39 Src/bsp_driver_sd.o
 .ARM.attributes
                0x00000000000003e6       0x39 Src/fatfs.o
 .ARM.attributes
                0x000000000000041f       0x39 Src/main.o
 .ARM.attributes
                0x0000000000000458       0x39 Src/sd_diskio.o
 .ARM.attributes
                0x0000000000000491       0x39 Src/stm32f4xx_hal_msp.o
 .ARM.attributes
                0x00000000000004ca       0x39 Src/stm32f4xx_it.o
 .ARM.attributes
                0x0000000000000503       0x39 Src/system_stm32f4xx.o
 .ARM.attributes
                0x000000000000053c       0x21 startup/startup_stm32f446xx.o
 .ARM.attributes
                0x000000000000055d       0x22 /media/usr/label/Programmi/Ac6/SystemWorkbench/plugins/fr.ac6.mcu.externaltools.arm-none.linux64_1.16.0.201807130628/tools/compiler/bin/../lib/gcc/arm-none-eabi/7.2.1/thumb/v7e-m/fpv4-sp/hard/libgcc.a(_aeabi_uldivmod.o)
 .ARM.attributes
                0x000000000000057f       0x34 /media/usr/label/Programmi/Ac6/SystemWorkbench/plugins/fr.ac6.mcu.externaltools.arm-none.linux64_1.16.0.201807130628/tools/compiler/bin/../lib/gcc/arm-none-eabi/7.2.1/thumb/v7e-m/fpv4-sp/hard/libgcc.a(_udivmoddi4.o)
 .ARM.attributes
                0x00000000000005b3       0x22 /media/usr/label/Programmi/Ac6/SystemWorkbench/plugins/fr.ac6.mcu.externaltools.arm-none.linux64_1.16.0.201807130628/tools/compiler/bin/../lib/gcc/arm-none-eabi/7.2.1/thumb/v7e-m/fpv4-sp/hard/libgcc.a(_dvmd_tls.o)
 .ARM.attributes
                0x00000000000005d5       0x34 /media/usr/label/Programmi/Ac6/SystemWorkbench/plugins/fr.ac6.mcu.externaltools.arm-none.linux64_1.16.0.201807130628/tools/compiler/bin/../lib/gcc/arm-none-eabi/7.2.1/../../../../arm-none-eabi/lib/thumb/v7e-m/fpv4-sp/hard/libc_nano.a(lib_a-impure.o)
 .ARM.attributes
                0x0000000000000609       0x34 /media/usr/label/Programmi/Ac6/SystemWorkbench/plugins/fr.ac6.mcu.externaltools.arm-none.linux64_1.16.0.201807130628/tools/compiler/bin/../lib/gcc/arm-none-eabi/7.2.1/../../../../arm-none-eabi/lib/thumb/v7e-m/fpv4-sp/hard/libc_nano.a(lib_a-init.o)
 .ARM.attributes
                0x000000000000063d       0x34 /media/usr/label/Programmi/Ac6/SystemWorkbench/plugins/fr.ac6.mcu.externaltools.arm-none.linux64_1.16.0.201807130628/tools/compiler/bin/../lib/gcc/arm-none-eabi/7.2.1/../../../../arm-none-eabi/lib/thumb/v7e-m/fpv4-sp/hard/libc_nano.a(lib_a-memset.o)
 .ARM.attributes
                0x0000000000000671       0x34 /media/usr/label/Programmi/Ac6/SystemWorkbench/plugins/fr.ac6.mcu.externaltools.arm-none.linux64_1.16.0.201807130628/tools/compiler/bin/../lib/gcc/arm-none-eabi/7.2.1/../../../../arm-none-eabi/lib/thumb/v7e-m/fpv4-sp/hard/libc_nano.a(lib_a-sprintf.o)
 .ARM.attributes
                0x00000000000006a5       0x1b /media/usr/label/Programmi/Ac6/SystemWorkbench/plugins/fr.ac6.mcu.externaltools.arm-none.linux64_1.16.0.201807130628/tools/compiler/bin/../lib/gcc/arm-none-eabi/7.2.1/../../../../arm-none-eabi/lib/thumb/v7e-m/fpv4-sp/hard/libc_nano.a(lib_a-strlen.o)
 .ARM.attributes
                0x00000000000006c0       0x34 /media/usr/label/Programmi/Ac6/SystemWorkbench/plugins/fr.ac6.mcu.externaltools.arm-none.linux64_1.16.0.201807130628/tools/compiler/bin/../lib/gcc/arm-none-eabi/7.2.1/../../../../arm-none-eabi/lib/thumb/v7e-m/fpv4-sp/hard/libc_nano.a(lib_a-strstr.o)
 .ARM.attributes
                0x00000000000006f4       0x34 /media/usr/label/Programmi/Ac6/SystemWorkbench/plugins/fr.ac6.mcu.externaltools.arm-none.linux64_1.16.0.201807130628/tools/compiler/bin/../lib/gcc/arm-none-eabi/7.2.1/../../../../arm-none-eabi/lib/thumb/v7e-m/fpv4-sp/hard/libc_nano.a(lib_a-nano-svfprintf.o)
 .ARM.attributes
                0x0000000000000728       0x34 /media/usr/label/Programmi/Ac6/SystemWorkbench/plugins/fr.ac6.mcu.externaltools.arm-none.linux64_1.16.0.201807130628/tools/compiler/bin/../lib/gcc/arm-none-eabi/7.2.1/../../../../arm-none-eabi/lib/thumb/v7e-m/fpv4-sp/hard/libc_nano.a(lib_a-nano-vfprintf_i.o)
 .ARM.attributes
                0x000000000000075c       0x20 /media/usr/label/Programmi/Ac6/SystemWorkbench/plugins/fr.ac6.mcu.externaltools.arm-none.linux64_1.16.0.201807130628/tools/compiler/bin/../lib/gcc/arm-none-eabi/7.2.1/../../../../arm-none-eabi/lib/thumb/v7e-m/fpv4-sp/hard/libc_nano.a(lib_a-memchr.o)
 .ARM.attributes
                0x000000000000077c       0x34 /media/usr/label/Programmi/Ac6/SystemWorkbench/plugins/fr.ac6.mcu.externaltools.arm-none.linux64_1.16.0.201807130628/tools/compiler/bin/../lib/gcc/arm-none-eabi/7.2.1/../../../../arm-none-eabi/lib/thumb/v7e-m/fpv4-sp/hard/libc_nano.a(lib_a-memcpy-stub.o)
 .ARM.attributes
                0x00000000000007b0       0x34 /media/usr/label/Programmi/Ac6/SystemWorkbench/plugins/fr.ac6.mcu.externaltools.arm-none.linux64_1.16.0.201807130628/tools/compiler/bin/../lib/gcc/arm-none-eabi/7.2.1/../../../../arm-none-eabi/lib/thumb/v7e-m/fpv4-sp/hard/libc_nano.a(lib_a-memmove.o)
 .ARM.attributes
                0x00000000000007e4       0x34 /media/usr/label/Programmi/Ac6/SystemWorkbench/plugins/fr.ac6.mcu.externaltools.arm-none.linux64_1.16.0.201807130628/tools/compiler/bin/../lib/gcc/arm-none-eabi/7.2.1/../../../../arm-none-eabi/lib/thumb/v7e-m/fpv4-sp/hard/libc_nano.a(lib_a-nano-freer.o)
 .ARM.attributes
                0x0000000000000818       0x34 /media/usr/label/Programmi/Ac6/SystemWorkbench/plugins/fr.ac6.mcu.externaltools.arm-none.linux64_1.16.0.201807130628/tools/compiler/bin/../lib/gcc/arm-none-eabi/7.2.1/../../../../arm-none-eabi/lib/thumb/v7e-m/fpv4-sp/hard/libc_nano.a(lib_a-nano-mallocr.o)
 .ARM.attributes
                0x000000000000084c       0x34 /media/usr/label/Programmi/Ac6/SystemWorkbench/plugins/fr.ac6.mcu.externaltools.arm-none.linux64_1.16.0.201807130628/tools/compiler/bin/../lib/gcc/arm-none-eabi/7.2.1/../../../../arm-none-eabi/lib/thumb/v7e-m/fpv4-sp/hard/libc_nano.a(lib_a-nano-reallocr.o)
 .ARM.attributes
                0x0000000000000880       0x34 /media/usr/label/Programmi/Ac6/SystemWorkbench/plugins/fr.ac6.mcu.externaltools.arm-none.linux64_1.16.0.201807130628/tools/compiler/bin/../lib/gcc/arm-none-eabi/7.2.1/../../../../arm-none-eabi/lib/thumb/v7e-m/fpv4-sp/hard/libc_nano.a(lib_a-sbrkr.o)
 .ARM.attributes
                0x00000000000008b4       0x34 /media/usr/label/Programmi/Ac6/SystemWorkbench/plugins/fr.ac6.mcu.externaltools.arm-none.linux64_1.16.0.201807130628/tools/compiler/bin/../lib/gcc/arm-none-eabi/7.2.1/../../../../arm-none-eabi/lib/thumb/v7e-m/fpv4-sp/hard/libc_nano.a(lib_a-mlock.o)
 .ARM.attributes
                0x00000000000008e8       0x34 /media/usr/label/Programmi/Ac6/SystemWorkbench/plugins/fr.ac6.mcu.externaltools.arm-none.linux64_1.16.0.201807130628/tools/compiler/bin/../lib/gcc/arm-none-eabi/7.2.1/../../../../arm-none-eabi/lib/thumb/v7e-m/fpv4-sp/hard/libc_nano.a(lib_a-nano-msizer.o)
 .ARM.attributes
                0x000000000000091c       0x34 /media/usr/label/Programmi/Ac6/SystemWorkbench/plugins/fr.ac6.mcu.externaltools.arm-none.linux64_1.16.0.201807130628/tools/compiler/bin/../lib/gcc/arm-none-eabi/7.2.1/../../../../arm-none-eabi/lib/thumb/v7e-m/fpv4-sp/hard/libc_nano.a(lib_a-reent.o)
 .ARM.attributes
                0x0000000000000950       0x34 /media/usr/label/Programmi/Ac6/SystemWorkbench/plugins/fr.ac6.mcu.externaltools.arm-none.linux64_1.16.0.201807130628/tools/compiler/bin/../lib/gcc/arm-none-eabi/7.2.1/../../../../arm-none-eabi/lib/thumb/v7e-m/fpv4-sp/hard/libnosys.a(sbrk.o)
 .ARM.attributes
                0x0000000000000984       0x22 /media/usr/label/Programmi/Ac6/SystemWorkbench/plugins/fr.ac6.mcu.externaltools.arm-none.linux64_1.16.0.201807130628/tools/compiler/bin/../lib/gcc/arm-none-eabi/7.2.1/thumb/v7e-m/fpv4-sp/hard/crtn.o
OUTPUT(Real_Antenna.elf elf32-littlearm)

.debug_info     0x0000000000000000    0x2d0fa
 .debug_info    0x0000000000000000     0x1253 Drivers/STM32F4xx_HAL_Driver/Src/stm32f4xx_hal.o
 .debug_info    0x0000000000001253     0x1838 Drivers/STM32F4xx_HAL_Driver/Src/stm32f4xx_hal_can.o
 .debug_info    0x0000000000002a8b     0x1771 Drivers/STM32F4xx_HAL_Driver/Src/stm32f4xx_hal_cortex.o
 .debug_info    0x00000000000041fc     0x12e4 Drivers/STM32F4xx_HAL_Driver/Src/stm32f4xx_hal_dma.o
 .debug_info    0x00000000000054e0      0xfe6 Drivers/STM32F4xx_HAL_Driver/Src/stm32f4xx_hal_gpio.o
 .debug_info    0x00000000000064c6     0x12d7 Drivers/STM32F4xx_HAL_Driver/Src/stm32f4xx_hal_rcc.o
 .debug_info    0x000000000000779d     0x1406 Drivers/STM32F4xx_HAL_Driver/Src/stm32f4xx_hal_rcc_ex.o
 .debug_info    0x0000000000008ba3     0x2d39 Drivers/STM32F4xx_HAL_Driver/Src/stm32f4xx_hal_sd.o
 .debug_info    0x000000000000b8dc     0x436c Drivers/STM32F4xx_HAL_Driver/Src/stm32f4xx_hal_tim.o
 .debug_info    0x000000000000fc48     0x1bcc Drivers/STM32F4xx_HAL_Driver/Src/stm32f4xx_hal_tim_ex.o
 .debug_info    0x0000000000011814     0x2265 Drivers/STM32F4xx_HAL_Driver/Src/stm32f4xx_hal_uart.o
 .debug_info    0x0000000000013a79     0x28da Drivers/STM32F4xx_HAL_Driver/Src/stm32f4xx_ll_sdmmc.o
 .debug_info    0x0000000000016353      0xcd7 Middlewares/Third_Party/FatFs/src/diskio.o
 .debug_info    0x000000000001702a     0xa074 Middlewares/Third_Party/FatFs/src/ff.o
 .debug_info    0x000000000002109e      0xdbe Middlewares/Third_Party/FatFs/src/ff_gen_drv.o
 .debug_info    0x0000000000021e5c     0x145f Src/bsp_driver_sd.o
 .debug_info    0x00000000000232bb      0xd62 Src/fatfs.o
 .debug_info    0x000000000002401d     0x3a06 Src/main.o
 .debug_info    0x0000000000027a23     0x1000 Src/sd_diskio.o
 .debug_info    0x0000000000028a23     0x226f Src/stm32f4xx_hal_msp.o
 .debug_info    0x000000000002ac92     0x16e9 Src/stm32f4xx_it.o
 .debug_info    0x000000000002c37b      0xd5d Src/system_stm32f4xx.o
 .debug_info    0x000000000002d0d8       0x22 startup/startup_stm32f446xx.o

.debug_abbrev   0x0000000000000000     0x4a62
 .debug_abbrev  0x0000000000000000      0x347 Drivers/STM32F4xx_HAL_Driver/Src/stm32f4xx_hal.o
 .debug_abbrev  0x0000000000000347      0x3c8 Drivers/STM32F4xx_HAL_Driver/Src/stm32f4xx_hal_can.o
 .debug_abbrev  0x000000000000070f      0x3ce Drivers/STM32F4xx_HAL_Driver/Src/stm32f4xx_hal_cortex.o
 .debug_abbrev  0x0000000000000add      0x3c5 Drivers/STM32F4xx_HAL_Driver/Src/stm32f4xx_hal_dma.o
 .debug_abbrev  0x0000000000000ea2      0x2a5 Drivers/STM32F4xx_HAL_Driver/Src/stm32f4xx_hal_gpio.o
 .debug_abbrev  0x0000000000001147      0x383 Drivers/STM32F4xx_HAL_Driver/Src/stm32f4xx_hal_rcc.o
 .debug_abbrev  0x00000000000014ca      0x2d2 Drivers/STM32F4xx_HAL_Driver/Src/stm32f4xx_hal_rcc_ex.o
 .debug_abbrev  0x000000000000179c      0x404 Drivers/STM32F4xx_HAL_Driver/Src/stm32f4xx_hal_sd.o
 .debug_abbrev  0x0000000000001ba0      0x40c Drivers/STM32F4xx_HAL_Driver/Src/stm32f4xx_hal_tim.o
 .debug_abbrev  0x0000000000001fac      0x386 Drivers/STM32F4xx_HAL_Driver/Src/stm32f4xx_hal_tim_ex.o
 .debug_abbrev  0x0000000000002332      0x3f4 Drivers/STM32F4xx_HAL_Driver/Src/stm32f4xx_hal_uart.o
 .debug_abbrev  0x0000000000002726      0x399 Drivers/STM32F4xx_HAL_Driver/Src/stm32f4xx_ll_sdmmc.o
 .debug_abbrev  0x0000000000002abf      0x278 Middlewares/Third_Party/FatFs/src/diskio.o
 .debug_abbrev  0x0000000000002d37      0x47c Middlewares/Third_Party/FatFs/src/ff.o
 .debug_abbrev  0x00000000000031b3      0x2f0 Middlewares/Third_Party/FatFs/src/ff_gen_drv.o
 .debug_abbrev  0x00000000000034a3      0x392 Src/bsp_driver_sd.o
 .debug_abbrev  0x0000000000003835      0x23f Src/fatfs.o
 .debug_abbrev  0x0000000000003a74      0x492 Src/main.o
 .debug_abbrev  0x0000000000003f06      0x36a Src/sd_diskio.o
 .debug_abbrev  0x0000000000004270      0x312 Src/stm32f4xx_hal_msp.o
 .debug_abbrev  0x0000000000004582      0x2c9 Src/stm32f4xx_it.o
 .debug_abbrev  0x000000000000484b      0x205 Src/system_stm32f4xx.o
 .debug_abbrev  0x0000000000004a50       0x12 startup/startup_stm32f446xx.o

.debug_loc      0x0000000000000000    0x1f836
 .debug_loc     0x0000000000000000      0x10d Drivers/STM32F4xx_HAL_Driver/Src/stm32f4xx_hal.o
 .debug_loc     0x000000000000010d      0xadf Drivers/STM32F4xx_HAL_Driver/Src/stm32f4xx_hal_can.o
 .debug_loc     0x0000000000000bec      0x5c9 Drivers/STM32F4xx_HAL_Driver/Src/stm32f4xx_hal_cortex.o
 .debug_loc     0x00000000000011b5      0x86d Drivers/STM32F4xx_HAL_Driver/Src/stm32f4xx_hal_dma.o
 .debug_loc     0x0000000000001a22      0x4bb Drivers/STM32F4xx_HAL_Driver/Src/stm32f4xx_hal_gpio.o
 .debug_loc     0x0000000000001edd      0x3d0 Drivers/STM32F4xx_HAL_Driver/Src/stm32f4xx_hal_rcc.o
 .debug_loc     0x00000000000022ad      0xc23 Drivers/STM32F4xx_HAL_Driver/Src/stm32f4xx_hal_rcc_ex.o
 .debug_loc     0x0000000000002ed0     0x2176 Drivers/STM32F4xx_HAL_Driver/Src/stm32f4xx_hal_sd.o
 .debug_loc     0x0000000000005046     0x4e8e Drivers/STM32F4xx_HAL_Driver/Src/stm32f4xx_hal_tim.o
 .debug_loc     0x0000000000009ed4      0xdfa Drivers/STM32F4xx_HAL_Driver/Src/stm32f4xx_hal_tim_ex.o
 .debug_loc     0x000000000000acce     0x1661 Drivers/STM32F4xx_HAL_Driver/Src/stm32f4xx_hal_uart.o
 .debug_loc     0x000000000000c32f     0x3482 Drivers/STM32F4xx_HAL_Driver/Src/stm32f4xx_ll_sdmmc.o
 .debug_loc     0x000000000000f7b1      0x1c6 Middlewares/Third_Party/FatFs/src/diskio.o
 .debug_loc     0x000000000000f977     0xed29 Middlewares/Third_Party/FatFs/src/ff.o
 .debug_loc     0x000000000001e6a0      0x471 Middlewares/Third_Party/FatFs/src/ff_gen_drv.o
 .debug_loc     0x000000000001eb11      0x40a Src/bsp_driver_sd.o
 .debug_loc     0x000000000001ef1b      0x284 Src/main.o
 .debug_loc     0x000000000001f19f      0x411 Src/sd_diskio.o
 .debug_loc     0x000000000001f5b0      0x13a Src/stm32f4xx_hal_msp.o
 .debug_loc     0x000000000001f6ea      0x14c Src/system_stm32f4xx.o

.debug_aranges  0x0000000000000000      0xf00
 .debug_aranges
                0x0000000000000000       0xd8 Drivers/STM32F4xx_HAL_Driver/Src/stm32f4xx_hal.o
 .debug_aranges
                0x00000000000000d8       0xc8 Drivers/STM32F4xx_HAL_Driver/Src/stm32f4xx_hal_can.o
 .debug_aranges
                0x00000000000001a0       0xa8 Drivers/STM32F4xx_HAL_Driver/Src/stm32f4xx_hal_cortex.o
 .debug_aranges
                0x0000000000000248       0x78 Drivers/STM32F4xx_HAL_Driver/Src/stm32f4xx_hal_dma.o
 .debug_aranges
                0x00000000000002c0       0x58 Drivers/STM32F4xx_HAL_Driver/Src/stm32f4xx_hal_gpio.o
 .debug_aranges
                0x0000000000000318       0x88 Drivers/STM32F4xx_HAL_Driver/Src/stm32f4xx_hal_rcc.o
 .debug_aranges
                0x00000000000003a0       0x78 Drivers/STM32F4xx_HAL_Driver/Src/stm32f4xx_hal_rcc_ex.o
 .debug_aranges
                0x0000000000000418       0xf8 Drivers/STM32F4xx_HAL_Driver/Src/stm32f4xx_hal_sd.o
 .debug_aranges
                0x0000000000000510      0x230 Drivers/STM32F4xx_HAL_Driver/Src/stm32f4xx_hal_tim.o
 .debug_aranges
                0x0000000000000740       0xe8 Drivers/STM32F4xx_HAL_Driver/Src/stm32f4xx_hal_tim_ex.o
 .debug_aranges
                0x0000000000000828      0x150 Drivers/STM32F4xx_HAL_Driver/Src/stm32f4xx_hal_uart.o
 .debug_aranges
                0x0000000000000978      0x140 Drivers/STM32F4xx_HAL_Driver/Src/stm32f4xx_ll_sdmmc.o
 .debug_aranges
                0x0000000000000ab8       0x48 Middlewares/Third_Party/FatFs/src/diskio.o
 .debug_aranges
                0x0000000000000b00      0x118 Middlewares/Third_Party/FatFs/src/ff.o
 .debug_aranges
                0x0000000000000c18       0x40 Middlewares/Third_Party/FatFs/src/ff_gen_drv.o
 .debug_aranges
                0x0000000000000c58       0xa8 Src/bsp_driver_sd.o
 .debug_aranges
                0x0000000000000d00       0x28 Src/fatfs.o
 .debug_aranges
                0x0000000000000d28       0x60 Src/main.o
 .debug_aranges
                0x0000000000000d88       0x50 Src/sd_diskio.o
 .debug_aranges
                0x0000000000000dd8       0x60 Src/stm32f4xx_hal_msp.o
 .debug_aranges
                0x0000000000000e38       0x78 Src/stm32f4xx_it.o
 .debug_aranges
                0x0000000000000eb0       0x28 Src/system_stm32f4xx.o
 .debug_aranges
                0x0000000000000ed8       0x28 startup/startup_stm32f446xx.o

.debug_ranges   0x0000000000000000     0x4410
 .debug_ranges  0x0000000000000000       0xc8 Drivers/STM32F4xx_HAL_Driver/Src/stm32f4xx_hal.o
 .debug_ranges  0x00000000000000c8       0xd0 Drivers/STM32F4xx_HAL_Driver/Src/stm32f4xx_hal_can.o
 .debug_ranges  0x0000000000000198      0x138 Drivers/STM32F4xx_HAL_Driver/Src/stm32f4xx_hal_cortex.o
 .debug_ranges  0x00000000000002d0      0x120 Drivers/STM32F4xx_HAL_Driver/Src/stm32f4xx_hal_dma.o
 .debug_ranges  0x00000000000003f0       0x68 Drivers/STM32F4xx_HAL_Driver/Src/stm32f4xx_hal_gpio.o
 .debug_ranges  0x0000000000000458      0x100 Drivers/STM32F4xx_HAL_Driver/Src/stm32f4xx_hal_rcc.o
 .debug_ranges  0x0000000000000558       0xb0 Drivers/STM32F4xx_HAL_Driver/Src/stm32f4xx_hal_rcc_ex.o
 .debug_ranges  0x0000000000000608      0x318 Drivers/STM32F4xx_HAL_Driver/Src/stm32f4xx_hal_sd.o
 .debug_ranges  0x0000000000000920      0x698 Drivers/STM32F4xx_HAL_Driver/Src/stm32f4xx_hal_tim.o
 .debug_ranges  0x0000000000000fb8       0xd8 Drivers/STM32F4xx_HAL_Driver/Src/stm32f4xx_hal_tim_ex.o
 .debug_ranges  0x0000000000001090      0x350 Drivers/STM32F4xx_HAL_Driver/Src/stm32f4xx_hal_uart.o
 .debug_ranges  0x00000000000013e0      0xbd8 Drivers/STM32F4xx_HAL_Driver/Src/stm32f4xx_ll_sdmmc.o
 .debug_ranges  0x0000000000001fb8       0x38 Middlewares/Third_Party/FatFs/src/diskio.o
 .debug_ranges  0x0000000000001ff0     0x1f98 Middlewares/Third_Party/FatFs/src/ff.o
 .debug_ranges  0x0000000000003f88       0x68 Middlewares/Third_Party/FatFs/src/ff_gen_drv.o
 .debug_ranges  0x0000000000003ff0       0x98 Src/bsp_driver_sd.o
 .debug_ranges  0x0000000000004088       0x18 Src/fatfs.o
 .debug_ranges  0x00000000000040a0      0x188 Src/main.o
 .debug_ranges  0x0000000000004228       0x40 Src/sd_diskio.o
 .debug_ranges  0x0000000000004268      0x108 Src/stm32f4xx_hal_msp.o
 .debug_ranges  0x0000000000004370       0x68 Src/stm32f4xx_it.o
 .debug_ranges  0x00000000000043d8       0x18 Src/system_stm32f4xx.o
 .debug_ranges  0x00000000000043f0       0x20 startup/startup_stm32f446xx.o

.debug_macro    0x0000000000000000    0x26034
 .debug_macro   0x0000000000000000      0x3a9 Drivers/STM32F4xx_HAL_Driver/Src/stm32f4xx_hal.o
 .debug_macro   0x00000000000003a9      0xa60 Drivers/STM32F4xx_HAL_Driver/Src/stm32f4xx_hal.o
 .debug_macro   0x0000000000000e09       0x10 Drivers/STM32F4xx_HAL_Driver/Src/stm32f4xx_hal.o
 .debug_macro   0x0000000000000e19      0x18c Drivers/STM32F4xx_HAL_Driver/Src/stm32f4xx_hal.o
 .debug_macro   0x0000000000000fa5       0x32 Drivers/STM32F4xx_HAL_Driver/Src/stm32f4xx_hal.o
 .debug_macro   0x0000000000000fd7       0x28 Drivers/STM32F4xx_HAL_Driver/Src/stm32f4xx_hal.o
 .debug_macro   0x0000000000000fff       0x22 Drivers/STM32F4xx_HAL_Driver/Src/stm32f4xx_hal.o
 .debug_macro   0x0000000000001021       0x87 Drivers/STM32F4xx_HAL_Driver/Src/stm32f4xx_hal.o
 .debug_macro   0x00000000000010a8       0x51 Drivers/STM32F4xx_HAL_Driver/Src/stm32f4xx_hal.o
 .debug_macro   0x00000000000010f9       0xef Drivers/STM32F4xx_HAL_Driver/Src/stm32f4xx_hal.o
 .debug_macro   0x00000000000011e8       0x6a Drivers/STM32F4xx_HAL_Driver/Src/stm32f4xx_hal.o
 .debug_macro   0x0000000000001252      0x1df Drivers/STM32F4xx_HAL_Driver/Src/stm32f4xx_hal.o
 .debug_macro   0x0000000000001431       0x35 Drivers/STM32F4xx_HAL_Driver/Src/stm32f4xx_hal.o
 .debug_macro   0x0000000000001466       0x50 Drivers/STM32F4xx_HAL_Driver/Src/stm32f4xx_hal.o
 .debug_macro   0x00000000000014b6      0xe66 Drivers/STM32F4xx_HAL_Driver/Src/stm32f4xx_hal.o
 .debug_macro   0x000000000000231c    0x16607 Drivers/STM32F4xx_HAL_Driver/Src/stm32f4xx_hal.o
 .debug_macro   0x0000000000018923       0x43 Drivers/STM32F4xx_HAL_Driver/Src/stm32f4xx_hal.o
 .debug_macro   0x0000000000018966     0x3535 Drivers/STM32F4xx_HAL_Driver/Src/stm32f4xx_hal.o
 .debug_macro   0x000000000001be9b       0x58 Drivers/STM32F4xx_HAL_Driver/Src/stm32f4xx_hal.o
 .debug_macro   0x000000000001bef3       0x17 Drivers/STM32F4xx_HAL_Driver/Src/stm32f4xx_hal.o
 .debug_macro   0x000000000001bf0a       0x35 Drivers/STM32F4xx_HAL_Driver/Src/stm32f4xx_hal.o
 .debug_macro   0x000000000001bf3f       0x9c Drivers/STM32F4xx_HAL_Driver/Src/stm32f4xx_hal.o
 .debug_macro   0x000000000001bfdb       0x16 Drivers/STM32F4xx_HAL_Driver/Src/stm32f4xx_hal.o
 .debug_macro   0x000000000001bff1       0x97 Drivers/STM32F4xx_HAL_Driver/Src/stm32f4xx_hal.o
 .debug_macro   0x000000000001c088      0x330 Drivers/STM32F4xx_HAL_Driver/Src/stm32f4xx_hal.o
 .debug_macro   0x000000000001c3b8       0xfd Drivers/STM32F4xx_HAL_Driver/Src/stm32f4xx_hal.o
 .debug_macro   0x000000000001c4b5       0x10 Drivers/STM32F4xx_HAL_Driver/Src/stm32f4xx_hal.o
 .debug_macro   0x000000000001c4c5       0x58 Drivers/STM32F4xx_HAL_Driver/Src/stm32f4xx_hal.o
 .debug_macro   0x000000000001c51d       0x1f Drivers/STM32F4xx_HAL_Driver/Src/stm32f4xx_hal.o
 .debug_macro   0x000000000001c53c       0x43 Drivers/STM32F4xx_HAL_Driver/Src/stm32f4xx_hal.o
 .debug_macro   0x000000000001c57f       0x20 Drivers/STM32F4xx_HAL_Driver/Src/stm32f4xx_hal.o
 .debug_macro   0x000000000001c59f      0x18e Drivers/STM32F4xx_HAL_Driver/Src/stm32f4xx_hal.o
 .debug_macro   0x000000000001c72d       0x10 Drivers/STM32F4xx_HAL_Driver/Src/stm32f4xx_hal.o
 .debug_macro   0x000000000001c73d       0x1c Drivers/STM32F4xx_HAL_Driver/Src/stm32f4xx_hal.o
 .debug_macro   0x000000000001c759       0x52 Drivers/STM32F4xx_HAL_Driver/Src/stm32f4xx_hal.o
 .debug_macro   0x000000000001c7ab       0x40 Drivers/STM32F4xx_HAL_Driver/Src/stm32f4xx_hal.o
 .debug_macro   0x000000000001c7eb       0x10 Drivers/STM32F4xx_HAL_Driver/Src/stm32f4xx_hal.o
 .debug_macro   0x000000000001c7fb       0x40 Drivers/STM32F4xx_HAL_Driver/Src/stm32f4xx_hal.o
 .debug_macro   0x000000000001c83b       0xd7 Drivers/STM32F4xx_HAL_Driver/Src/stm32f4xx_hal.o
 .debug_macro   0x000000000001c912       0x1c Drivers/STM32F4xx_HAL_Driver/Src/stm32f4xx_hal.o
 .debug_macro   0x000000000001c92e       0x3d Drivers/STM32F4xx_HAL_Driver/Src/stm32f4xx_hal.o
 .debug_macro   0x000000000001c96b       0x16 Drivers/STM32F4xx_HAL_Driver/Src/stm32f4xx_hal.o
 .debug_macro   0x000000000001c981      0x16f Drivers/STM32F4xx_HAL_Driver/Src/stm32f4xx_hal.o
 .debug_macro   0x000000000001caf0       0x50 Drivers/STM32F4xx_HAL_Driver/Src/stm32f4xx_hal.o
 .debug_macro   0x000000000001cb40      0xc90 Drivers/STM32F4xx_HAL_Driver/Src/stm32f4xx_hal.o
 .debug_macro   0x000000000001d7d0      0xa02 Drivers/STM32F4xx_HAL_Driver/Src/stm32f4xx_hal.o
 .debug_macro   0x000000000001e1d2      0x11e Drivers/STM32F4xx_HAL_Driver/Src/stm32f4xx_hal.o
 .debug_macro   0x000000000001e2f0      0x1a0 Drivers/STM32F4xx_HAL_Driver/Src/stm32f4xx_hal.o
 .debug_macro   0x000000000001e490       0x27 Drivers/STM32F4xx_HAL_Driver/Src/stm32f4xx_hal.o
 .debug_macro   0x000000000001e4b7      0x287 Drivers/STM32F4xx_HAL_Driver/Src/stm32f4xx_hal.o
 .debug_macro   0x000000000001e73e       0x5f Drivers/STM32F4xx_HAL_Driver/Src/stm32f4xx_hal.o
 .debug_macro   0x000000000001e79d      0x23a Drivers/STM32F4xx_HAL_Driver/Src/stm32f4xx_hal.o
 .debug_macro   0x000000000001e9d7      0x3f3 Drivers/STM32F4xx_HAL_Driver/Src/stm32f4xx_hal.o
 .debug_macro   0x000000000001edca      0x13a Drivers/STM32F4xx_HAL_Driver/Src/stm32f4xx_hal.o
 .debug_macro   0x000000000001ef04      0x29c Drivers/STM32F4xx_HAL_Driver/Src/stm32f4xx_hal.o
 .debug_macro   0x000000000001f1a0       0x2e Drivers/STM32F4xx_HAL_Driver/Src/stm32f4xx_hal.o
 .debug_macro   0x000000000001f1ce      0x11e Drivers/STM32F4xx_HAL_Driver/Src/stm32f4xx_hal.o
 .debug_macro   0x000000000001f2ec       0xe8 Drivers/STM32F4xx_HAL_Driver/Src/stm32f4xx_hal.o
 .debug_macro   0x000000000001f3d4       0x89 Drivers/STM32F4xx_HAL_Driver/Src/stm32f4xx_hal.o
 .debug_macro   0x000000000001f45d      0x81b Drivers/STM32F4xx_HAL_Driver/Src/stm32f4xx_hal.o
 .debug_macro   0x000000000001fc78      0x198 Drivers/STM32F4xx_HAL_Driver/Src/stm32f4xx_hal.o
 .debug_macro   0x000000000001fe10      0x6e0 Drivers/STM32F4xx_HAL_Driver/Src/stm32f4xx_hal.o
 .debug_macro   0x00000000000204f0       0x60 Drivers/STM32F4xx_HAL_Driver/Src/stm32f4xx_hal.o
 .debug_macro   0x0000000000020550      0x14d Drivers/STM32F4xx_HAL_Driver/Src/stm32f4xx_hal.o
 .debug_macro   0x000000000002069d      0x287 Drivers/STM32F4xx_HAL_Driver/Src/stm32f4xx_hal.o
 .debug_macro   0x0000000000020924      0x12d Drivers/STM32F4xx_HAL_Driver/Src/stm32f4xx_hal.o
 .debug_macro   0x0000000000020a51      0x351 Drivers/STM32F4xx_HAL_Driver/Src/stm32f4xx_hal_can.o
 .debug_macro   0x0000000000020da2      0x349 Drivers/STM32F4xx_HAL_Driver/Src/stm32f4xx_hal_cortex.o
 .debug_macro   0x00000000000210eb      0x350 Drivers/STM32F4xx_HAL_Driver/Src/stm32f4xx_hal_dma.o
 .debug_macro   0x000000000002143b      0x381 Drivers/STM32F4xx_HAL_Driver/Src/stm32f4xx_hal_gpio.o
 .debug_macro   0x00000000000217bc      0x36d Drivers/STM32F4xx_HAL_Driver/Src/stm32f4xx_hal_rcc.o
 .debug_macro   0x0000000000021b29      0x349 Drivers/STM32F4xx_HAL_Driver/Src/stm32f4xx_hal_rcc_ex.o
 .debug_macro   0x0000000000021e72      0x34a Drivers/STM32F4xx_HAL_Driver/Src/stm32f4xx_hal_sd.o
 .debug_macro   0x00000000000221bc      0x349 Drivers/STM32F4xx_HAL_Driver/Src/stm32f4xx_hal_tim.o
 .debug_macro   0x0000000000022505      0x349 Drivers/STM32F4xx_HAL_Driver/Src/stm32f4xx_hal_tim_ex.o
 .debug_macro   0x000000000002284e      0x34a Drivers/STM32F4xx_HAL_Driver/Src/stm32f4xx_hal_uart.o
 .debug_macro   0x0000000000022b98      0x34a Drivers/STM32F4xx_HAL_Driver/Src/stm32f4xx_ll_sdmmc.o
 .debug_macro   0x0000000000022ee2      0x3cc Middlewares/Third_Party/FatFs/src/diskio.o
 .debug_macro   0x00000000000232ae       0x16 Middlewares/Third_Party/FatFs/src/diskio.o
 .debug_macro   0x00000000000232c4       0x7c Middlewares/Third_Party/FatFs/src/diskio.o
 .debug_macro   0x0000000000023340       0x3a Middlewares/Third_Party/FatFs/src/diskio.o
 .debug_macro   0x000000000002337a       0xe7 Middlewares/Third_Party/FatFs/src/diskio.o
 .debug_macro   0x0000000000023461       0x16 Middlewares/Third_Party/FatFs/src/diskio.o
 .debug_macro   0x0000000000023477       0x35 Middlewares/Third_Party/FatFs/src/diskio.o
 .debug_macro   0x00000000000234ac       0x16 Middlewares/Third_Party/FatFs/src/diskio.o
 .debug_macro   0x00000000000234c2       0x29 Middlewares/Third_Party/FatFs/src/diskio.o
 .debug_macro   0x00000000000234eb       0x12 Middlewares/Third_Party/FatFs/src/diskio.o
 .debug_macro   0x00000000000234fd       0xdb Middlewares/Third_Party/FatFs/src/diskio.o
 .debug_macro   0x00000000000235d8      0x7d3 Middlewares/Third_Party/FatFs/src/ff.o
 .debug_macro   0x0000000000023dab       0x8e Middlewares/Third_Party/FatFs/src/ff.o
 .debug_macro   0x0000000000023e39       0x4c Middlewares/Third_Party/FatFs/src/ff.o
 .debug_macro   0x0000000000023e85      0x3cc Middlewares/Third_Party/FatFs/src/ff_gen_drv.o
 .debug_macro   0x0000000000024251      0x358 Src/bsp_driver_sd.o
 .debug_macro   0x00000000000245a9       0x34 Src/bsp_driver_sd.o
 .debug_macro   0x00000000000245dd      0x3df Src/fatfs.o
 .debug_macro   0x00000000000249bc      0x425 Src/main.o
 .debug_macro   0x0000000000024de1       0x16 Src/main.o
 .debug_macro   0x0000000000024df7       0x10 Src/main.o
 .debug_macro   0x0000000000024e07      0x460 Src/main.o
 .debug_macro   0x0000000000025267      0x3e2 Src/sd_diskio.o
 .debug_macro   0x0000000000025649      0x349 Src/stm32f4xx_hal_msp.o
 .debug_macro   0x0000000000025992      0x353 Src/stm32f4xx_it.o
 .debug_macro   0x0000000000025ce5      0x34f Src/system_stm32f4xx.o

.debug_line     0x0000000000000000    0x14d8c
 .debug_line    0x0000000000000000      0xb0b Drivers/STM32F4xx_HAL_Driver/Src/stm32f4xx_hal.o
 .debug_line    0x0000000000000b0b      0xe40 Drivers/STM32F4xx_HAL_Driver/Src/stm32f4xx_hal_can.o
 .debug_line    0x000000000000194b      0xba5 Drivers/STM32F4xx_HAL_Driver/Src/stm32f4xx_hal_cortex.o
 .debug_line    0x00000000000024f0      0xde8 Drivers/STM32F4xx_HAL_Driver/Src/stm32f4xx_hal_dma.o
 .debug_line    0x00000000000032d8      0xb27 Drivers/STM32F4xx_HAL_Driver/Src/stm32f4xx_hal_gpio.o
 .debug_line    0x0000000000003dff      0xc37 Drivers/STM32F4xx_HAL_Driver/Src/stm32f4xx_hal_rcc.o
 .debug_line    0x0000000000004a36      0xe3c Drivers/STM32F4xx_HAL_Driver/Src/stm32f4xx_hal_rcc_ex.o
 .debug_line    0x0000000000005872     0x1333 Drivers/STM32F4xx_HAL_Driver/Src/stm32f4xx_hal_sd.o
 .debug_line    0x0000000000006ba5     0x1f06 Drivers/STM32F4xx_HAL_Driver/Src/stm32f4xx_hal_tim.o
 .debug_line    0x0000000000008aab      0xe72 Drivers/STM32F4xx_HAL_Driver/Src/stm32f4xx_hal_tim_ex.o
 .debug_line    0x000000000000991d     0x1530 Drivers/STM32F4xx_HAL_Driver/Src/stm32f4xx_hal_uart.o
 .debug_line    0x000000000000ae4d     0x134a Drivers/STM32F4xx_HAL_Driver/Src/stm32f4xx_ll_sdmmc.o
 .debug_line    0x000000000000c197      0xa05 Middlewares/Third_Party/FatFs/src/diskio.o
 .debug_line    0x000000000000cb9c     0x2c9f Middlewares/Third_Party/FatFs/src/ff.o
 .debug_line    0x000000000000f83b      0xa57 Middlewares/Third_Party/FatFs/src/ff_gen_drv.o
 .debug_line    0x0000000000010292      0xa69 Src/bsp_driver_sd.o
 .debug_line    0x0000000000010cfb      0xa20 Src/fatfs.o
 .debug_line    0x000000000001171b      0xcaf Src/main.o
 .debug_line    0x00000000000123ca      0xafd Src/sd_diskio.o
 .debug_line    0x0000000000012ec7      0xafb Src/stm32f4xx_hal_msp.o
 .debug_line    0x00000000000139c2      0x9e9 Src/stm32f4xx_it.o
 .debug_line    0x00000000000143ab      0x962 Src/system_stm32f4xx.o
 .debug_line    0x0000000000014d0d       0x7f startup/startup_stm32f446xx.o

.debug_str      0x0000000000000000    0xd403a
 .debug_str     0x0000000000000000    0xccbcb Drivers/STM32F4xx_HAL_Driver/Src/stm32f4xx_hal.o
                                      0xccff8 (size before relaxing)
 .debug_str     0x00000000000ccbcb      0x7b3 Drivers/STM32F4xx_HAL_Driver/Src/stm32f4xx_hal_can.o